D/MccTable( 3936): updateMccMncConfiguration mccmnc='310260' fromServiceState=true
D/MccTable( 3936): updateMccMncConfiguration defaultMccMnc=
D/MccTable( 3936): updateMccMncConfiguration: mcc=310, mnc=260
D/MccTable( 3936): defaultLanguageForMcc(310): country us uses en
D/MccTable( 3936): getLocaleFromMcc to en_us mcc=310
D/MccTable( 3936): getLocaleForLanguageCountry: not permitted to update locale
D/MccTable( 3936): WIFI_COUNTRY_CODE set to us
I/WifiService( 3674): WifiService trying to set country code to us with persist set to true
E/libprocessgroup( 4200): failed to make and chown /acct/uid_10036: Read-only file system
I/ActivityManager( 3674): Start proc 4200:com.google.android.apps.maps/u0a36 for broadcast com.google.android.apps.maps/com.google.android.apps.gmm.iamhere.ble.StartBleServiceReceiver
D/WifiService( 3674): New client listening to asynchronous messages
D/MccTable( 3936): updateMccMncConfiguration mccmnc='310260' fromServiceState=false
D/MccTable( 3936): updateMccMncConfiguration defaultMccMnc=
D/MccTable( 3936): updateMccMncConfiguration: mcc=310, mnc=260
D/MccTable( 3936): defaultLanguageForMcc(310): country us uses en
D/MccTable( 3936): getLocaleFromMcc to en_us mcc=310
D/MccTable( 3936): getLocaleForLanguageCountry: not permitted to update locale
D/MccTable( 3936): updateMccMncConfiguration updateConfig config={1.0 310mcc260mnc ?locale ?layoutDir ?swdp ?wdp ?hdp ?density ?lsize ?long ?orien ?uimode ?night ?touch ?keyb/?/? ?nav/?}
I/ActivityManager( 3674): Config changes=3 {1.0 310mcc260mnc en_US ?layoutDir sw360dp w360dp h567dp 480dpi nrml port finger -keyb/v/h -nav/h s.5}
D/WifiService( 3674): New client listening to asynchronous messages
D/MccTable( 3936): updateMccMncConfiguration mccmnc='310260' fromServiceState=false
D/MccTable( 3936): updateMccMncConfiguration defaultMccMnc=310260
D/MccTable( 3936): updateMccMncConfiguration: mcc=310, mnc=260
D/MccTable( 3936): defaultLanguageForMcc(310): country us uses en
D/MccTable( 3936): getLocaleFromMcc to en_us mcc=310
D/MccTable( 3936): getLocaleForLanguageCountry: not permitted to update locale
D/MccTable( 3936): updateMccMncConfiguration updateConfig config={1.0 310mcc260mnc ?locale ?layoutDir ?swdp ?wdp ?hdp ?density ?lsize ?long ?orien ?uimode ?night ?touch ?keyb/?/? ?nav/?}
I/BackupRestoreController( 3674): Getting widget state for user: 0
D/MccTable( 3936): updateMccMncConfiguration mccmnc='310260' fromServiceState=false
D/MccTable( 3936): updateMccMncConfiguration defaultMccMnc=310260
D/MccTable( 3936): updateMccMncConfiguration: mcc=310, mnc=260
D/MccTable( 3936): defaultLanguageForMcc(310): country us uses en
D/MccTable( 3936): getLocaleFromMcc to en_us mcc=310
D/MccTable( 3936): getLocaleForLanguageCountry: not permitted to update locale
D/MccTable( 3936): updateMccMncConfiguration updateConfig config={1.0 310mcc260mnc ?locale ?layoutDir ?swdp ?wdp ?hdp ?density ?lsize ?long ?orien ?uimode ?night ?touch ?keyb/?/? ?nav/?}
V/WindowManager( 3674): Based on layer: Adding window Window{1f30e838 u0 com.google.android.googlequicksearchbox/com.google.android.launcher.GEL} at 1 of 7
W/WindowManager( 3674): App freeze timeout expired.
I/BackupManagerService( 3674): Backup pass finished.
W/WindowManager( 3674): Window freeze timeout expired.
W/WindowManager( 3674): Force clearing orientation change: Window{c57c62c u0 NavigationBar}
W/WindowManager( 3674): Force clearing orientation change: Window{398465e8 u0 StatusBar}
W/WindowManager( 3674): Force clearing orientation change: Window{1f30e838 u0 com.google.android.googlequicksearchbox/com.google.android.launcher.GEL}
W/WindowManager( 3674): Force clearing orientation change: Window{1599520 u0 com.android.systemui.ImageWallpaper}
E/libprocessgroup( 4373): failed to make and chown /acct/uid_10004: Read-only file system
I/ActivityManager( 3674): Start proc 4373:com.android.dialer/u0a4 for broadcast com.android.dialer/.calllog.CallLogReceiver
E/libprocessgroup( 4254): failed to make and chown /acct/uid_10037: Read-only file system
I/ActivityManager( 3674): Start proc 4254:com.android.music/u0a37 for broadcast com.android.music/.MediaButtonIntentReceiver
I/SystemServiceManager( 3674): Starting phase 1000
D/ConnectivityService( 3674): Got NetworkFactory Messenger for WIFI
D/ConnectivityService( 3674): Got NetworkFactory Messenger for WIFI_UT
W/KeyguardServiceDelegate( 3674): onScreenTurnedOn(): no keyguard service!
I/ActivityManager( 3674): Start proc 4396:com.android.providers.calendar/u0a1 for broadcast com.android.providers.calendar/.CalendarReceiver
E/libprocessgroup( 4396): failed to make and chown /acct/uid_10001: Read-only file system
E/libprocessgroup( 4272): failed to make and chown /acct/uid_10007: Read-only file system
I/ActivityManager( 3674): Start proc 4272:com.google.android.gms/u0a7 for broadcast com.google.android.gms/.checkin.CheckinServiceTriggerReceiver
W/ResourcesManager( 4396): Asset path '/system/framework/android.test.runner.jar' does not exist or contains no resources.
I/ActivityManager( 3674): Start proc 4421:com.android.managedprovisioning/u0a8 for broadcast com.android.managedprovisioning/.BootReminder
E/libprocessgroup( 4421): failed to make and chown /acct/uid_10008: Read-only file system
W/ResourcesManager( 4272): Asset path '/system/framework/com.android.media.remotedisplay.jar' does not exist or contains no resources.
W/ResourcesManager( 4272): Asset path '/system/framework/com.android.location.provider.jar' does not exist or contains no resources.
I/ActivityManager( 3674): Start proc 4293:android.process.media/u0a5 for content provider com.android.providers.media/.MediaProvider
E/libprocessgroup( 4293): failed to make and chown /acct/uid_10005: Read-only file system
E/libprocessgroup( 4446): failed to make and chown /acct/uid_10009: Read-only file system
I/ActivityManager( 3674): Start proc 4446:com.android.mms/u0a9 for broadcast com.android.mms/.transaction.MmsSystemEventReceiver
D/CountryDetector( 3674): The first listener is added
I/ActivityManager( 3674): Start proc 4488:com.android.settings/1000 for broadcast com.android.settings/.sim.SimBootReceiver
E/libprocessgroup( 4488): failed to make and chown /acct/uid_1000: Read-only file system
W/WindowManager( 3674): Timeout waiting for drawn: undrawn=[Window{398465e8 u0 StatusBar}]
E/libprocessgroup( 4514): failed to make and chown /acct/uid_10018: Read-only file system
I/ActivityManager( 3674): Start proc 4514:com.android.calendar/u0a18 for broadcast com.android.calendar/.alerts.AlertReceiver
W/WindowManager( 3674): Keyguard drawn timeout. Setting mKeyguardDrawComplete
I/ActivityManager( 3674): Start proc 4543:com.android.deskclock/u0a22 for broadcast com.android.deskclock/.AlarmInitReceiver
E/libprocessgroup( 4543): failed to make and chown /acct/uid_10022: Read-only file system
E/libprocessgroup( 4325): failed to make and chown /acct/uid_1000: Read-only file system
I/ActivityManager( 3674): Start proc 4582:com.android.email/u0a26 for broadcast com.android.email/.service.EmailBroadcastReceiver
E/libprocessgroup( 4582): failed to make and chown /acct/uid_10026: Read-only file system
I/ActivityManager( 3674): Start proc 4325:com.android.keychain/1000 for service com.android.keychain/.KeyChainService
E/libprocessgroup( 4614): failed to make and chown /acct/uid_10028: Read-only file system
I/ActivityManager( 3674): Start proc 4614:com.android.exchange/u0a28 for service com.android.exchange/.service.EasService
W/ActivityManager( 3674): Unable to start service Intent { cmp=com.android.email/.service.AttachmentService } U=0: not found
E/libprocessgroup( 4645): failed to make and chown /acct/uid_10007: Read-only file system
I/ActivityManager( 3674): Start proc 4645:com.google.android.gms.ui/u0a7 for service com.google.android.gms/.chimera.UiIntentOperationService
E/libprocessgroup( 4661): failed to make and chown /acct/uid_10060: Read-only file system
I/ActivityManager( 3674): Start proc 4661:com.wandoujia.phoenix2:channel/u0a60 for broadcast com.wandoujia.phoenix2/com.taobao.accs.EventReceiver
E/ActivityThread( 4582): Service com.android.email.service.EmailBroadcastProcessorService has leaked ServiceConnection com.android.emailcommon.service.ServiceProxy$ProxyConnection@2181cf7 that was originally bound here
E/ActivityThread( 4582): android.app.ServiceConnectionLeaked: Service com.android.email.service.EmailBroadcastProcessorService has leaked ServiceConnection com.android.emailcommon.service.ServiceProxy$ProxyConnection@2181cf7 that was originally bound here
E/ActivityThread( 4582): 	at android.app.LoadedApk$ServiceDispatcher.<init>(LoadedApk.java:1077)
E/ActivityThread( 4582): 	at android.app.LoadedApk.getServiceDispatcher(LoadedApk.java:971)
E/ActivityThread( 4582): 	at android.app.ContextImpl.bindServiceCommon(ContextImpl.java:1774)
E/ActivityThread( 4582): 	at android.app.ContextImpl.bindService(ContextImpl.java:1757)
E/ActivityThread( 4582): 	at android.content.ContextWrapper.bindService(ContextWrapper.java:539)
E/ActivityThread( 4582): 	at com.android.emailcommon.service.ServiceProxy.setTask(ServiceProxy.java:181)
E/ActivityThread( 4582): 	at com.android.emailcommon.service.ServiceProxy.test(ServiceProxy.java:224)
E/ActivityThread( 4582): 	at com.android.email.service.EmailServiceUtils.isServiceAvailable(EmailServiceUtils.java:160)
E/ActivityThread( 4582): 	at com.android.email.provider.AccountReconciler.reconcileAccountsInternal(AccountReconciler.java:171)
E/ActivityThread( 4582): 	at com.android.email.provider.AccountReconciler.reconcileAccounts(AccountReconciler.java:115)
E/ActivityThread( 4582): 	at com.android.email.service.EmailBroadcastProcessorService.reconcileAndStartServices(EmailBroadcastProcessorService.java:305)
E/ActivityThread( 4582): 	at com.android.email.service.EmailBroadcastProcessorService.onBootCompleted(EmailBroadcastProcessorService.java:295)
E/ActivityThread( 4582): 	at com.android.email.service.EmailBroadcastProcessorService.onHandleIntent(EmailBroadcastProcessorService.java:130)
E/ActivityThread( 4582): 	at android.app.IntentService$ServiceHandler.handleMessage(IntentService.java:65)
E/ActivityThread( 4582): 	at android.os.Handler.dispatchMessage(Handler.java:102)
E/ActivityThread( 4582): 	at android.os.Looper.loop(Looper.java:135)
E/ActivityThread( 4582): 	at android.os.HandlerThread.run(HandlerThread.java:61)
W/ResourcesManager( 4645): Asset path '/system/framework/com.android.media.remotedisplay.jar' does not exist or contains no resources.
W/ResourcesManager( 4645): Asset path '/system/framework/com.android.location.provider.jar' does not exist or contains no resources.
D/ConnectivityService( 3674): registerNetworkAgent NetworkAgentInfo{ ni{[type: MOBILE[LTE], state: CONNECTED/CONNECTED, reason: connected, extra: epc.tmobile.com, roaming: false, failover: false, isAvailable: true, isConnectedToProvisioningNetwork: false]}  network{null}  lp{{InterfaceName: eth0 LinkAddresses: [10.0.2.15/32,]  Routes: [0.0.0.0/0 -> 10.0.2.2 eth0,] DnsAddresses: [10.0.2.3,10.0.2.4,] Domains: null MTU: 1500 TcpBufferSizes: 524288,1048576,2097152,262144,524288,1048576}}  nc{[ Transports: CELLULAR Capabilities: MMS&SUPL&FOTA&IMS&CBS&IA&INTERNET&NOT_RESTRICTED&TRUSTED&NOT_VPN LinkUpBandwidth>=51200Kbps LinkDnBandwidth>=102400Kbps Specifier: <1>]}  Score{10}  everValidated{false}  lastValidated{false}  created{false}  explicitlySelected{false} }
D/ConnectivityService( 3674): NetworkAgentInfo [MOBILE (LTE) - 100] EVENT_NETWORK_INFO_CHANGED, going from null to CONNECTED
D/ConnectivityService( 3674): Adding iface eth0 to network 100
D/ConnectivityService( 3674): Setting MTU size: eth0, 1500
D/ConnectivityService( 3674): Adding Route [0.0.0.0/0 -> 10.0.2.2 eth0] to network 100
D/ConnectivityService( 3674): Setting Dns servers for network 100 to [/10.0.2.3, /10.0.2.4]
D/ConnectivityService( 3674): notifyType IP_CHANGED for NetworkAgentInfo [MOBILE (LTE) - 100]
D/ConnectivityService( 3674): notifyType PRECHECK for NetworkAgentInfo [MOBILE (LTE) - 100]
W/ActivityManager( 3674): getRunningAppProcesses: caller 10060 does not hold REAL_GET_TASKS; limiting output
D/ConnectivityService( 3674): rematching NetworkAgentInfo [MOBILE (LTE) - 100]
D/ConnectivityService( 3674):    accepting network in place of null
W/ActivityManager( 3674): getRunningAppProcesses: caller 10060 does not hold REAL_GET_TASKS; limiting output
W/ActivityManager( 3674): getTasks: caller 10060 does not hold REAL_GET_TASKS; limiting output
D/ConnectivityService( 3674): Switching to new default network: NetworkAgentInfo{ ni{[type: MOBILE[LTE], state: CONNECTED/CONNECTED, reason: connected, extra: epc.tmobile.com, roaming: false, failover: false, isAvailable: true, isConnectedToProvisioningNetwork: false]}  network{100}  lp{{InterfaceName: eth0 LinkAddresses: [10.0.2.15/32,]  Routes: [0.0.0.0/0 -> 10.0.2.2 eth0,] DnsAddresses: [10.0.2.3,10.0.2.4,] Domains: null MTU: 1500 TcpBufferSizes: 524288,1048576,2097152,262144,524288,1048576}}  nc{[ Transports: CELLULAR Capabilities: MMS&SUPL&FOTA&IMS&CBS&IA&INTERNET&NOT_RESTRICTED&TRUSTED&NOT_VPN LinkUpBandwidth>=51200Kbps LinkDnBandwidth>=102400Kbps Specifier: <1>]}  Score{10}  everValidated{false}  lastValidated{false}  created{true}  explicitlySelected{false} }
W/WindowManager( 3674): Window freeze timeout expired.
W/WindowManager( 3674): Force clearing orientation change: Window{398465e8 u0 StatusBar}
E/ConnectivityService( 3674): Exception in setupDataActivityTracking java.lang.IllegalStateException: command '15 idletimer add eth0 5 0' failed with '400 15 Failed to add interface'
D/ConnectivityService( 3674): Setting tx/rx TCP buffers to 524288,1048576,2097152,262144,524288,1048576
D/ConnectivityService( 3674): notifyType AVAILABLE for NetworkAgentInfo [MOBILE (LTE) - 100]
D/CSLegacyTypeTracker( 3674): Sending connected broadcast for type 0 NetworkAgentInfo [MOBILE (LTE) - 100] isDefaultNetwork=true
D/ConnectivityService( 3674): sendStickyBroadcast: action=android.net.conn.CONNECTIVITY_CHANGE_IMMEDIATE
D/ConnectivityService( 3674): sendStickyBroadcast: action=android.net.conn.CONNECTIVITY_CHANGE
W/ActivityManager( 3674): getRunningAppProcesses: caller 10060 does not hold REAL_GET_TASKS; limiting output
V/BackupManagerService( 3674): Scheduling immediate backup pass
V/BackupManagerService( 3674): Running a backup pass
V/BackupManagerService( 3674): clearing pending backups
D/ConnectivityService( 3674): setProvNotificationVisible: E visible=false networkType=0 action=com.android.internal.telephony.PROVISION0
D/ConnectivityService( 3674): setProvNotificationVisibleIntent: E visible=false networkType=0 extraInfo=null
V/PerformBackupTask( 3674): Beginning backup of 8 targets
I/PerformBackupTask( 3674): Initializing (wiping) backup state and transport storage
D/BackupManagerService( 3674): Now staging backup of com.android.providers.settings
D/BackupManagerService( 3674): Now staging backup of android
D/BackupManagerService( 3674): Now staging backup of com.android.providers.userdictionary
D/BackupManagerService( 3674): Now staging backup of com.android.dialer
D/BackupManagerService( 3674): Now staging backup of com.android.sharedstoragebackup
D/BackupManagerService( 3674): Now staging backup of com.google.android.googlequicksearchbox
D/BackupManagerService( 3674): Now staging backup of com.android.browser
D/BackupManagerService( 3674): Now staging backup of com.android.calendar
D/PerformBackupTask( 3674): invokeAgentForBackup on @pm@
I/PMBA    ( 3674): Previous metadata null mismatch vs 3728910 - rewriting
W/ActivityManager( 3674): getRunningAppProcesses: caller 10060 does not hold REAL_GET_TASKS; limiting output
W/ActivityManager( 3674): getRunningAppProcesses: caller 10060 does not hold REAL_GET_TASKS; limiting output
W/ActivityManager( 3674): getRunningAppProcesses: caller 10060 does not hold REAL_GET_TASKS; limiting output
W/ActivityManager( 3674): getRunningAppProcesses: caller 10060 does not hold REAL_GET_TASKS; limiting output
W/ActivityManager( 3674): getRunningAppProcesses: caller 10060 does not hold REAL_GET_TASKS; limiting output
I/ActivityManager( 3674): Start proc 4733:com.wandoujia.phoenix2/u0a60 for service com.wandoujia.phoenix2/.TaobaoIntentService
E/libprocessgroup( 4733): failed to make and chown /acct/uid_10060: Read-only file system
W/ActivityManager( 3674): Unable to start service Intent { pkg=com.wandoujia.phoenix2 cmp=com.wandoujia.phoenix2/com.taobao.accs.ChannelService$KernelService } U=0: not found
W/ActivityManager( 3674): Unable to start service Intent { act=org.rome.android.IPP_CALL pkg=com.eg.android.AlipayGphone cmp=com.eg.android.AlipayGphone/org.rome.android.ipp.binder.IppService (has extras) } U=0: not found
W/ActivityManager( 3674): getRunningAppProcesses: caller 10060 does not hold REAL_GET_TASKS; limiting output
W/ActivityManager( 3674): getRunningAppProcesses: caller 10060 does not hold REAL_GET_TASKS; limiting output
W/ActivityManager( 3674): getTasks: caller 10060 does not hold REAL_GET_TASKS; limiting output
W/ActivityManager( 3674): getRunningAppProcesses: caller 10060 does not hold REAL_GET_TASKS; limiting output
W/ActivityManager( 3674): getRunningAppProcesses: caller 10060 does not hold REAL_GET_TASKS; limiting output
W/ActivityManager( 3674): getRunningAppProcesses: caller 10060 does not hold REAL_GET_TASKS; limiting output
W/ActivityManager( 3674): getRunningAppProcesses: caller 10060 does not hold REAL_GET_TASKS; limiting output
D/WifiService( 3674): New client listening to asynchronous messages
I/ActivityManager( 3674): Start proc 4832:com.wandoujia.phoenix2.usbproxy/u0a59 for service com.wandoujia.phoenix2.usbproxy/com.wandoujia.phoenix2.services.ConnectionService
E/libprocessgroup( 4832): failed to make and chown /acct/uid_10059: Read-only file system
D/ConnectivityService( 3674): listenForNetwork for NetworkRequest [ id=3, legacyType=-1, [ Capabilities: INTERNET&NOT_RESTRICTED&TRUSTED&NOT_VPN] ]
D/ConnectivityService( 3674): handleRegisterNetworkRequest checking NetworkAgentInfo [MOBILE (LTE) - 100]
D/ConnectivityService( 3674): apparently satisfied.  currentScore=10
E/ActivityThread( 4272): Failed to find provider info for com.google.android.wearable.settings
W/ActivityManager( 3674): getRunningAppProcesses: caller 10060 does not hold REAL_GET_TASKS; limiting output
W/ActivityManager( 3674): getRunningAppProcesses: caller 10060 does not hold REAL_GET_TASKS; limiting output
E/libprocessgroup( 4900): failed to make and chown /acct/uid_10060: Read-only file system
I/ActivityManager( 3674): Start proc 4900:com.wandoujia.phoenix2:update_service/u0a60 for service com.wandoujia.phoenix2/com.wandoujia.update.RemoteUpdateService
W/ActivityManager( 3674): getRunningAppProcesses: caller 10060 does not hold REAL_GET_TASKS; limiting output
W/ActivityManager( 3674): getRunningAppProcesses: caller 10060 does not hold REAL_GET_TASKS; limiting output
W/ActivityManager( 3674): getTasks: caller 10060 does not hold REAL_GET_TASKS; limiting output
D/WifiService( 3674): New client listening to asynchronous messages
W/ActivityManager( 3674): getRunningAppProcesses: caller 10060 does not hold REAL_GET_TASKS; limiting output
W/ActivityManager( 3674): getRunningAppProcesses: caller 10060 does not hold REAL_GET_TASKS; limiting output
W/ActivityManager( 3674): getRunningAppProcesses: caller 10060 does not hold REAL_GET_TASKS; limiting output
W/ActivityManager( 3674): getRunningAppProcesses: caller 10060 does not hold REAL_GET_TASKS; limiting output
W/ActivityManager( 3674): getRunningAppProcesses: caller 10060 does not hold REAL_GET_TASKS; limiting output
W/ActivityManager( 3674): getRunningAppProcesses: caller 10060 does not hold REAL_GET_TASKS; limiting output
W/ActivityManager( 3674): getRunningAppProcesses: caller 10060 does not hold REAL_GET_TASKS; limiting output
W/ActivityManager( 3674): getRunningAppProcesses: caller 10060 does not hold REAL_GET_TASKS; limiting output
W/ActivityManager( 3674): getRunningAppProcesses: caller 10060 does not hold REAL_GET_TASKS; limiting output
E/libprocessgroup( 4981): failed to make and chown /acct/uid_10007: Read-only file system
I/ActivityManager( 3674): Start proc 4981:com.google.android.gms.unstable/u0a7 for service com.google.android.gms/.droidguard.DroidGuardService
W/ResourcesManager( 4981): Asset path '/system/framework/com.android.media.remotedisplay.jar' does not exist or contains no resources.
W/ResourcesManager( 4981): Asset path '/system/framework/com.android.location.provider.jar' does not exist or contains no resources.
W/ActivityManager( 3674): getRunningAppProcesses: caller 10060 does not hold REAL_GET_TASKS; limiting output
W/PackageParser( 4733): Provider exported request ignored due to singleUser: com.android.providers.telephony.TelephonyProvider at /system/priv-app/TelephonyProvider/TelephonyProvider.apk Binary XML file line #32
W/PackageParser( 4733): Provider exported request ignored due to singleUser: com.android.providers.telephony.SmsProvider at /system/priv-app/TelephonyProvider/TelephonyProvider.apk Binary XML file line #41
W/PackageParser( 4733): Provider exported request ignored due to singleUser: com.android.providers.telephony.MmsProvider at /system/priv-app/TelephonyProvider/TelephonyProvider.apk Binary XML file line #52
W/PackageParser( 4733): Provider exported request ignored due to singleUser: com.android.providers.telephony.MmsSmsProvider at /system/priv-app/TelephonyProvider/TelephonyProvider.apk Binary XML file line #66
W/PackageParser( 4733): Provider exported request ignored due to singleUser: com.android.providers.telephony.HbpcdLookupProvider at /system/priv-app/TelephonyProvider/TelephonyProvider.apk Binary XML file line #74
D/WifiService( 3674): New client listening to asynchronous messages
W/PackageParser( 4733): No actions in intent filter at /system/priv-app/Contacts/Contacts.apk Binary XML file line #356
W/PackageParser( 4733): Provider exported request ignored due to singleUser: com.android.providers.settings.SettingsProvider at /system/priv-app/SettingsProvider/SettingsProvider.apk Binary XML file line #15
W/PackageParser( 4733): Unknown element under <intent-filter>: android at /system/priv-app/Telecom/Telecom.apk Binary XML file line #232
W/PackageParser( 4733): No actions in intent filter at /system/priv-app/Dialer/Dialer.apk Binary XML file line #166
W/PackageParser( 4733): No actions in intent filter at /data/app/com.android.gallery3d-1/base.apk Binary XML file line #61
W/PackageParser( 4733): Unknown element under <application>: permission at /data/app/com.android.gallery3d-1/base.apk Binary XML file line #303
W/PackageParser( 4733): Unknown element under <application>: permission at /data/app/com.android.gallery3d-1/base.apk Binary XML file line #306
W/PackageParser( 4733): No actions in intent filter at /data/app/ApiDemos/ApiDemos.apk Binary XML file line #3027
W/PackageParser( 4733): No actions in intent filter at /data/app/ApiDemos/ApiDemos.apk Binary XML file line #3033
W/PackageParser( 4733): Service exported request ignored due to singleUser: com.android.systemui.doze.DozeService at /system/priv-app/SystemUI/SystemUI.apk Binary XML file line #374
E/libprocessgroup( 5054): failed to make and chown /acct/uid_10060: Read-only file system
I/ActivityManager( 3674): Start proc 5054:com.wandoujia.phoenix2:accessibility/u0a60 for content provider com.wandoujia.phoenix2/com.wandoujia.accessibility.content_provider.AccessibilityContentProvider
W/ActivityManager( 3674): getRunningAppProcesses: caller 10060 does not hold REAL_GET_TASKS; limiting output
W/ActivityManager( 3674): getRunningAppProcesses: caller 10060 does not hold REAL_GET_TASKS; limiting output
W/ActivityManager( 3674): getTasks: caller 10060 does not hold REAL_GET_TASKS; limiting output
W/ActivityManager( 3674): getRunningAppProcesses: caller 10060 does not hold REAL_GET_TASKS; limiting output
W/ActivityManager( 3674): getRunningAppProcesses: caller 10060 does not hold REAL_GET_TASKS; limiting output
W/ActivityManager( 3674): getRunningAppProcesses: caller 10060 does not hold REAL_GET_TASKS; limiting output
W/ActivityManager( 3674): getRunningAppProcesses: caller 10060 does not hold REAL_GET_TASKS; limiting output
W/ActivityManager( 3674): getRunningAppProcesses: caller 10060 does not hold REAL_GET_TASKS; limiting output
I/ActivityManager( 3674): Waited long enough for: ServiceRecord{83afce5 u0 com.android.music/.MediaPlaybackService}
W/IntentResolver( 3674): resolveIntent: multiple matches, only some with CATEGORY_DEFAULT
W/IntentResolver( 3674): resolveIntent: multiple matches, only some with CATEGORY_DEFAULT
W/IntentResolver( 3674): resolveIntent: multiple matches, only some with CATEGORY_DEFAULT
W/IntentResolver( 3674): resolveIntent: multiple matches, only some with CATEGORY_DEFAULT
W/IntentResolver( 3674): resolveIntent: multiple matches, only some with CATEGORY_DEFAULT
W/IntentResolver( 3674): resolveIntent: multiple matches, only some with CATEGORY_DEFAULT
W/IntentResolver( 3674): resolveIntent: multiple matches, only some with CATEGORY_DEFAULT
W/IntentResolver( 3674): resolveIntent: multiple matches, only some with CATEGORY_DEFAULT
I/ActivityManager( 3674): Start proc 5108:com.android.gallery3d/u0a63 for broadcast com.android.gallery3d/.app.PackagesMonitor
E/libprocessgroup( 5108): failed to make and chown /acct/uid_10063: Read-only file system
D/BackupManagerService( 3674): Received broadcast Intent { act=android.intent.action.PACKAGE_CHANGED dat=package:com.google.android.gms flg=0x4000010 (has extras) }
I/BackupManagerService( 3674): Unbinding ComponentInfo{com.google.android.gms/com.google.android.gms.backup.BackupTransportService}
I/BackupManagerService( 3674): Binding to transport host ComponentInfo{com.google.android.gms/com.google.android.gms.backup.BackupTransportService}
V/BackupManagerService( 3674): Connected to transport ComponentInfo{com.google.android.gms/com.google.android.gms.backup.BackupTransportService}
V/BackupManagerService( 3674): Registering transport com.google.android.gms/.backup.BackupTransportService::com.google.android.gms/.backup.BackupTransportService = com.android.internal.backup.IBackupTransport$Stub$Proxy@20afca28
V/BackupManagerService( 3674): Scheduling immediate backup pass
V/BackupManagerService( 3674): Running a backup pass
V/BackupManagerService( 3674): clearing pending backups
V/PerformBackupTask( 3674): Beginning backup of 8 targets
I/PerformBackupTask( 3674): Initializing (wiping) backup state and transport storage
D/BackupManagerService( 3674): Now staging backup of com.android.providers.settings
D/BackupManagerService( 3674): Now staging backup of android
D/BackupManagerService( 3674): Now staging backup of com.android.providers.userdictionary
D/BackupManagerService( 3674): Now staging backup of com.android.dialer
D/BackupManagerService( 3674): Now staging backup of com.android.sharedstoragebackup
D/BackupManagerService( 3674): Now staging backup of com.google.android.googlequicksearchbox
D/BackupManagerService( 3674): Now staging backup of com.android.browser
D/BackupManagerService( 3674): Now staging backup of com.android.calendar
D/PerformBackupTask( 3674): invokeAgentForBackup on @pm@
I/PMBA    ( 3674): Previous metadata null mismatch vs 3728910 - rewriting
I/BackupRestoreController( 3674): Getting widget state for user: 0
I/ActivityManager( 3674): Killing 3990:com.android.printspooler/u0a44 (adj 15): empty #17
W/libprocessgroup( 3674): failed to open /acct/uid_10044/pid_3990/cgroup.procs: No such file or directory
I/BackupManagerService( 3674): Backup pass finished.
I/ActivityManager( 3674): Killing 4325:com.android.keychain/1000 (adj 15): empty #17
W/libprocessgroup( 3674): failed to open /acct/uid_1000/pid_4325/cgroup.procs: No such file or directory
D/ConnectivityService( 3674): setProvNotificationVisibleIntent: E visible=false networkType=0 extraInfo=null
D/ConnectivityService( 3674): Validated NetworkAgentInfo [MOBILE (LTE) - 100]
D/ConnectivityService( 3674): rematching NetworkAgentInfo [MOBILE (LTE) - 100]
D/ConnectivityService( 3674): Network NetworkAgentInfo [MOBILE (LTE) - 100] was already satisfying request 1. No change.
D/ConnectivityService( 3674): notifyType AVAILABLE for NetworkAgentInfo [MOBILE (LTE) - 100]
D/ConnectivityService( 3674): sendStickyBroadcast: action=android.net.conn.INET_CONDITION_ACTION
D/ConnectivityService( 3674): reportBadNetwork(NetworkAgentInfo [MOBILE (LTE) - 100]) by 10007
D/ConnectivityService( 3674): setProvNotificationVisibleIntent: E visible=false networkType=0 extraInfo=null
D/ConnectivityService( 3674): Validated NetworkAgentInfo [MOBILE (LTE) - 100]
I/ActivityManager( 3674): Waited long enough for: ServiceRecord{b1b41cb u0 com.android.calendar/.alerts.InitAlarmsService}
I/ActivityManager( 3674): Waited long enough for: ServiceRecord{3ff1d683 u0 com.wandoujia.phoenix2/com.wandoujia.jupiter.update.UpdateService}
D/ConnectivityService( 3674): reportBadNetwork(NetworkAgentInfo [MOBILE (LTE) - 100]) by 10007
D/ConnectivityService( 3674): setProvNotificationVisibleIntent: E visible=false networkType=0 extraInfo=null
D/ConnectivityService( 3674): Validated NetworkAgentInfo [MOBILE (LTE) - 100]
I/ActivityManager( 3674): Killing 4373:com.android.dialer/u0a4 (adj 15): empty #17
W/libprocessgroup( 3674): failed to open /acct/uid_10004/pid_4373/cgroup.procs: No such file or directory
W/ActivityManager( 3674): getRunningAppProcesses: caller 10060 does not hold REAL_GET_TASKS; limiting output
D/ConnectivityService( 3674): reportBadNetwork(NetworkAgentInfo [MOBILE (LTE) - 100]) by 10007
D/ConnectivityService( 3674): setProvNotificationVisibleIntent: E visible=false networkType=0 extraInfo=null
D/ConnectivityService( 3674): Validated NetworkAgentInfo [MOBILE (LTE) - 100]
W/ActivityManager( 3674): Unable to start service Intent { act=APP_CHANGE_ACTION flg=0x4 cmp=com.wandoujia.phoenix2/com.wandoujia.base.services.AlarmService (has extras) } U=0: not found
D/ConnectivityService( 3674): reportBadNetwork(NetworkAgentInfo [MOBILE (LTE) - 100]) by 10007
W/ActivityManager( 3674): getRunningAppProcesses: caller 10060 does not hold REAL_GET_TASKS; limiting output
D/ConnectivityService( 3674): setProvNotificationVisibleIntent: E visible=false networkType=0 extraInfo=null
D/ConnectivityService( 3674): Validated NetworkAgentInfo [MOBILE (LTE) - 100]
I/ActivityManager( 3674): Killing 4254:com.android.music/u0a37 (adj 15): empty #17
W/libprocessgroup( 3674): failed to open /acct/uid_10037/pid_4254/cgroup.procs: No such file or directory
D/ConnectivityService( 3674): reportBadNetwork(NetworkAgentInfo [MOBILE (LTE) - 100]) by 10007
D/ConnectivityService( 3674): setProvNotificationVisibleIntent: E visible=false networkType=0 extraInfo=null
D/ConnectivityService( 3674): sendStickyBroadcast: action=android.net.conn.INET_CONDITION_ACTION
W/IntentResolver( 3674): resolveIntent: multiple matches, only some with CATEGORY_DEFAULT
W/IntentResolver( 3674): resolveIntent: multiple matches, only some with CATEGORY_DEFAULT
W/IntentResolver( 3674): resolveIntent: multiple matches, only some with CATEGORY_DEFAULT
W/IntentResolver( 3674): resolveIntent: multiple matches, only some with CATEGORY_DEFAULT
W/IntentResolver( 3674): resolveIntent: multiple matches, only some with CATEGORY_DEFAULT
W/IntentResolver( 3674): resolveIntent: multiple matches, only some with CATEGORY_DEFAULT
W/IntentResolver( 3674): resolveIntent: multiple matches, only some with CATEGORY_DEFAULT
W/IntentResolver( 3674): resolveIntent: multiple matches, only some with CATEGORY_DEFAULT
D/BackupManagerService( 3674): Received broadcast Intent { act=android.intent.action.PACKAGE_CHANGED dat=package:com.google.android.gms flg=0x4000010 (has extras) }
I/BackupManagerService( 3674): Unbinding ComponentInfo{com.google.android.gms/com.google.android.gms.backup.BackupTransportService}
I/BackupManagerService( 3674): Binding to transport host ComponentInfo{com.google.android.gms/com.google.android.gms.backup.BackupTransportService}
V/BackupManagerService( 3674): Connected to transport ComponentInfo{com.google.android.gms/com.google.android.gms.backup.BackupTransportService}
V/BackupManagerService( 3674): Registering transport com.google.android.gms/.backup.BackupTransportService::com.google.android.gms/.backup.BackupTransportService = com.android.internal.backup.IBackupTransport$Stub$Proxy@26891b62
V/BackupManagerService( 3674): Scheduling immediate backup pass
V/BackupManagerService( 3674): Running a backup pass
V/BackupManagerService( 3674): clearing pending backups
V/PerformBackupTask( 3674): Beginning backup of 8 targets
I/PerformBackupTask( 3674): Initializing (wiping) backup state and transport storage
D/BackupManagerService( 3674): Now staging backup of com.android.providers.settings
D/BackupManagerService( 3674): Now staging backup of android
D/BackupManagerService( 3674): Now staging backup of com.android.providers.userdictionary
D/BackupManagerService( 3674): Now staging backup of com.android.dialer
D/BackupManagerService( 3674): Now staging backup of com.android.sharedstoragebackup
D/BackupManagerService( 3674): Now staging backup of com.google.android.googlequicksearchbox
D/BackupManagerService( 3674): Now staging backup of com.android.browser
D/BackupManagerService( 3674): Now staging backup of com.android.calendar
D/PerformBackupTask( 3674): invokeAgentForBackup on @pm@
I/PMBA    ( 3674): Previous metadata null mismatch vs 3728910 - rewriting
I/BackupRestoreController( 3674): Getting widget state for user: 0
I/BackupManagerService( 3674): Backup pass finished.
W/ActivityManager( 3674): Unable to start service Intent { act=APP_CHANGE_ACTION flg=0x4 cmp=com.wandoujia.phoenix2/com.wandoujia.base.services.AlarmService (has extras) } U=0: not found
E/ActivityThread( 4272): Failed to find provider info for com.google.android.wearable.settings
W/IntentResolver( 3674): resolveIntent: multiple matches, only some with CATEGORY_DEFAULT
W/IntentResolver( 3674): resolveIntent: multiple matches, only some with CATEGORY_DEFAULT
W/IntentResolver( 3674): resolveIntent: multiple matches, only some with CATEGORY_DEFAULT
W/IntentResolver( 3674): resolveIntent: multiple matches, only some with CATEGORY_DEFAULT
W/IntentResolver( 3674): resolveIntent: multiple matches, only some with CATEGORY_DEFAULT
D/BackupManagerService( 3674): Received broadcast Intent { act=android.intent.action.PACKAGE_CHANGED dat=package:com.google.android.gms flg=0x4000010 (has extras) }
I/BackupManagerService( 3674): Unbinding ComponentInfo{com.google.android.gms/com.google.android.gms.backup.BackupTransportService}
W/IntentResolver( 3674): resolveIntent: multiple matches, only some with CATEGORY_DEFAULT
W/IntentResolver( 3674): resolveIntent: multiple matches, only some with CATEGORY_DEFAULT
I/BackupManagerService( 3674): Binding to transport host ComponentInfo{com.google.android.gms/com.google.android.gms.backup.BackupTransportService}
W/IntentResolver( 3674): resolveIntent: multiple matches, only some with CATEGORY_DEFAULT
V/BackupManagerService( 3674): Connected to transport ComponentInfo{com.google.android.gms/com.google.android.gms.backup.BackupTransportService}
V/BackupManagerService( 3674): Registering transport com.google.android.gms/.backup.BackupTransportService::com.google.android.gms/.backup.BackupTransportService = com.android.internal.backup.IBackupTransport$Stub$Proxy@373c84cd
V/BackupManagerService( 3674): Scheduling immediate backup pass
V/BackupManagerService( 3674): Running a backup pass
V/BackupManagerService( 3674): clearing pending backups
V/PerformBackupTask( 3674): Beginning backup of 8 targets
I/PerformBackupTask( 3674): Initializing (wiping) backup state and transport storage
D/BackupManagerService( 3674): Now staging backup of com.android.providers.settings
D/BackupManagerService( 3674): Now staging backup of android
D/BackupManagerService( 3674): Now staging backup of com.android.providers.userdictionary
D/BackupManagerService( 3674): Now staging backup of com.android.dialer
D/BackupManagerService( 3674): Now staging backup of com.android.sharedstoragebackup
D/BackupManagerService( 3674): Now staging backup of com.google.android.googlequicksearchbox
D/BackupManagerService( 3674): Now staging backup of com.android.browser
D/BackupManagerService( 3674): Now staging backup of com.android.calendar
D/PerformBackupTask( 3674): invokeAgentForBackup on @pm@
I/PMBA    ( 3674): Previous metadata null mismatch vs 3728910 - rewriting
I/BackupRestoreController( 3674): Getting widget state for user: 0
I/BackupManagerService( 3674): Backup pass finished.
W/ActivityManager( 3674): Unable to start service Intent { act=APP_CHANGE_ACTION flg=0x4 cmp=com.wandoujia.phoenix2/com.wandoujia.base.services.AlarmService (has extras) } U=0: not found
D/ConnectivityService( 3674): setProvNotificationVisibleIntent: E visible=false networkType=0 extraInfo=null
D/ConnectivityService( 3674): Validated NetworkAgentInfo [MOBILE (LTE) - 100]
D/ConnectivityService( 3674): sendStickyBroadcast: action=android.net.conn.INET_CONDITION_ACTION
W/BatteryStatsImpl( 3674): Couldn't get kernel wake lock stats
D/BackupManagerService( 3674): Received broadcast Intent { act=android.intent.action.PACKAGE_CHANGED dat=package:com.google.android.gms flg=0x4000010 (has extras) }
I/BackupManagerService( 3674): Unbinding ComponentInfo{com.google.android.gms/com.google.android.gms.backup.BackupTransportService}
I/BackupManagerService( 3674): Binding to transport host ComponentInfo{com.google.android.gms/com.google.android.gms.backup.BackupTransportService}
W/IntentResolver( 3674): resolveIntent: multiple matches, only some with CATEGORY_DEFAULT
W/IntentResolver( 3674): resolveIntent: multiple matches, only some with CATEGORY_DEFAULT
V/BackupManagerService( 3674): Connected to transport ComponentInfo{com.google.android.gms/com.google.android.gms.backup.BackupTransportService}
W/IntentResolver( 3674): resolveIntent: multiple matches, only some with CATEGORY_DEFAULT
V/BackupManagerService( 3674): Registering transport com.google.android.gms/.backup.BackupTransportService::com.google.android.gms/.backup.BackupTransportService = com.android.internal.backup.IBackupTransport$Stub$Proxy@89d7c43
W/IntentResolver( 3674): resolveIntent: multiple matches, only some with CATEGORY_DEFAULT
W/IntentResolver( 3674): resolveIntent: multiple matches, only some with CATEGORY_DEFAULT
V/BackupManagerService( 3674): Scheduling immediate backup pass
W/IntentResolver( 3674): resolveIntent: multiple matches, only some with CATEGORY_DEFAULT
V/BackupManagerService( 3674): Running a backup pass
V/BackupManagerService( 3674): clearing pending backups
V/PerformBackupTask( 3674): Beginning backup of 8 targets
I/PerformBackupTask( 3674): Initializing (wiping) backup state and transport storage
W/IntentResolver( 3674): resolveIntent: multiple matches, only some with CATEGORY_DEFAULT
W/IntentResolver( 3674): resolveIntent: multiple matches, only some with CATEGORY_DEFAULT
D/BackupManagerService( 3674): Now staging backup of com.android.providers.settings
D/BackupManagerService( 3674): Now staging backup of android
D/BackupManagerService( 3674): Now staging backup of com.android.providers.userdictionary
D/BackupManagerService( 3674): Now staging backup of com.android.dialer
D/BackupManagerService( 3674): Now staging backup of com.android.sharedstoragebackup
D/BackupManagerService( 3674): Now staging backup of com.google.android.googlequicksearchbox
D/BackupManagerService( 3674): Now staging backup of com.android.browser
D/BackupManagerService( 3674): Now staging backup of com.android.calendar
D/PerformBackupTask( 3674): invokeAgentForBackup on @pm@
I/PMBA    ( 3674): Previous metadata null mismatch vs 3728910 - rewriting
I/BackupRestoreController( 3674): Getting widget state for user: 0
I/BackupManagerService( 3674): Backup pass finished.
E/ActivityThread( 4272): Failed to find provider info for com.google.android.wearable.settings
W/IntentResolver( 3674): resolveIntent: multiple matches, only some with CATEGORY_DEFAULT
W/IntentResolver( 3674): resolveIntent: multiple matches, only some with CATEGORY_DEFAULT
W/IntentResolver( 3674): resolveIntent: multiple matches, only some with CATEGORY_DEFAULT
W/IntentResolver( 3674): resolveIntent: multiple matches, only some with CATEGORY_DEFAULT
W/IntentResolver( 3674): resolveIntent: multiple matches, only some with CATEGORY_DEFAULT
W/IntentResolver( 3674): resolveIntent: multiple matches, only some with CATEGORY_DEFAULT
W/IntentResolver( 3674): resolveIntent: multiple matches, only some with CATEGORY_DEFAULT
W/IntentResolver( 3674): resolveIntent: multiple matches, only some with CATEGORY_DEFAULT
D/BackupManagerService( 3674): Received broadcast Intent { act=android.intent.action.PACKAGE_CHANGED dat=package:com.google.android.gms flg=0x4000010 (has extras) }
I/BackupManagerService( 3674): Unbinding ComponentInfo{com.google.android.gms/com.google.android.gms.backup.BackupTransportService}
I/BackupManagerService( 3674): Binding to transport host ComponentInfo{com.google.android.gms/com.google.android.gms.backup.BackupTransportService}
V/BackupManagerService( 3674): Connected to transport ComponentInfo{com.google.android.gms/com.google.android.gms.backup.BackupTransportService}
V/BackupManagerService( 3674): Registering transport com.google.android.gms/.backup.BackupTransportService::com.google.android.gms/.backup.BackupTransportService = com.android.internal.backup.IBackupTransport$Stub$Proxy@ff4af37
V/BackupManagerService( 3674): Scheduling immediate backup pass
V/BackupManagerService( 3674): Running a backup pass
V/BackupManagerService( 3674): clearing pending backups
V/PerformBackupTask( 3674): Beginning backup of 8 targets
I/PerformBackupTask( 3674): Initializing (wiping) backup state and transport storage
D/BackupManagerService( 3674): Now staging backup of com.android.providers.settings
D/BackupManagerService( 3674): Now staging backup of android
D/BackupManagerService( 3674): Now staging backup of com.android.providers.userdictionary
D/BackupManagerService( 3674): Now staging backup of com.android.dialer
D/BackupManagerService( 3674): Now staging backup of com.android.sharedstoragebackup
D/BackupManagerService( 3674): Now staging backup of com.google.android.googlequicksearchbox
D/BackupManagerService( 3674): Now staging backup of com.android.browser
D/BackupManagerService( 3674): Now staging backup of com.android.calendar
D/PerformBackupTask( 3674): invokeAgentForBackup on @pm@
I/PMBA    ( 3674): Previous metadata null mismatch vs 3728910 - rewriting
I/BackupRestoreController( 3674): Getting widget state for user: 0
I/BackupManagerService( 3674): Backup pass finished.
W/ActivityManager( 3674): Unable to start service Intent { act=APP_CHANGE_ACTION flg=0x4 cmp=com.wandoujia.phoenix2/com.wandoujia.base.services.AlarmService (has extras) } U=0: not found
D/ConnectivityService( 3674): reportBadNetwork(NetworkAgentInfo [MOBILE (LTE) - 100]) by 10007
D/ConnectivityService( 3674): setProvNotificationVisibleIntent: E visible=false networkType=0 extraInfo=null
D/ConnectivityService( 3674): Validated NetworkAgentInfo [MOBILE (LTE) - 100]
I/UsageStatsService( 3674): User[0] Flushing usage stats to disk
D/ConnectivityService( 3674): reportBadNetwork(NetworkAgentInfo [MOBILE (LTE) - 100]) by 10007
D/ConnectivityService( 3674): setProvNotificationVisibleIntent: E visible=false networkType=0 extraInfo=null
D/ConnectivityService( 3674): Validated NetworkAgentInfo [MOBILE (LTE) - 100]
W/IntentResolver( 3674): resolveIntent: multiple matches, only some with CATEGORY_DEFAULT
W/IntentResolver( 3674): resolveIntent: multiple matches, only some with CATEGORY_DEFAULT
W/IntentResolver( 3674): resolveIntent: multiple matches, only some with CATEGORY_DEFAULT
W/IntentResolver( 3674): resolveIntent: multiple matches, only some with CATEGORY_DEFAULT
D/BackupManagerService( 3674): Received broadcast Intent { act=android.intent.action.PACKAGE_CHANGED dat=package:com.google.android.gms flg=0x4000010 (has extras) }
I/BackupManagerService( 3674): Unbinding ComponentInfo{com.google.android.gms/com.google.android.gms.backup.BackupTransportService}
W/IntentResolver( 3674): resolveIntent: multiple matches, only some with CATEGORY_DEFAULT
I/BackupManagerService( 3674): Binding to transport host ComponentInfo{com.google.android.gms/com.google.android.gms.backup.BackupTransportService}
W/IntentResolver( 3674): resolveIntent: multiple matches, only some with CATEGORY_DEFAULT
W/IntentResolver( 3674): resolveIntent: multiple matches, only some with CATEGORY_DEFAULT
W/IntentResolver( 3674): resolveIntent: multiple matches, only some with CATEGORY_DEFAULT
V/BackupManagerService( 3674): Connected to transport ComponentInfo{com.google.android.gms/com.google.android.gms.backup.BackupTransportService}
V/BackupManagerService( 3674): Registering transport com.google.android.gms/.backup.BackupTransportService::com.google.android.gms/.backup.BackupTransportService = com.android.internal.backup.IBackupTransport$Stub$Proxy@2bf063cf
V/BackupManagerService( 3674): Scheduling immediate backup pass
V/BackupManagerService( 3674): Running a backup pass
V/BackupManagerService( 3674): clearing pending backups
V/PerformBackupTask( 3674): Beginning backup of 8 targets
I/PerformBackupTask( 3674): Initializing (wiping) backup state and transport storage
D/BackupManagerService( 3674): Now staging backup of com.android.providers.settings
D/BackupManagerService( 3674): Now staging backup of android
D/BackupManagerService( 3674): Now staging backup of com.android.providers.userdictionary
D/BackupManagerService( 3674): Now staging backup of com.android.dialer
D/BackupManagerService( 3674): Now staging backup of com.android.sharedstoragebackup
D/BackupManagerService( 3674): Now staging backup of com.google.android.googlequicksearchbox
D/BackupManagerService( 3674): Now staging backup of com.android.browser
D/BackupManagerService( 3674): Now staging backup of com.android.calendar
D/PerformBackupTask( 3674): invokeAgentForBackup on @pm@
I/PMBA    ( 3674): Previous metadata null mismatch vs 3728910 - rewriting
I/BackupRestoreController( 3674): Getting widget state for user: 0
I/BackupManagerService( 3674): Backup pass finished.
E/ActivityThread( 4272): Failed to find provider info for com.google.android.wearable.settings
W/IntentResolver( 3674): resolveIntent: multiple matches, only some with CATEGORY_DEFAULT
W/IntentResolver( 3674): resolveIntent: multiple matches, only some with CATEGORY_DEFAULT
W/IntentResolver( 3674): resolveIntent: multiple matches, only some with CATEGORY_DEFAULT
W/IntentResolver( 3674): resolveIntent: multiple matches, only some with CATEGORY_DEFAULT
W/IntentResolver( 3674): resolveIntent: multiple matches, only some with CATEGORY_DEFAULT
W/IntentResolver( 3674): resolveIntent: multiple matches, only some with CATEGORY_DEFAULT
W/IntentResolver( 3674): resolveIntent: multiple matches, only some with CATEGORY_DEFAULT
W/IntentResolver( 3674): resolveIntent: multiple matches, only some with CATEGORY_DEFAULT
D/BackupManagerService( 3674): Received broadcast Intent { act=android.intent.action.PACKAGE_CHANGED dat=package:com.google.android.gms flg=0x4000010 (has extras) }
I/BackupManagerService( 3674): Unbinding ComponentInfo{com.google.android.gms/com.google.android.gms.backup.BackupTransportService}
I/BackupManagerService( 3674): Binding to transport host ComponentInfo{com.google.android.gms/com.google.android.gms.backup.BackupTransportService}
V/BackupManagerService( 3674): Connected to transport ComponentInfo{com.google.android.gms/com.google.android.gms.backup.BackupTransportService}
V/BackupManagerService( 3674): Registering transport com.google.android.gms/.backup.BackupTransportService::com.google.android.gms/.backup.BackupTransportService = com.android.internal.backup.IBackupTransport$Stub$Proxy@9681b05
V/BackupManagerService( 3674): Scheduling immediate backup pass
V/BackupManagerService( 3674): Running a backup pass
V/BackupManagerService( 3674): clearing pending backups
V/PerformBackupTask( 3674): Beginning backup of 8 targets
I/PerformBackupTask( 3674): Initializing (wiping) backup state and transport storage
D/BackupManagerService( 3674): Now staging backup of com.android.providers.settings
D/BackupManagerService( 3674): Now staging backup of android
D/BackupManagerService( 3674): Now staging backup of com.android.providers.userdictionary
D/BackupManagerService( 3674): Now staging backup of com.android.dialer
D/BackupManagerService( 3674): Now staging backup of com.android.sharedstoragebackup
D/BackupManagerService( 3674): Now staging backup of com.google.android.googlequicksearchbox
D/BackupManagerService( 3674): Now staging backup of com.android.browser
D/BackupManagerService( 3674): Now staging backup of com.android.calendar
D/PerformBackupTask( 3674): invokeAgentForBackup on @pm@
I/PMBA    ( 3674): Previous metadata null mismatch vs 3728910 - rewriting
I/BackupRestoreController( 3674): Getting widget state for user: 0
I/BackupManagerService( 3674): Backup pass finished.
W/ActivityManager( 3674): Unable to start service Intent { act=APP_CHANGE_ACTION flg=0x4 cmp=com.wandoujia.phoenix2/com.wandoujia.base.services.AlarmService (has extras) } U=0: not found
D/ConnectivityService( 3674): reportBadNetwork(NetworkAgentInfo [MOBILE (LTE) - 100]) by 10007
D/ConnectivityService( 3674): setProvNotificationVisibleIntent: E visible=false networkType=0 extraInfo=null
D/ConnectivityService( 3674): Validated NetworkAgentInfo [MOBILE (LTE) - 100]
