V/StateManager( 8634): startState class com.android.gallery3d.app.AlbumSetPage
I/art     ( 8634): Background partial concurrent mark sweep GC freed 275(18KB) AllocSpace objects, 0(0B) LOS objects, 47% free, 1148KB/2MB, paused 5.689ms total 62.355ms
V/NFC     ( 8634): this device does not have NFC support
D/Gallery.MultiSetSync( 8634): onSyncDone: Local albums #pending=1
D/Gallery.MultiSetSync( 8634):   request sync: Local albums
D/Gallery.MultiSetSync( 8634): onSyncDone: picasa #pending=0
D/Gallery.MultiSetSync( 8634):   request sync: picasa
D/OpenGLRenderer( 8634): Use EGL_SWAP_BEHAVIOR_PRESERVED: true
D/        ( 8634): HostConnection::get() New Host Connection established 0xb439f2e0, tid 8634
D/Atlas   ( 8634): Validating map...
V/WindowManager( 3674): Adding window Window{36eaf0b1 u0 com.android.gallery3d/com.android.gallery3d.app.GalleryActivity} at 2 of 9 (before Window{3eed703c u0 Starting com.android.gallery3d})
D/        ( 8634): HostConnection::get() New Host Connection established 0xb439f400, tid 8673
I/OpenGLRenderer( 8634): Initialized EGL, version 1.4
W/OpenGLRenderer( 8634): Failed to choose config with EGL_SWAP_BEHAVIOR_PRESERVED, retrying without...
D/OpenGLRenderer( 8634): Enabling debug mode 0
I/Choreographer( 3674): Skipped 34 frames!  The application may be doing too much work on its main thread.
V/WindowManager( 3674): Adding window Window{3f8b5fb3 u0 SurfaceView} at 2 of 10 (before Window{36eaf0b1 u0 com.android.gallery3d/com.android.gallery3d.app.GalleryActivity})
D/        ( 8634): HostConnection::get() New Host Connection established 0xae4b7160, tid 8670
I/ActivityManager( 3674): Displayed com.android.gallery3d/.app.GalleryActivity: +1s103ms
I/GLRootView( 8634): onSurfaceChanged: 1080x1701, gl10: com.google.android.gles_jni.GLImpl@24fc148
I/GLRootView( 8634): layout content pane 1080x1701 (compensation 0)
V/StateManager( 8634): startStateForResult class com.android.gallery3d.app.AlbumPage, 1
D/AlbumPage( 8634): onSyncDone: image result=0
I/GLRootView( 8634): layout content pane 1080x1701 (compensation 0)
V/StateManager( 8634): startStateForResult class com.android.gallery3d.app.SinglePhotoPage, 2
D/FaceManager( 8634): supportedOperations filePath = /storage/sdcard/image/timg4.jpg
D/PhotoPage( 8634): needEditFace = false
I/art     ( 8634): Background sticky concurrent mark sweep GC freed 745(64KB) AllocSpace objects, 1(16KB) LOS objects, 0% free, 8MB/8MB, paused 11.607ms total 43.033ms
D/TaskPersister( 3674): removeObsoleteFile: deleting file=102_task.xml
D/FaceManager( 8634): <detectFace> filePath = /storage/sdcard/image/timg4.jpg
D/FaceManager( 8634): <detectFace> bitmap = 888 820
D/FaceDetection( 8634): scale = 0.2882883
D/FaceDetection( 8634): faceBitmap = 256 236
W/ResourceType( 8634): No package identifier when getting value for resource number 0x00000000
W/PackageManager( 8634): Failure retrieving resources for com.android.mms: Resource ID #0x0
D/FaceDetection( 8634): numberFace = 1
D/FaceDetection( 8634): <handleFace > face: 0 faceRect = [167.0,0.0][693.0,526.0]
D/FaceManager( 8634): <detectFace> UseTime =- 100
D/FaceManager( 8634): <detectFace> faceInfo = timg4_0
I/GLRootView( 8634): layout content pane 1080x1701 (compensation 0)
D/PhotoView( 8634): compensation = 0, CameraRelativeFrame = Rect(0, 0 - 0, 0), mCameraRect = Rect(0, 0 - 0, 0)
D/FaceManager( 8634): drawFaceRect filePath = /storage/sdcard/image/timg4.jpg
D/FaceManager( 8634): <detectFace> filePath = /storage/sdcard/image/timg3.jpg
D/FaceManager( 8634): <detectFace> bitmap = 400 267
D/FaceDetection( 8634): scale = 0.64
D/FaceDetection( 8634): faceBitmap = 256 171
D/FaceDetection( 8634): numberFace = 2
D/FaceDetection( 8634): <handleFace > face: 0 faceRect = [0.0,23.0][200.0,223.0]
D/FaceDetection( 8634): <handleFace > face: 1 faceRect = [200.0,23.0][400.0,223.0]
D/FaceManager( 8634): <detectFace> UseTime =- 81
D/FaceManager( 8634): <detectFace> faceInfo = timg3_0
D/FaceManager( 8634): <detectFace> faceInfo = timg3_1
D/FaceManager( 8634): drawFaceRect filePath = /storage/sdcard/image/timg4.jpg
D/FaceManager( 8634): drawFaceRect filePath = /storage/sdcard/image/timg4.jpg
D/FaceManager( 8634): drawFaceRect filePath = /storage/sdcard/image/timg4.jpg
D/FaceManager( 8634): <detectFace> filePath = /storage/sdcard/image/timg6.jpg
D/FaceManager( 8634): <detectFace> bitmap = 888 888
D/FaceDetection( 8634): scale = 0.2882883
D/FaceDetection( 8634): faceBitmap = 256 256
D/FaceManager( 8634): drawFaceRect filePath = /storage/sdcard/image/timg4.jpg
D/FaceDetection( 8634): numberFace = 0
D/FaceManager( 8634): <detectFace> UseTime =- 82
D/FaceManager( 8634): drawFaceRect filePath = /storage/sdcard/image/timg4.jpg
D/FaceManager( 8634): <detectFace> filePath = /storage/sdcard/image/timg.jpg
D/FaceManager( 8634): <detectFace> bitmap = 592 888
D/FaceDetection( 8634): scale = 0.43243244
D/FaceManager( 8634): drawFaceRect filePath = /storage/sdcard/image/timg4.jpg
D/FaceDetection( 8634): faceBitmap = 256 384
D/FaceManager( 8634): drawFaceRect filePath = /storage/sdcard/image/timg4.jpg
D/FaceManager( 8634): drawFaceRect filePath = /storage/sdcard/image/timg4.jpg
D/FaceManager( 8634): drawFaceRect filePath = /storage/sdcard/image/timg4.jpg
D/FaceDetection( 8634): numberFace = 1
D/FaceDetection( 8634): <handleFace > face: 0 faceRect = [179.0,0.0][515.0,336.0]
D/FaceManager( 8634): <detectFace> UseTime =- 117
D/FaceManager( 8634): <detectFace> faceInfo = timg_0
D/FaceManager( 8634): drawFaceRect filePath = /storage/sdcard/image/timg4.jpg
D/FaceManager( 8634): drawFaceRect filePath = /storage/sdcard/image/timg4.jpg
D/FaceManager( 8634): drawFaceRect filePath = /storage/sdcard/image/timg4.jpg
I/art     ( 8634): Background sticky concurrent mark sweep GC freed 148(15KB) AllocSpace objects, 3(48KB) LOS objects, 1% free, 33MB/33MB, paused 7.111ms total 16.891ms
D/FaceManager( 8634): drawFaceRect filePath = /storage/sdcard/image/timg4.jpg
D/FaceManager( 8634): drawFaceRect filePath = /storage/sdcard/image/timg4.jpg
D/FaceManager( 8634): drawFaceRect filePath = /storage/sdcard/image/timg4.jpg
D/FaceManager( 8634): drawFaceRect filePath = /storage/sdcard/image/timg4.jpg
I/art     ( 8634): Background sticky concurrent mark sweep GC freed 139(6KB) AllocSpace objects, 0(0B) LOS objects, 0% free, 39MB/39MB, paused 7.945ms total 23.370ms
D/FaceManager( 8634): drawFaceRect filePath = /storage/sdcard/image/timg4.jpg
D/FaceManager( 8634): drawFaceRect filePath = /storage/sdcard/image/timg4.jpg
D/FaceManager( 8634): drawFaceRect filePath = /storage/sdcard/image/timg4.jpg
D/FaceManager( 8634): drawFaceRect filePath = /storage/sdcard/image/timg4.jpg
D/FaceManager( 8634): drawFaceRect filePath = /storage/sdcard/image/timg4.jpg
D/FaceManager( 8634): drawFaceRect filePath = /storage/sdcard/image/timg4.jpg
D/FaceManager( 8634): drawFaceRect filePath = /storage/sdcard/image/timg4.jpg
D/FaceManager( 8634): supportedOperations filePath = /storage/sdcard/image/timg3.jpg
D/PhotoPage( 8634): needEditFace = true
W/ResourceType( 8634): No package identifier when getting value for resource number 0x00000000
W/PackageManager( 8634): Failure retrieving resources for com.android.mms: Resource ID #0x0
D/FaceManager( 8634): drawFaceRect filePath = /storage/sdcard/image/timg3.jpg
D/FaceManager( 8634): drawFaceRect filePath = /storage/sdcard/image/timg3.jpg
D/FaceManager( 8634): drawFaceRect filePath = /storage/sdcard/image/timg3.jpg
D/FaceManager( 8634): drawFaceRect filePath = /storage/sdcard/image/timg3.jpg
D/FaceManager( 8634): drawFaceRect filePath = /storage/sdcard/image/timg3.jpg
D/FaceManager( 8634): drawFaceRect filePath = /storage/sdcard/image/timg3.jpg
D/FaceManager( 8634): drawFaceRect filePath = /storage/sdcard/image/timg3.jpg
D/FaceManager( 8634): drawFaceRect filePath = /storage/sdcard/image/timg3.jpg
D/FaceManager( 8634): drawFaceRect filePath = /storage/sdcard/image/timg3.jpg
D/FaceManager( 8634): drawFaceRect filePath = /storage/sdcard/image/timg3.jpg
D/FaceManager( 8634): drawFaceRect filePath = /storage/sdcard/image/timg3.jpg
D/FaceManager( 8634): drawFaceRect filePath = /storage/sdcard/image/timg3.jpg
D/FaceManager( 8634): drawFaceRect filePath = /storage/sdcard/image/timg3.jpg
D/FaceManager( 8634): drawFaceRect filePath = /storage/sdcard/image/timg3.jpg
D/FaceManager( 8634): drawFaceRect filePath = /storage/sdcard/image/timg3.jpg
W/AudioTrack( 3674): AUDIO_OUTPUT_FLAG_FAST denied by client
V/WindowManager( 3674): Adding window Window{3524eff u0 PopupWindow:22e41cb3} at 4 of 10 (after Window{36eaf0b1 u0 com.android.gallery3d/com.android.gallery3d.app.GalleryActivity})
I/ActivityManager( 3674): START u0 {dat=/storage/sdcard/image/timg3.jpg cmp=com.android.gallery3d/.faceditor.FaceListActivity} from uid 10063 on display 0
W/AudioTrack( 3674): AUDIO_OUTPUT_FLAG_FAST denied by client
V/WindowManager( 3674): addAppToken: AppWindowToken{1de21b8 token=Token{1006dc1b ActivityRecord{4bc462a u0 com.android.gallery3d/.faceditor.FaceListActivity t103}}} to stack=1 task=103 at 1
D/PhotoPage( 8634): Start Face Editor
W/InputEventReceiver( 8634): Attempted to finish an input event but the input event receiver has already been disposed.
D/FaceListActivity( 8634): filePath = /storage/sdcard/image/timg3.jpg
V/WindowManager( 3674): Adding window Window{10ad1ef7 u0 com.android.gallery3d/com.android.gallery3d.faceditor.FaceListActivity} at 5 of 11 (after Window{3524eff u0 PopupWindow:22e41cb3 EXITING})
D/FaceAdapter( 8634): getBitmap filePath = /storage/sdcard/.face/timg_0.jpg bitmap = android.graphics.Bitmap@cfe8bf7
D/FaceAdapter( 8634): getBitmap filePath = /storage/sdcard/.face/timg4_0.jpg bitmap = android.graphics.Bitmap@8c414cd
D/FaceAdapter( 8634): getBitmap filePath = /storage/sdcard/.face/timg3_0.jpg bitmap = android.graphics.Bitmap@1d618182
D/FaceAdapter( 8634): getBitmap filePath = /storage/sdcard/.face/timg3_1.jpg bitmap = android.graphics.Bitmap@2485f093
I/ActivityManager( 3674): Displayed com.android.gallery3d/.faceditor.FaceListActivity: +655ms
V/StateManager( 8634): saveState
V/StateManager( 8634): saveState class com.android.gallery3d.app.AlbumSetPage
V/StateManager( 8634): saveState class com.android.gallery3d.app.AlbumPage
V/StateManager( 8634): saveState class com.android.gallery3d.app.SinglePhotoPage
D/FaceListActivity( 8634): onClick com.android.gallery3d.face.FaceInfo$Info@b814f32
W/AudioTrack( 3674): AUDIO_OUTPUT_FLAG_FAST denied by client
D/FaceEditDialog( 8634): onCreateView 
V/WindowManager( 3674): not Base app: Adding window Window{14c2bc9 u0 Face Editor} at 5 of 11
I/LatinIME( 3855): Starting input. Cursor position = 0,0
D/FaceAdapter( 8634): getBitmap filePath = /storage/sdcard/.face/timg_0.jpg bitmap = android.graphics.Bitmap@2b561f78
D/FaceAdapter( 8634): getBitmap filePath = /storage/sdcard/.face/timg4_0.jpg bitmap = android.graphics.Bitmap@122651
D/FaceAdapter( 8634): getBitmap filePath = /storage/sdcard/.face/timg3_0.jpg bitmap = android.graphics.Bitmap@30d2eb6
D/FaceEditDialog( 8634): texChanged: q | 113
W/AudioTrack( 3674): AUDIO_OUTPUT_FLAG_FAST denied by client
D/FaceAdapter( 8634): getBitmap filePath = /storage/sdcard/.face/timg_0.jpg bitmap = android.graphics.Bitmap@31c24e89
D/FaceAdapter( 8634): getBitmap filePath = /storage/sdcard/.face/timg4_0.jpg bitmap = android.graphics.Bitmap@247eb6af
D/FaceAdapter( 8634): getBitmap filePath = /storage/sdcard/.face/timg3_0.jpg bitmap = android.graphics.Bitmap@1ff74abc
D/FaceAdapter( 8634): getBitmap filePath = /storage/sdcard/.face/timg3_1.jpg bitmap = android.graphics.Bitmap@3e784a45
D/FaceListActivity( 8634): onClick com.android.gallery3d.face.FaceInfo$Info@3636d59a
D/FaceEditDialog( 8634): onCreateView 
W/AudioTrack( 3674): AUDIO_OUTPUT_FLAG_FAST denied by client
V/WindowManager( 3674): not Base app: Adding window Window{1d4d592c u0 Face Editor} at 5 of 11
I/LatinIME( 3855): Starting input. Cursor position = 0,0
D/FaceAdapter( 8634): getBitmap filePath = /storage/sdcard/.face/timg_0.jpg bitmap = android.graphics.Bitmap@cd845c1
D/FaceAdapter( 8634): getBitmap filePath = /storage/sdcard/.face/timg4_0.jpg bitmap = android.graphics.Bitmap@119cb166
D/FaceAdapter( 8634): getBitmap filePath = /storage/sdcard/.face/timg3_0.jpg bitmap = android.graphics.Bitmap@18a8cca7
D/FaceEditDialog( 8634): texChanged: w | 119
W/AudioTrack( 3674): AUDIO_OUTPUT_FLAG_FAST denied by client
D/FaceAdapter( 8634): getBitmap filePath = /storage/sdcard/.face/timg_0.jpg bitmap = android.graphics.Bitmap@be27cfd
D/FaceAdapter( 8634): getBitmap filePath = /storage/sdcard/.face/timg4_0.jpg bitmap = android.graphics.Bitmap@3a327df2
D/FaceAdapter( 8634): getBitmap filePath = /storage/sdcard/.face/timg3_0.jpg bitmap = android.graphics.Bitmap@50b8c43
D/FaceAdapter( 8634): getBitmap filePath = /storage/sdcard/.face/timg3_1.jpg bitmap = android.graphics.Bitmap@297952c0
W/AudioTrack( 3674): AUDIO_OUTPUT_FLAG_FAST denied by client
V/WindowManager( 3674): not Base app: Adding window Window{14a261eb u0 com.android.gallery3d/com.android.gallery3d.faceditor.FaceListActivity} at 5 of 11
D/FaceListActivity( 8634): <getTrainList> list[0] = /storage/sdcard/.face/timg_0.jpg
D/FaceListActivity( 8634): <getTrainList> list[1] = /storage/sdcard/.face/timg4_0.jpg
D/FaceListActivity( 8634): <getTrainLab> list[0] = 113
D/FaceListActivity( 8634): <getTrainLab> list[1] = 119
E/AndroidRuntime( 8634): FATAL EXCEPTION: AsyncTask #2
E/AndroidRuntime( 8634): Process: com.android.gallery3d, PID: 8634
E/AndroidRuntime( 8634): java.lang.RuntimeException: An error occured while executing doInBackground()
E/AndroidRuntime( 8634): 	at android.os.AsyncTask$3.done(AsyncTask.java:304)
E/AndroidRuntime( 8634): 	at java.util.concurrent.FutureTask.finishCompletion(FutureTask.java:355)
E/AndroidRuntime( 8634): 	at java.util.concurrent.FutureTask.setException(FutureTask.java:222)
E/AndroidRuntime( 8634): 	at java.util.concurrent.FutureTask.run(FutureTask.java:242)
E/AndroidRuntime( 8634): 	at android.os.AsyncTask$SerialExecutor$1.run(AsyncTask.java:231)
E/AndroidRuntime( 8634): 	at java.util.concurrent.ThreadPoolExecutor.runWorker(ThreadPoolExecutor.java:1112)
E/AndroidRuntime( 8634): 	at java.util.concurrent.ThreadPoolExecutor$Worker.run(ThreadPoolExecutor.java:587)
E/AndroidRuntime( 8634): 	at java.lang.Thread.run(Thread.java:818)
E/AndroidRuntime( 8634): Caused by: java.lang.NullPointerException: Attempt to invoke virtual method 'int java.lang.Integer.intValue()' on a null object reference
E/AndroidRuntime( 8634): 	at com.android.gallery3d.faceditor.FaceListActivity.getTrainLab(FaceListActivity.java:120)
E/AndroidRuntime( 8634): 	at com.android.gallery3d.faceditor.FaceListActivity$ClassficationTask.doInBackground(FaceListActivity.java:174)
E/AndroidRuntime( 8634): 	at com.android.gallery3d.faceditor.FaceListActivity$ClassficationTask.doInBackground(FaceListActivity.java:152)
E/AndroidRuntime( 8634): 	at android.os.AsyncTask$2.call(AsyncTask.java:292)
E/AndroidRuntime( 8634): 	at java.util.concurrent.FutureTask.run(FutureTask.java:237)
E/AndroidRuntime( 8634): 	... 4 more
W/ActivityManager( 3674):   Force finishing activity 1 com.android.gallery3d/.faceditor.FaceListActivity
I/OpenGLRenderer( 3674): Initialized EGL, version 1.4
D/FaceManager( 8634): <detectFace> faceInfo = true
D/FaceManager( 8634): supportedOperations filePath = /storage/sdcard/image/timg3.jpg
D/PhotoPage( 8634): needEditFace = true
I/GLRootView( 8634): GLObject has changed from com.google.android.gles_jni.GLImpl@24fc148 to com.google.android.gles_jni.GLImpl@2d5eceab
I/GLRootView( 8634): onSurfaceChanged: 1080x1701, gl10: com.google.android.gles_jni.GLImpl@2d5eceab
D/FaceManager( 8634): drawFaceRect filePath = /storage/sdcard/image/timg3.jpg
I/GLRootView( 8634): onSurfaceChanged: 1080x1701, gl10: com.google.android.gles_jni.GLImpl@2d5eceab
D/FaceManager( 8634): drawFaceRect filePath = /storage/sdcard/image/timg3.jpg
W/ResourceType( 8634): No package identifier when getting value for resource number 0x00000000
W/PackageManager( 8634): Failure retrieving resources for com.android.mms: Resource ID #0x0
I/Choreographer( 8634): Skipped 63 frames!  The application may be doing too much work on its main thread.
D/FaceManager( 8634): <detectFace> faceInfo = true
D/FaceManager( 8634): drawFaceRect filePath = /storage/sdcard/image/timg3.jpg
D/FaceManager( 8634): drawFaceRect filePath = /storage/sdcard/image/timg3.jpg
D/FaceManager( 8634): drawFaceRect filePath = /storage/sdcard/image/timg3.jpg
I/art     ( 8634): Background partial concurrent mark sweep GC freed 1915(142KB) AllocSpace objects, 3(328KB) LOS objects, 13% free, 26MB/30MB, paused 5.595ms total 80.796ms
D/FaceManager( 8634): <detectFace> faceInfo = true
D/FaceManager( 8634): drawFaceRect filePath = /storage/sdcard/image/timg3.jpg
D/FaceManager( 8634): <detectFace> faceInfo = false
E/WindowManager( 8634): 
E/WindowManager( 8634): android.view.WindowLeaked: Activity com.android.gallery3d.faceditor.FaceListActivity has leaked window com.android.internal.policy.impl.PhoneWindow$DecorView{1647b8a1 V.E..... R......D 0,0-1026,288} that was originally added here
E/WindowManager( 8634): 	at android.view.ViewRootImpl.<init>(ViewRootImpl.java:363)
E/WindowManager( 8634): 	at android.view.WindowManagerGlobal.addView(WindowManagerGlobal.java:271)
E/WindowManager( 8634): 	at android.view.WindowManagerImpl.addView(WindowManagerImpl.java:85)
E/WindowManager( 8634): 	at android.app.Dialog.show(Dialog.java:298)
E/WindowManager( 8634): 	at android.app.ProgressDialog.show(ProgressDialog.java:116)
E/WindowManager( 8634): 	at android.app.ProgressDialog.show(ProgressDialog.java:104)
E/WindowManager( 8634): 	at com.android.gallery3d.faceditor.FaceListActivity.onOptionsItemSelected(FaceListActivity.java:72)
E/WindowManager( 8634): 	at android.app.Activity.onMenuItemSelected(Activity.java:2885)
E/WindowManager( 8634): 	at android.support.v4.app.FragmentActivity.onMenuItemSelected(FragmentActivity.java:406)
E/WindowManager( 8634): 	at com.android.internal.policy.impl.PhoneWindow.onMenuItemSelected(PhoneWindow.java:1133)
E/WindowManager( 8634): 	at com.android.internal.view.menu.MenuBuilder.dispatchMenuItemSelected(MenuBuilder.java:761)
E/WindowManager( 8634): 	at com.android.internal.view.menu.MenuItemImpl.invoke(MenuItemImpl.java:152)
E/WindowManager( 8634): 	at com.android.internal.view.menu.MenuBuilder.performItemAction(MenuBuilder.java:904)
E/WindowManager( 8634): 	at com.android.internal.view.menu.MenuBuilder.performItemAction(MenuBuilder.java:894)
E/WindowManager( 8634): 	at android.widget.ActionMenuView.invokeItem(ActionMenuView.java:587)
E/WindowManager( 8634): 	at com.android.internal.view.menu.ActionMenuItemView.onClick(ActionMenuItemView.java:141)
E/WindowManager( 8634): 	at android.view.View.performClick(View.java:4780)
E/WindowManager( 8634): 	at android.view.View$PerformClick.run(View.java:19866)
E/WindowManager( 8634): 	at android.os.Handler.handleCallback(Handler.java:739)
E/WindowManager( 8634): 	at android.os.Handler.dispatchMessage(Handler.java:95)
E/WindowManager( 8634): 	at android.os.Looper.loop(Looper.java:135)
E/WindowManager( 8634): 	at android.app.ActivityThread.main(ActivityThread.java:5254)
E/WindowManager( 8634): 	at java.lang.reflect.Method.invoke(Native Method)
E/WindowManager( 8634): 	at java.lang.reflect.Method.invoke(Method.java:372)
E/WindowManager( 8634): 	at com.android.internal.os.ZygoteInit$MethodAndArgsCaller.run(ZygoteInit.java:903)
E/WindowManager( 8634): 	at com.android.internal.os.ZygoteInit.main(ZygoteInit.java:698)
W/WindowManager( 3674): Failed looking up window
W/WindowManager( 3674): java.lang.IllegalArgumentException: Requested window android.os.BinderProxy@2d3e013a does not exist
W/WindowManager( 3674): 	at com.android.server.wm.WindowManagerService.windowForClientLocked(WindowManagerService.java:8540)
W/WindowManager( 3674): 	at com.android.server.wm.WindowManagerService.windowForClientLocked(WindowManagerService.java:8531)
W/WindowManager( 3674): 	at com.android.server.wm.WindowManagerService.removeWindow(WindowManagerService.java:2593)
W/WindowManager( 3674): 	at com.android.server.wm.Session.remove(Session.java:187)
W/WindowManager( 3674): 	at android.view.IWindowSession$Stub.onTransact(IWindowSession.java:233)
W/WindowManager( 3674): 	at com.android.server.wm.Session.onTransact(Session.java:130)
W/WindowManager( 3674): 	at android.os.Binder.execTransact(Binder.java:446)
D/FaceManager( 8634): drawFaceRect filePath = /storage/sdcard/image/timg3.jpg
D/FaceManager( 8634): drawFaceRect filePath = /storage/sdcard/image/timg3.jpg
D/FaceManager( 8634): drawFaceRect filePath = /storage/sdcard/image/timg3.jpg
D/FaceManager( 8634): drawFaceRect filePath = /storage/sdcard/image/timg3.jpg
D/FaceManager( 8634): drawFaceRect filePath = /storage/sdcard/image/timg3.jpg
W/PlatformStatsUtil( 4272): Could not retrieve Usage & Diagnostics setting. Giving up.
W/AudioTrack( 3674): AUDIO_OUTPUT_FLAG_FAST denied by client
I/Process ( 8634): Sending signal. PID: 8634 SIG: 9
W/libprocessgroup( 3674): failed to open /acct/uid_10063/pid_8634/cgroup.procs: No such file or directory
I/WindowState( 3674): WIN DEATH: Window{36eaf0b1 u0 com.android.gallery3d/com.android.gallery3d.app.GalleryActivity}
I/ActivityManager( 3674): Process com.android.gallery3d (pid 8634) has died
W/WindowManager( 3674): Force-removing child win Window{3f8b5fb3 u0 SurfaceView} from container Window{36eaf0b1 u0 com.android.gallery3d/com.android.gallery3d.app.GalleryActivity}
W/ActivityManager( 3674): Force removing ActivityRecord{2501539d u0 com.android.gallery3d/.app.GalleryActivity t103}: app died, no saved state
W/WindowManager( 3674): Failed looking up window
W/WindowManager( 3674): java.lang.IllegalArgumentException: Requested window android.os.BinderProxy@11a8b922 does not exist
W/WindowManager( 3674): 	at com.android.server.wm.WindowManagerService.windowForClientLocked(WindowManagerService.java:8540)
W/WindowManager( 3674): 	at com.android.server.wm.WindowManagerService.windowForClientLocked(WindowManagerService.java:8531)
W/WindowManager( 3674): 	at com.android.server.wm.WindowState$DeathRecipient.binderDied(WindowState.java:1142)
W/WindowManager( 3674): 	at android.os.BinderProxy.sendDeathNotice(Binder.java:551)
I/WindowState( 3674): WIN DEATH: null
D/OpenGLRenderer( 3674): endAllStagingAnimators on 0xa2b51580 (RippleDrawable) with handle 0xa00d6d20
W/InputMethodManagerService( 3674): Got RemoteException sending setActive(false) notification to pid 8634 uid 10063
I/ActivityManager( 3674): START u0 {act=android.intent.action.MAIN cat=[android.intent.category.LAUNCHER] flg=0x10200000 cmp=com.android.gallery3d/.app.GalleryActivity (has extras)} from uid 10013 on display 0
W/AudioTrack( 3674): AUDIO_OUTPUT_FLAG_FAST denied by client
V/WindowManager( 3674): addAppToken: AppWindowToken{27fe6a6d token=Token{e4eb284 ActivityRecord{18c74097 u0 com.android.gallery3d/.app.GalleryActivity t104}}} to stack=1 task=104 at 0
V/WindowManager( 3674): Adding window Window{16b77a25 u0 Starting com.android.gallery3d} at 2 of 8 (after Window{1f30e838 u0 com.google.android.googlequicksearchbox/com.google.android.launcher.GEL})
E/libprocessgroup( 8710): failed to make and chown /acct/uid_10063: Read-only file system
W/Zygote  ( 8710): createProcessGroup failed, kernel missing CONFIG_CGROUP_CPUACCT?
I/art     ( 8710): Not late-enabling -Xcheck:jni (already on)
I/ActivityManager( 3674): Start proc 8710:com.android.gallery3d/u0a63 for activity com.android.gallery3d/.app.GalleryActivity
W/Icing   ( 3902): isOptedInForAppHistory: empty Account Name encountered
V/StateManager( 8710): startState class com.android.gallery3d.app.AlbumSetPage
V/NFC     ( 8710): this device does not have NFC support
D/Gallery.MultiSetSync( 8710): onSyncDone: Local albums #pending=1
D/Gallery.MultiSetSync( 8710):   request sync: Local albums
D/Gallery.MultiSetSync( 8710): onSyncDone: picasa #pending=0
D/Gallery.MultiSetSync( 8710):   request sync: picasa
D/OpenGLRenderer( 8710): Use EGL_SWAP_BEHAVIOR_PRESERVED: true
D/        ( 8710): HostConnection::get() New Host Connection established 0xb4340ac0, tid 8710
D/Atlas   ( 8710): Validating map...
V/WindowManager( 3674): Adding window Window{31a61b9b u0 com.android.gallery3d/com.android.gallery3d.app.GalleryActivity} at 2 of 9 (before Window{16b77a25 u0 Starting com.android.gallery3d})
D/        ( 8710): HostConnection::get() New Host Connection established 0xae436940, tid 8729
I/OpenGLRenderer( 8710): Initialized EGL, version 1.4
W/OpenGLRenderer( 8710): Failed to choose config with EGL_SWAP_BEHAVIOR_PRESERVED, retrying without...
D/OpenGLRenderer( 8710): Enabling debug mode 0
V/WindowManager( 3674): Adding window Window{baea711 u0 SurfaceView} at 2 of 10 (before Window{31a61b9b u0 com.android.gallery3d/com.android.gallery3d.app.GalleryActivity})
D/        ( 8710): HostConnection::get() New Host Connection established 0xae4367c0, tid 8727
I/GLRootView( 8710): onSurfaceChanged: 1080x1701, gl10: com.google.android.gles_jni.GLImpl@11a3bf2c
I/GLRootView( 8710): layout content pane 1080x1701 (compensation 0)
I/ActivityManager( 3674): Displayed com.android.gallery3d/.app.GalleryActivity: +898ms
I/art     ( 8710): Background sticky concurrent mark sweep GC freed 1491(102KB) AllocSpace objects, 0(0B) LOS objects, 6% free, 1844KB/1981KB, paused 11.908ms total 45.172ms
I/art     ( 3674): Explicit concurrent mark sweep GC freed 27561(1335KB) AllocSpace objects, 5(81KB) LOS objects, 30% free, 8MB/12MB, paused 1.188ms total 82.962ms
D/TaskPersister( 3674): removeObsoleteFile: deleting file=103_task.xml
V/StateManager( 8710): startStateForResult class com.android.gallery3d.app.AlbumPage, 1
D/AlbumPage( 8710): onSyncDone: image result=0
I/GLRootView( 8710): layout content pane 1080x1701 (compensation 0)
V/StateManager( 8710): startStateForResult class com.android.gallery3d.app.SinglePhotoPage, 2
D/FaceManager( 8710): supportedOperations filePath = /storage/sdcard/image/timg4.jpg
D/PhotoPage( 8710): needEditFace = false
W/ResourceType( 8710): No package identifier when getting value for resource number 0x00000000
W/PackageManager( 8710): Failure retrieving resources for com.android.mms: Resource ID #0x0
D/FaceManager( 8710): <detectFace> filePath = /storage/sdcard/image/timg4.jpg
D/FaceManager( 8710): <detectFace> bitmap = 888 820
D/FaceDetection( 8710): scale = 0.2882883
D/FaceDetection( 8710): faceBitmap = 256 236
I/art     ( 8710): Background sticky concurrent mark sweep GC freed 568(35KB) AllocSpace objects, 0(0B) LOS objects, 0% free, 8MB/8MB, paused 8.729ms total 36.932ms
D/FaceDetection( 8710): numberFace = 1
D/FaceDetection( 8710): <handleFace > face: 0 faceRect = [167.0,0.0][693.0,526.0]
D/FaceManager( 8710): <detectFace> UseTime =- 110
D/FaceManager( 8710): <detectFace> faceInfo = timg4_0
I/GLRootView( 8710): layout content pane 1080x1701 (compensation 0)
D/PhotoView( 8710): compensation = 0, CameraRelativeFrame = Rect(0, 0 - 0, 0), mCameraRect = Rect(0, 0 - 0, 0)
D/FaceManager( 8710): drawFaceRect filePath = /storage/sdcard/image/timg4.jpg
I/art     ( 8710): Background partial concurrent mark sweep GC freed 97(12KB) AllocSpace objects, 2(354KB) LOS objects, 23% free, 13MB/17MB, paused 17.730ms total 35.560ms
D/FaceManager( 8710): <detectFace> filePath = /storage/sdcard/image/timg3.jpg
D/FaceManager( 8710): <detectFace> bitmap = 400 267
D/FaceDetection( 8710): scale = 0.64
D/FaceDetection( 8710): faceBitmap = 256 171
D/FaceDetection( 8710): numberFace = 2
D/FaceDetection( 8710): <handleFace > face: 0 faceRect = [0.0,23.0][200.0,223.0]
D/FaceDetection( 8710): <handleFace > face: 1 faceRect = [200.0,23.0][400.0,223.0]
D/FaceManager( 8710): <detectFace> UseTime =- 45
D/FaceManager( 8710): <detectFace> faceInfo = timg3_0
D/FaceManager( 8710): drawFaceRect filePath = /storage/sdcard/image/timg4.jpg
D/FaceManager( 8710): <detectFace> faceInfo = timg3_1
D/FaceManager( 8710): drawFaceRect filePath = /storage/sdcard/image/timg4.jpg
D/FaceManager( 8710): <detectFace> filePath = /storage/sdcard/image/timg6.jpg
D/FaceManager( 8710): <detectFace> bitmap = 888 888
D/FaceDetection( 8710): scale = 0.2882883
D/FaceDetection( 8710): faceBitmap = 256 256
D/FaceManager( 8710): drawFaceRect filePath = /storage/sdcard/image/timg4.jpg
D/FaceManager( 8710): drawFaceRect filePath = /storage/sdcard/image/timg4.jpg
D/FaceDetection( 8710): numberFace = 0
D/FaceManager( 8710): <detectFace> UseTime =- 52
D/FaceManager( 8710): <detectFace> filePath = /storage/sdcard/image/timg.jpg
D/FaceManager( 8710): <detectFace> bitmap = 592 888
D/FaceDetection( 8710): scale = 0.43243244
D/FaceDetection( 8710): faceBitmap = 256 384
D/FaceManager( 8710): drawFaceRect filePath = /storage/sdcard/image/timg4.jpg
D/FaceManager( 8710): drawFaceRect filePath = /storage/sdcard/image/timg4.jpg
D/FaceDetection( 8710): numberFace = 1
D/FaceDetection( 8710): <handleFace > face: 0 faceRect = [179.0,0.0][515.0,336.0]
D/FaceManager( 8710): <detectFace> UseTime =- 75
D/FaceManager( 8710): <detectFace> faceInfo = timg_0
D/FaceManager( 8710): drawFaceRect filePath = /storage/sdcard/image/timg4.jpg
D/FaceManager( 8710): drawFaceRect filePath = /storage/sdcard/image/timg4.jpg
D/FaceManager( 8710): drawFaceRect filePath = /storage/sdcard/image/timg4.jpg
D/FaceManager( 8710): drawFaceRect filePath = /storage/sdcard/image/timg4.jpg
D/FaceManager( 8710): drawFaceRect filePath = /storage/sdcard/image/timg4.jpg
D/FaceManager( 8710): drawFaceRect filePath = /storage/sdcard/image/timg4.jpg
D/FaceManager( 8710): drawFaceRect filePath = /storage/sdcard/image/timg4.jpg
D/FaceManager( 8710): drawFaceRect filePath = /storage/sdcard/image/timg4.jpg
D/FaceManager( 8710): drawFaceRect filePath = /storage/sdcard/image/timg4.jpg
D/FaceManager( 8710): drawFaceRect filePath = /storage/sdcard/image/timg4.jpg
D/FaceManager( 8710): drawFaceRect filePath = /storage/sdcard/image/timg4.jpg
D/FaceManager( 8710): drawFaceRect filePath = /storage/sdcard/image/timg4.jpg
D/FaceManager( 8710): drawFaceRect filePath = /storage/sdcard/image/timg4.jpg
D/FaceManager( 8710): drawFaceRect filePath = /storage/sdcard/image/timg4.jpg
D/FaceManager( 8710): drawFaceRect filePath = /storage/sdcard/image/timg4.jpg
D/FaceManager( 8710): drawFaceRect filePath = /storage/sdcard/image/timg4.jpg
D/FaceManager( 8710): drawFaceRect filePath = /storage/sdcard/image/timg4.jpg
D/FaceManager( 8710): drawFaceRect filePath = /storage/sdcard/image/timg4.jpg
D/FaceManager( 8710): drawFaceRect filePath = /storage/sdcard/image/timg4.jpg
D/FaceManager( 8710): drawFaceRect filePath = /storage/sdcard/image/timg4.jpg
D/FaceManager( 8710): drawFaceRect filePath = /storage/sdcard/image/timg4.jpg
D/FaceManager( 8710): drawFaceRect filePath = /storage/sdcard/image/timg4.jpg
D/FaceManager( 8710): drawFaceRect filePath = /storage/sdcard/image/timg4.jpg
I/Choreographer( 8710): Skipped 60 frames!  The application may be doing too much work on its main thread.
D/FaceManager( 8710): drawFaceRect filePath = /storage/sdcard/image/timg4.jpg
D/FaceManager( 8710): drawFaceRect filePath = /storage/sdcard/image/timg4.jpg
D/FaceManager( 8710): drawFaceRect filePath = /storage/sdcard/image/timg4.jpg
D/FaceManager( 8710): drawFaceRect filePath = /storage/sdcard/image/timg4.jpg
D/FaceManager( 8710): drawFaceRect filePath = /storage/sdcard/image/timg4.jpg
D/FaceManager( 8710): drawFaceRect filePath = /storage/sdcard/image/timg4.jpg
D/FaceManager( 8710): drawFaceRect filePath = /storage/sdcard/image/timg4.jpg
D/FaceManager( 8710): drawFaceRect filePath = /storage/sdcard/image/timg4.jpg
D/FaceManager( 8710): drawFaceRect filePath = /storage/sdcard/image/timg4.jpg
D/FaceManager( 8710): drawFaceRect filePath = /storage/sdcard/image/timg4.jpg
D/FaceManager( 8710): drawFaceRect filePath = /storage/sdcard/image/timg4.jpg
D/FaceManager( 8710): drawFaceRect filePath = /storage/sdcard/image/timg4.jpg
I/Choreographer( 8710): Skipped 36 frames!  The application may be doing too much work on its main thread.
D/FaceManager( 8710): drawFaceRect filePath = /storage/sdcard/image/timg4.jpg
D/FaceManager( 8710): supportedOperations filePath = /storage/sdcard/image/timg3.jpg
D/PhotoPage( 8710): needEditFace = true
D/FaceManager( 8710): drawFaceRect filePath = /storage/sdcard/image/timg3.jpg
W/ResourceType( 8710): No package identifier when getting value for resource number 0x00000000
W/PackageManager( 8710): Failure retrieving resources for com.android.mms: Resource ID #0x0
D/FaceManager( 8710): drawFaceRect filePath = /storage/sdcard/image/timg3.jpg
D/FaceManager( 8710): drawFaceRect filePath = /storage/sdcard/image/timg3.jpg
D/FaceManager( 8710): drawFaceRect filePath = /storage/sdcard/image/timg3.jpg
D/FaceManager( 8710): drawFaceRect filePath = /storage/sdcard/image/timg3.jpg
D/FaceManager( 8710): drawFaceRect filePath = /storage/sdcard/image/timg3.jpg
D/FaceManager( 8710): drawFaceRect filePath = /storage/sdcard/image/timg3.jpg
W/AudioTrack( 3674): AUDIO_OUTPUT_FLAG_FAST denied by client
V/WindowManager( 3674): Adding window Window{1f92f9bd u0 PopupWindow:13c61bed} at 4 of 10 (after Window{31a61b9b u0 com.android.gallery3d/com.android.gallery3d.app.GalleryActivity})
W/AudioTrack( 3674): AUDIO_OUTPUT_FLAG_FAST denied by client
I/ActivityManager( 3674): START u0 {dat=/storage/sdcard/image/timg3.jpg cmp=com.android.gallery3d/.faceditor.FaceListActivity} from uid 10063 on display 0
V/WindowManager( 3674): addAppToken: AppWindowToken{38ca40fe token=Token{297a74b9 ActivityRecord{1a9e8680 u0 com.android.gallery3d/.faceditor.FaceListActivity t104}}} to stack=1 task=104 at 1
D/PhotoPage( 8710): Start Face Editor
W/InputEventReceiver( 8710): Attempted to finish an input event but the input event receiver has already been disposed.
D/FaceListActivity( 8710): filePath = /storage/sdcard/image/timg3.jpg
I/art     ( 8710): Background sticky concurrent mark sweep GC freed 1848(113KB) AllocSpace objects, 13(3MB) LOS objects, 4% free, 38MB/40MB, paused 6.277ms total 32.319ms
V/WindowManager( 3674): Adding window Window{11c4a375 u0 com.android.gallery3d/com.android.gallery3d.faceditor.FaceListActivity} at 5 of 11 (after Window{1f92f9bd u0 PopupWindow:13c61bed EXITING})
D/FaceAdapter( 8710): getBitmap filePath = /storage/sdcard/.face/timg_0.jpg bitmap = android.graphics.Bitmap@7a10091
D/FaceAdapter( 8710): getBitmap filePath = /storage/sdcard/.face/timg4_0.jpg bitmap = android.graphics.Bitmap@cfe8bf7
D/FaceAdapter( 8710): getBitmap filePath = /storage/sdcard/.face/timg3_0.jpg bitmap = android.graphics.Bitmap@f110a64
D/FaceAdapter( 8710): getBitmap filePath = /storage/sdcard/.face/timg3_1.jpg bitmap = android.graphics.Bitmap@8c414cd
I/ActivityManager( 3674): Displayed com.android.gallery3d/.faceditor.FaceListActivity: +938ms
V/StateManager( 8710): saveState
V/StateManager( 8710): saveState class com.android.gallery3d.app.AlbumSetPage
V/StateManager( 8710): saveState class com.android.gallery3d.app.AlbumPage
V/StateManager( 8710): saveState class com.android.gallery3d.app.SinglePhotoPage
W/AudioTrack( 3674): AUDIO_OUTPUT_FLAG_FAST denied by client
D/FaceListActivity( 8710): onClick com.android.gallery3d.face.FaceInfo$Info@30fdd494
D/FaceEditDialog( 8710): onCreateView 
V/WindowManager( 3674): not Base app: Adding window Window{57adc57 u0 Face Editor} at 5 of 11
I/LatinIME( 3855): Starting input. Cursor position = 0,0
D/FaceAdapter( 8710): getBitmap filePath = /storage/sdcard/.face/timg_0.jpg bitmap = android.graphics.Bitmap@f231dea
D/FaceAdapter( 8710): getBitmap filePath = /storage/sdcard/.face/timg4_0.jpg bitmap = android.graphics.Bitmap@320d38db
D/FaceAdapter( 8710): getBitmap filePath = /storage/sdcard/.face/timg3_0.jpg bitmap = android.graphics.Bitmap@2b561f78
D/FaceEditDialog( 8710): texChanged: q | 113
W/AudioTrack( 3674): AUDIO_OUTPUT_FLAG_FAST denied by client
D/FaceAdapter( 8710): getBitmap filePath = /storage/sdcard/.face/timg_0.jpg bitmap = android.graphics.Bitmap@2f67e853
D/FaceAdapter( 8710): getBitmap filePath = /storage/sdcard/.face/timg4_0.jpg bitmap = android.graphics.Bitmap@31c24e89
D/FaceAdapter( 8710): getBitmap filePath = /storage/sdcard/.face/timg3_0.jpg bitmap = android.graphics.Bitmap@2a9f5e8e
D/FaceAdapter( 8710): getBitmap filePath = /storage/sdcard/.face/timg3_1.jpg bitmap = android.graphics.Bitmap@247eb6af
D/FaceListActivity( 8710): onClick com.android.gallery3d.face.FaceInfo$Info@1ff74abc
W/AudioTrack( 3674): AUDIO_OUTPUT_FLAG_FAST denied by client
D/FaceEditDialog( 8710): onCreateView 
V/WindowManager( 3674): not Base app: Adding window Window{1a395b12 u0 Face Editor} at 5 of 11
I/LatinIME( 3855): Starting input. Cursor position = 0,0
D/FaceAdapter( 8710): getBitmap filePath = /storage/sdcard/.face/timg_0.jpg bitmap = android.graphics.Bitmap@198a0ecb
D/FaceAdapter( 8710): getBitmap filePath = /storage/sdcard/.face/timg4_0.jpg bitmap = android.graphics.Bitmap@2c4c56a8
D/FaceAdapter( 8710): getBitmap filePath = /storage/sdcard/.face/timg3_0.jpg bitmap = android.graphics.Bitmap@cd845c1
D/FaceEditDialog( 8710): texChanged: w | 119
W/AudioTrack( 3674): AUDIO_OUTPUT_FLAG_FAST denied by client
D/FaceAdapter( 8710): getBitmap filePath = /storage/sdcard/.face/timg_0.jpg bitmap = android.graphics.Bitmap@1e643554
D/FaceAdapter( 8710): getBitmap filePath = /storage/sdcard/.face/timg4_0.jpg bitmap = android.graphics.Bitmap@be27cfd
D/FaceAdapter( 8710): getBitmap filePath = /storage/sdcard/.face/timg3_0.jpg bitmap = android.graphics.Bitmap@3a327df2
D/FaceAdapter( 8710): getBitmap filePath = /storage/sdcard/.face/timg3_1.jpg bitmap = android.graphics.Bitmap@50b8c43
W/ActivityManager( 3674): Unable to start service Intent { act=APP_CHANGE_ACTION flg=0x4 cmp=com.wandoujia.phoenix2/com.wandoujia.base.services.AlarmService (has extras) } U=0: not found
W/AudioTrack( 3674): AUDIO_OUTPUT_FLAG_FAST denied by client
V/WindowManager( 3674): not Base app: Adding window Window{28c509 u0 com.android.gallery3d/com.android.gallery3d.faceditor.FaceListActivity} at 5 of 11
D/FaceListActivity( 8710): <getTrainList> list[0] = /storage/sdcard/.face/timg_0.jpg
D/FaceListActivity( 8710): <getTrainList> list[1] = /storage/sdcard/.face/timg4_0.jpg
D/FaceListActivity( 8710): <getTrainLab> list[0] = 113
D/FaceListActivity( 8710): <getTrainLab> list[1] = 119
E/AndroidRuntime( 8710): FATAL EXCEPTION: AsyncTask #1
E/AndroidRuntime( 8710): Process: com.android.gallery3d, PID: 8710
E/AndroidRuntime( 8710): java.lang.RuntimeException: An error occured while executing doInBackground()
E/AndroidRuntime( 8710): 	at android.os.AsyncTask$3.done(AsyncTask.java:304)
E/AndroidRuntime( 8710): 	at java.util.concurrent.FutureTask.finishCompletion(FutureTask.java:355)
E/AndroidRuntime( 8710): 	at java.util.concurrent.FutureTask.setException(FutureTask.java:222)
E/AndroidRuntime( 8710): 	at java.util.concurrent.FutureTask.run(FutureTask.java:242)
E/AndroidRuntime( 8710): 	at android.os.AsyncTask$SerialExecutor$1.run(AsyncTask.java:231)
E/AndroidRuntime( 8710): 	at java.util.concurrent.ThreadPoolExecutor.runWorker(ThreadPoolExecutor.java:1112)
E/AndroidRuntime( 8710): 	at java.util.concurrent.ThreadPoolExecutor$Worker.run(ThreadPoolExecutor.java:587)
E/AndroidRuntime( 8710): 	at java.lang.Thread.run(Thread.java:818)
E/AndroidRuntime( 8710): Caused by: java.lang.NullPointerException: Attempt to invoke virtual method 'int java.lang.Integer.intValue()' on a null object reference
E/AndroidRuntime( 8710): 	at com.android.gallery3d.faceditor.FaceListActivity.getTrainLab(FaceListActivity.java:120)
E/AndroidRuntime( 8710): 	at com.android.gallery3d.faceditor.FaceListActivity$ClassficationTask.doInBackground(FaceListActivity.java:174)
E/AndroidRuntime( 8710): 	at com.android.gallery3d.faceditor.FaceListActivity$ClassficationTask.doInBackground(FaceListActivity.java:152)
E/AndroidRuntime( 8710): 	at android.os.AsyncTask$2.call(AsyncTask.java:292)
E/AndroidRuntime( 8710): 	at java.util.concurrent.FutureTask.run(FutureTask.java:237)
E/AndroidRuntime( 8710): 	... 4 more
W/ActivityManager( 3674):   Force finishing activity 1 com.android.gallery3d/.faceditor.FaceListActivity
I/OpenGLRenderer( 3674): Initialized EGL, version 1.4
I/art     ( 3902): Explicit concurrent mark sweep GC freed 44676(2MB) AllocSpace objects, 21(336KB) LOS objects, 33% free, 8MB/12MB, paused 982us total 79.469ms
D/FaceManager( 8710): supportedOperations filePath = /storage/sdcard/image/timg3.jpg
D/PhotoPage( 8710): needEditFace = true
D/FaceManager( 8710): <detectFace> faceInfo = true
I/GLRootView( 8710): GLObject has changed from com.google.android.gles_jni.GLImpl@11a3bf2c to com.google.android.gles_jni.GLImpl@2d5eceab
I/GLRootView( 8710): onSurfaceChanged: 1080x1701, gl10: com.google.android.gles_jni.GLImpl@2d5eceab
D/FaceManager( 8710): drawFaceRect filePath = /storage/sdcard/image/timg3.jpg
I/GLRootView( 8710): onSurfaceChanged: 1080x1701, gl10: com.google.android.gles_jni.GLImpl@2d5eceab
D/FaceManager( 8710): drawFaceRect filePath = /storage/sdcard/image/timg3.jpg
W/ResourceType( 8710): No package identifier when getting value for resource number 0x00000000
W/PackageManager( 8710): Failure retrieving resources for com.android.mms: Resource ID #0x0
I/Choreographer( 8710): Skipped 79 frames!  The application may be doing too much work on its main thread.
D/FaceManager( 8710): <detectFace> faceInfo = true
D/FaceManager( 8710): drawFaceRect filePath = /storage/sdcard/image/timg3.jpg
D/FaceManager( 8710): drawFaceRect filePath = /storage/sdcard/image/timg3.jpg
D/FaceManager( 8710): drawFaceRect filePath = /storage/sdcard/image/timg3.jpg
D/FaceManager( 8710): <detectFace> faceInfo = true
D/FaceManager( 8710): <detectFace> faceInfo = false
D/FaceManager( 8710): drawFaceRect filePath = /storage/sdcard/image/timg3.jpg
E/WindowManager( 8710): 
E/WindowManager( 8710): android.view.WindowLeaked: Activity com.android.gallery3d.faceditor.FaceListActivity has leaked window com.android.internal.policy.impl.PhoneWindow$DecorView{1647b8a1 V.E..... R......D 0,0-1026,288} that was originally added here
E/WindowManager( 8710): 	at android.view.ViewRootImpl.<init>(ViewRootImpl.java:363)
E/WindowManager( 8710): 	at android.view.WindowManagerGlobal.addView(WindowManagerGlobal.java:271)
E/WindowManager( 8710): 	at android.view.WindowManagerImpl.addView(WindowManagerImpl.java:85)
E/WindowManager( 8710): 	at android.app.Dialog.show(Dialog.java:298)
E/WindowManager( 8710): 	at android.app.ProgressDialog.show(ProgressDialog.java:116)
E/WindowManager( 8710): 	at android.app.ProgressDialog.show(ProgressDialog.java:104)
E/WindowManager( 8710): 	at com.android.gallery3d.faceditor.FaceListActivity.onOptionsItemSelected(FaceListActivity.java:72)
E/WindowManager( 8710): 	at android.app.Activity.onMenuItemSelected(Activity.java:2885)
E/WindowManager( 8710): 	at android.support.v4.app.FragmentActivity.onMenuItemSelected(FragmentActivity.java:406)
E/WindowManager( 8710): 	at com.android.internal.policy.impl.PhoneWindow.onMenuItemSelected(PhoneWindow.java:1133)
E/WindowManager( 8710): 	at com.android.internal.view.menu.MenuBuilder.dispatchMenuItemSelected(MenuBuilder.java:761)
E/WindowManager( 8710): 	at com.android.internal.view.menu.MenuItemImpl.invoke(MenuItemImpl.java:152)
E/WindowManager( 8710): 	at com.android.internal.view.menu.MenuBuilder.performItemAction(MenuBuilder.java:904)
E/WindowManager( 8710): 	at com.android.internal.view.menu.MenuBuilder.performItemAction(MenuBuilder.java:894)
E/WindowManager( 8710): 	at android.widget.ActionMenuView.invokeItem(ActionMenuView.java:587)
E/WindowManager( 8710): 	at com.android.internal.view.menu.ActionMenuItemView.onClick(ActionMenuItemView.java:141)
E/WindowManager( 8710): 	at android.view.View.performClick(View.java:4780)
E/WindowManager( 8710): 	at android.view.View$PerformClick.run(View.java:19866)
E/WindowManager( 8710): 	at android.os.Handler.handleCallback(Handler.java:739)
E/WindowManager( 8710): 	at android.os.Handler.dispatchMessage(Handler.java:95)
E/WindowManager( 8710): 	at android.os.Looper.loop(Looper.java:135)
E/WindowManager( 8710): 	at android.app.ActivityThread.main(ActivityThread.java:5254)
E/WindowManager( 8710): 	at java.lang.reflect.Method.invoke(Native Method)
E/WindowManager( 8710): 	at java.lang.reflect.Method.invoke(Method.java:372)
E/WindowManager( 8710): 	at com.android.internal.os.ZygoteInit$MethodAndArgsCaller.run(ZygoteInit.java:903)
E/WindowManager( 8710): 	at com.android.internal.os.ZygoteInit.main(ZygoteInit.java:698)
D/FaceManager( 8710): drawFaceRect filePath = /storage/sdcard/image/timg3.jpg
W/WindowManager( 3674): Failed looking up window
W/WindowManager( 3674): java.lang.IllegalArgumentException: Requested window android.os.BinderProxy@3aeda610 does not exist
W/WindowManager( 3674): 	at com.android.server.wm.WindowManagerService.windowForClientLocked(WindowManagerService.java:8540)
W/WindowManager( 3674): 	at com.android.server.wm.WindowManagerService.windowForClientLocked(WindowManagerService.java:8531)
W/WindowManager( 3674): 	at com.android.server.wm.WindowManagerService.removeWindow(WindowManagerService.java:2593)
W/WindowManager( 3674): 	at com.android.server.wm.Session.remove(Session.java:187)
W/WindowManager( 3674): 	at android.view.IWindowSession$Stub.onTransact(IWindowSession.java:233)
W/WindowManager( 3674): 	at com.android.server.wm.Session.onTransact(Session.java:130)
W/WindowManager( 3674): 	at android.os.Binder.execTransact(Binder.java:446)
D/FaceManager( 8710): drawFaceRect filePath = /storage/sdcard/image/timg3.jpg
D/FaceManager( 8710): drawFaceRect filePath = /storage/sdcard/image/timg3.jpg
D/FaceManager( 8710): drawFaceRect filePath = /storage/sdcard/image/timg3.jpg
D/FaceManager( 8710): drawFaceRect filePath = /storage/sdcard/image/timg3.jpg
W/PlatformStatsUtil( 4272): Could not retrieve Usage & Diagnostics setting. Giving up.
E/GCM     ( 3902): Missing checkin config file
W/GCM     ( 3902): GCM FAILED TO INITIALIZE - missing checkin
E/GCM     ( 3902): Missing checkin config file
W/GCM     ( 3902): GCM FAILED TO INITIALIZE - missing checkin
E/art     ( 4661): No implementation found for long org.android.spdy.SpdyAgent.initAgent(int, int, int) (tried Java_org_android_spdy_SpdyAgent_initAgent and Java_org_android_spdy_SpdyAgent_initAgent__III)
E/art     ( 4661): No implementation found for long org.android.spdy.SpdyAgent.initAgent(int, int, int) (tried Java_org_android_spdy_SpdyAgent_initAgent and Java_org_android_spdy_SpdyAgent_initAgent__III)
E/art     ( 4661): No implementation found for long org.android.spdy.SpdyAgent.initAgent(int, int, int) (tried Java_org_android_spdy_SpdyAgent_initAgent and Java_org_android_spdy_SpdyAgent_initAgent__III)
E/art     ( 4661): No implementation found for long org.android.spdy.SpdyAgent.initAgent(int, int, int) (tried Java_org_android_spdy_SpdyAgent_initAgent and Java_org_android_spdy_SpdyAgent_initAgent__III)
I/Process ( 8710): Sending signal. PID: 8710 SIG: 9
W/libprocessgroup( 3674): failed to open /acct/uid_10063/pid_8710/cgroup.procs: No such file or directory
I/ActivityManager( 3674): Process com.android.gallery3d (pid 8710) has died
I/WindowState( 3674): WIN DEATH: Window{31a61b9b u0 com.android.gallery3d/com.android.gallery3d.app.GalleryActivity}
W/WindowManager( 3674): Force-removing child win Window{baea711 u0 SurfaceView} from container Window{31a61b9b u0 com.android.gallery3d/com.android.gallery3d.app.GalleryActivity}
W/ActivityManager( 3674): Force removing ActivityRecord{18c74097 u0 com.android.gallery3d/.app.GalleryActivity t104}: app died, no saved state
W/WindowManager( 3674): Failed looking up window
W/WindowManager( 3674): java.lang.IllegalArgumentException: Requested window android.os.BinderProxy@35052b38 does not exist
W/WindowManager( 3674): 	at com.android.server.wm.WindowManagerService.windowForClientLocked(WindowManagerService.java:8540)
W/WindowManager( 3674): 	at com.android.server.wm.WindowManagerService.windowForClientLocked(WindowManagerService.java:8531)
W/WindowManager( 3674): 	at com.android.server.wm.WindowState$DeathRecipient.binderDied(WindowState.java:1142)
W/WindowManager( 3674): 	at android.os.BinderProxy.sendDeathNotice(Binder.java:551)
I/WindowState( 3674): WIN DEATH: null
W/SurfaceFlinger( 1162): setTransactionState timed out waiting for previous animation frame
I/Choreographer( 3674): Skipped 290 frames!  The application may be doing too much work on its main thread.
W/art     ( 3674): Long monitor contention event with owner method=void com.android.server.wm.WindowAnimator$1.run() from WindowAnimator.java:124 waiters=0 for 4.829s
W/art     ( 3674): Long monitor contention event with owner method=int com.android.server.wm.WindowManagerService.relayoutWindow(com.android.server.wm.Session, android.view.IWindow, int, android.view.WindowManager$LayoutParams, int, int, int, int, android.graphics.Rect, android.graphics.Rect, android.graphics.Rect, android.graphics.Rect, android.graphics.Rect, android.content.res.Configuration, android.view.Surface) from WindowManagerService.java:3012 waiters=0 for 1.134s
I/OpenGLRenderer( 3962): Initialized EGL, version 1.4
I/Choreographer( 3674): Skipped 381 frames!  The application may be doing too much work on its main thread.
W/art     ( 3674): Long monitor contention event with owner method=void com.android.server.wm.WindowManagerService$H.handleMessage(android.os.Message) from WindowManagerService.java:7696 waiters=1 for 235ms
I/Choreographer( 3962): Skipped 400 frames!  The application may be doing too much work on its main thread.
