--------- beginning of system
D/MccTable( 1763): updateMccMncConfiguration defaultMccMnc=
D/MccTable( 1763): updateMccMncConfiguration: mcc=310, mnc=260
D/MccTable( 1763): defaultLanguageForMcc(310): country us uses en
D/MccTable( 1763): getLocaleFromMcc to en_us mcc=310
D/MccTable( 1763): getLocaleForLanguageCountry: not permitted to update locale
D/MccTable( 1763): WIFI_COUNTRY_CODE set to us
D/WifiService( 1556): New client listening to asynchronous messages
I/WifiService( 1556): WifiService trying to set country code to us with persist set to true
I/StatusBarManagerService( 1556): registerStatusBar bar=com.android.internal.statusbar.IStatusBar$Stub$Proxy@1e948fe2
I/DropBoxManagerService( 1556): Cleaning temp file: /data/system/dropbox/drop178.tmp
W/KeyphraseEnrollmentInfo( 1698): Enrollment application doesn't support keyphrases
D/WifiService( 1556): New client listening to asynchronous messages
I/UsageStatsService( 1556): User[0] Flushing usage stats to disk
V/WindowManager( 1556): Based on layer: Adding window Window{250911c0 u0 com.google.android.googlequicksearchbox/com.google.android.launcher.GEL} at 0 of 2
I/UsageStatsDatabase( 1556): Moving file /data/system/usagestats/0/daily/1492387208340 to /data/system/usagestats/0/daily/1492387211729
I/UsageStatsDatabase( 1556): Moving file /data/system/usagestats/0/daily/1492473608340 to /data/system/usagestats/0/daily/1492473611729
I/UsageStatsDatabase( 1556): Moving file /data/system/usagestats/0/daily/1492560008340 to /data/system/usagestats/0/daily/1492560011729
I/UsageStatsDatabase( 1556): Moving file /data/system/usagestats/0/daily/1492646405543 to /data/system/usagestats/0/daily/1492646408932
I/UsageStatsDatabase( 1556): Moving file /data/system/usagestats/0/daily/1492905600000 to /data/system/usagestats/0/daily/1492905603389
I/UsageStatsDatabase( 1556): Moving file /data/system/usagestats/0/daily/1492992000000 to /data/system/usagestats/0/daily/1492992003389
I/UsageStatsDatabase( 1556): Moving file /data/system/usagestats/0/weekly/1491436810967 to /data/system/usagestats/0/weekly/1491436814356
I/UsageStatsDatabase( 1556): Moving file /data/system/usagestats/0/weekly/1492041610967 to /data/system/usagestats/0/weekly/1492041614356
I/UsageStatsDatabase( 1556): Moving file /data/system/usagestats/0/weekly/1492646405543 to /data/system/usagestats/0/weekly/1492646408932
I/UsageStatsDatabase( 1556): Moving file /data/system/usagestats/0/monthly/1490400010967 to /data/system/usagestats/0/monthly/1490400014356
I/UsageStatsDatabase( 1556): Moving file /data/system/usagestats/0/monthly/1492992000000 to /data/system/usagestats/0/monthly/1492992003389
I/UsageStatsDatabase( 1556): Moving file /data/system/usagestats/0/yearly/1482192010967 to /data/system/usagestats/0/yearly/1482192014356
D/MccTable( 1763): updateMccMncConfiguration mccmnc='310260' fromServiceState=false
D/MccTable( 1763): updateMccMncConfiguration defaultMccMnc=
D/MccTable( 1763): updateMccMncConfiguration: mcc=310, mnc=260
D/MccTable( 1763): defaultLanguageForMcc(310): country us uses en
D/MccTable( 1763): getLocaleFromMcc to en_us mcc=310
D/MccTable( 1763): getLocaleForLanguageCountry: not permitted to update locale
D/MccTable( 1763): updateMccMncConfiguration updateConfig config={1.0 310mcc260mnc ?locale ?layoutDir ?swdp ?wdp ?hdp ?density ?lsize ?long ?orien ?uimode ?night ?touch ?keyb/?/? ?nav/?}
I/ActivityManager( 1556): Config changes=3 {1.0 310mcc260mnc en_US ?layoutDir sw360dp w360dp h567dp 480dpi nrml port finger -keyb/v/h -nav/h s.5}
I/UsageStatsService( 1556): User[0] Rollover scheduled @ 2017-04-25 00:00:00(1493078400000)
V/BackupManagerService( 1556): Connected to transport ComponentInfo{com.google.android.gms/com.google.android.gms.backup.BackupTransportService}
V/BackupManagerService( 1556): Registering transport com.google.android.gms/.backup.BackupTransportService::com.google.android.gms/.backup.BackupTransportService = com.android.internal.backup.IBackupTransport$Stub$Proxy@3c6c6e4c
D/WifiService( 1556): New client listening to asynchronous messages
D/ConnectivityService( 1556): listenForNetwork for NetworkRequest [ id=2, legacyType=-1, [] ]
D/MccTable( 1763): updateMccMncConfiguration mccmnc='310260' fromServiceState=false
D/MccTable( 1763): updateMccMncConfiguration defaultMccMnc=310260
D/MccTable( 1763): updateMccMncConfiguration: mcc=310, mnc=260
D/MccTable( 1763): defaultLanguageForMcc(310): country us uses en
D/MccTable( 1763): getLocaleFromMcc to en_us mcc=310
D/MccTable( 1763): getLocaleForLanguageCountry: not permitted to update locale
D/MccTable( 1763): updateMccMncConfiguration updateConfig config={1.0 310mcc260mnc ?locale ?layoutDir ?swdp ?wdp ?hdp ?density ?lsize ?long ?orien ?uimode ?night ?touch ?keyb/?/? ?nav/?}
V/WindowManager( 1556): Based on layer: Adding window Window{2ff5d09 u0 com.google.android.googlequicksearchbox/com.google.android.launcher.GEL} at 0 of 6
D/MccTable( 1763): updateMccMncConfiguration mccmnc='310260' fromServiceState=false
D/MccTable( 1763): updateMccMncConfiguration defaultMccMnc=310260
D/MccTable( 1763): updateMccMncConfiguration: mcc=310, mnc=260
D/MccTable( 1763): defaultLanguageForMcc(310): country us uses en
D/MccTable( 1763): getLocaleFromMcc to en_us mcc=310
D/MccTable( 1763): getLocaleForLanguageCountry: not permitted to update locale
D/MccTable( 1763): updateMccMncConfiguration updateConfig config={1.0 310mcc260mnc ?locale ?layoutDir ?swdp ?wdp ?hdp ?density ?lsize ?long ?orien ?uimode ?night ?touch ?keyb/?/? ?nav/?}
D/WifiService( 1556): New client listening to asynchronous messages
I/SystemServiceManager( 1556): Starting phase 1000
W/KeyguardServiceDelegate( 1556): onScreenTurnedOn(): no keyguard service!
E/libprocessgroup( 2134): failed to make and chown /acct/uid_10036: Read-only file system
I/ActivityManager( 1556): Start proc 2134:com.google.android.apps.maps/u0a36 for broadcast com.google.android.apps.maps/com.google.android.apps.gmm.iamhere.ble.StartBleServiceReceiver
D/ConnectivityService( 1556): registerNetworkAgent NetworkAgentInfo{ ni{[type: MOBILE[LTE], state: CONNECTED/CONNECTED, reason: connected, extra: epc.tmobile.com, roaming: false, failover: false, isAvailable: true, isConnectedToProvisioningNetwork: false]}  network{null}  lp{{InterfaceName: eth0 LinkAddresses: [10.0.2.15/32,]  Routes: [0.0.0.0/0 -> 10.0.2.2 eth0,] DnsAddresses: [10.0.2.3,10.0.2.4,] Domains: null MTU: 1500 TcpBufferSizes: 524288,1048576,2097152,262144,524288,1048576}}  nc{[ Transports: CELLULAR Capabilities: MMS&SUPL&FOTA&IMS&CBS&IA&INTERNET&NOT_RESTRICTED&TRUSTED&NOT_VPN LinkUpBandwidth>=51200Kbps LinkDnBandwidth>=102400Kbps Specifier: <1>]}  Score{10}  everValidated{false}  lastValidated{false}  created{false}  explicitlySelected{false} }
D/ConnectivityService( 1556): NetworkAgentInfo [MOBILE (LTE) - 100] EVENT_NETWORK_INFO_CHANGED, going from null to CONNECTED
D/ConnectivityService( 1556): Adding iface eth0 to network 100
D/ConnectivityService( 1556): setProvNotificationVisible: E visible=false networkType=0 action=com.android.internal.telephony.PROVISION0
D/ConnectivityService( 1556): setProvNotificationVisibleIntent: E visible=false networkType=0 extraInfo=null
D/ConnectivityService( 1556): Setting MTU size: eth0, 1500
D/ConnectivityService( 1556): Adding Route [0.0.0.0/0 -> 10.0.2.2 eth0] to network 100
D/ConnectivityService( 1556): Setting Dns servers for network 100 to [/10.0.2.3, /10.0.2.4]
D/ConnectivityService( 1556): notifyType IP_CHANGED for NetworkAgentInfo [MOBILE (LTE) - 100]
D/ConnectivityService( 1556): notifyType PRECHECK for NetworkAgentInfo [MOBILE (LTE) - 100]
D/ConnectivityService( 1556): rematching NetworkAgentInfo [MOBILE (LTE) - 100]
D/ConnectivityService( 1556):    accepting network in place of null
D/ConnectivityService( 1556): Switching to new default network: NetworkAgentInfo{ ni{[type: MOBILE[LTE], state: CONNECTED/CONNECTED, reason: connected, extra: epc.tmobile.com, roaming: false, failover: false, isAvailable: true, isConnectedToProvisioningNetwork: false]}  network{100}  lp{{InterfaceName: eth0 LinkAddresses: [10.0.2.15/32,]  Routes: [0.0.0.0/0 -> 10.0.2.2 eth0,] DnsAddresses: [10.0.2.3,10.0.2.4,] Domains: null MTU: 1500 TcpBufferSizes: 524288,1048576,2097152,262144,524288,1048576}}  nc{[ Transports: CELLULAR Capabilities: MMS&SUPL&FOTA&IMS&CBS&IA&INTERNET&NOT_RESTRICTED&TRUSTED&NOT_VPN LinkUpBandwidth>=51200Kbps LinkDnBandwidth>=102400Kbps Specifier: <1>]}  Score{10}  everValidated{false}  lastValidated{false}  created{true}  explicitlySelected{false} }
E/ConnectivityService( 1556): Exception in setupDataActivityTracking java.lang.IllegalStateException: command '15 idletimer add eth0 5 0' failed with '400 15 Failed to add interface'
D/ConnectivityService( 1556): Setting tx/rx TCP buffers to 524288,1048576,2097152,262144,524288,1048576
D/ConnectivityService( 1556): notifyType AVAILABLE for NetworkAgentInfo [MOBILE (LTE) - 100]
D/CSLegacyTypeTracker( 1556): Sending connected broadcast for type 0 NetworkAgentInfo [MOBILE (LTE) - 100] isDefaultNetwork=true
D/ConnectivityService( 1556): sendStickyBroadcast: action=android.net.conn.CONNECTIVITY_CHANGE_IMMEDIATE
D/ConnectivityService( 1556): sendStickyBroadcast: action=android.net.conn.CONNECTIVITY_CHANGE
W/WindowManager( 1556): Timeout waiting for drawn: undrawn=[Window{30ef9629 u0 StatusBar}]
W/WindowManager( 1556): Window freeze timeout expired.
W/WindowManager( 1556): Force clearing orientation change: Window{3db0e147 u0 NavigationBar}
W/WindowManager( 1556): Force clearing orientation change: Window{30ef9629 u0 StatusBar}
W/WindowManager( 1556): Force clearing orientation change: Window{2e80190b u0 com.android.systemui.ImageWallpaper}
W/WindowManager( 1556): Keyguard drawn timeout. Setting mKeyguardDrawComplete
D/WifiService( 1556): New client listening to asynchronous messages
V/BackupManagerService( 1556): Scheduling immediate backup pass
V/BackupManagerService( 1556): Running a backup pass
V/BackupManagerService( 1556): clearing pending backups
V/PerformBackupTask( 1556): Beginning backup of 8 targets
I/PerformBackupTask( 1556): Initializing (wiping) backup state and transport storage
D/BackupManagerService( 1556): Now staging backup of com.android.providers.settings
D/BackupManagerService( 1556): Now staging backup of android
D/BackupManagerService( 1556): Now staging backup of com.android.providers.userdictionary
D/BackupManagerService( 1556): Now staging backup of com.android.dialer
D/BackupManagerService( 1556): Now staging backup of com.android.sharedstoragebackup
D/BackupManagerService( 1556): Now staging backup of com.google.android.googlequicksearchbox
D/BackupManagerService( 1556): Now staging backup of com.android.browser
D/BackupManagerService( 1556): Now staging backup of com.android.calendar
W/ActivityThread( 2134): ClassLoader.loadClass: The class loader returned by Thread.getContextClassLoader() may fail for processes that host multiple applications. You should explicitly specify a context class loader. For example: Thread.setContextClassLoader(getClass().getClassLoader());
D/PerformBackupTask( 1556): invokeAgentForBackup on @pm@
I/PMBA    ( 1556): Previous metadata null mismatch vs 3728910 - rewriting
I/BackupRestoreController( 1556): Getting widget state for user: 0
I/ActivityManager( 1556): Start proc 2208:android.process.media/u0a5 for broadcast com.android.providers.downloads/.DownloadReceiver
E/libprocessgroup( 2208): failed to make and chown /acct/uid_10005: Read-only file system
W/WindowManager( 1556): App freeze timeout expired.
I/BackupManagerService( 1556): Backup pass finished.
E/libprocessgroup( 2233): failed to make and chown /acct/uid_10006: Read-only file system
I/ActivityManager( 1556): Start proc 2233:com.android.externalstorage/u0a6 for broadcast com.android.externalstorage/.MountReceiver
I/ActivityManager( 1556): Start proc 2259:com.google.android.gms/u0a7 for service com.google.android.gms/.icing.service.IndexService
E/libprocessgroup( 2259): failed to make and chown /acct/uid_10007: Read-only file system
W/ResourcesManager( 2259): Asset path '/system/framework/com.android.media.remotedisplay.jar' does not exist or contains no resources.
W/ResourcesManager( 2259): Asset path '/system/framework/com.android.location.provider.jar' does not exist or contains no resources.
E/libprocessgroup( 2308): failed to make and chown /acct/uid_10018: Read-only file system
I/ActivityManager( 1556): Start proc 2308:com.android.calendar/u0a18 for broadcast com.android.calendar/.widget.CalendarAppWidgetService$CalendarFactory
E/libprocessgroup( 2332): failed to make and chown /acct/uid_10022: Read-only file system
I/ActivityManager( 1556): Start proc 2332:com.android.deskclock/u0a22 for broadcast com.android.deskclock/.AlarmInitReceiver
E/libprocessgroup( 2348): failed to make and chown /acct/uid_10001: Read-only file system
I/ActivityManager( 1556): Start proc 2348:com.android.providers.calendar/u0a1 for content provider com.android.providers.calendar/.CalendarProvider2
W/ResourcesManager( 2348): Asset path '/system/framework/android.test.runner.jar' does not exist or contains no resources.
E/libprocessgroup( 2369): failed to make and chown /acct/uid_10037: Read-only file system
I/ActivityManager( 1556): Start proc 2369:com.android.music/u0a37 for broadcast com.android.music/.MediaButtonIntentReceiver
I/ActivityManager( 1556): Start proc 2389:com.android.keychain/1000 for service com.android.keychain/.KeyChainService
E/libprocessgroup( 2389): failed to make and chown /acct/uid_1000: Read-only file system
E/libprocessgroup( 2399): failed to make and chown /acct/uid_10004: Read-only file system
I/ActivityManager( 1556): Start proc 2399:com.android.dialer/u0a4 for broadcast com.android.dialer/.calllog.CallLogReceiver
I/BootReceiver( 1556): Copying audit failures to DropBox
I/BootReceiver( 1556): Checking for fsck errors
D/ConnectivityService( 1556): Got NetworkFactory Messenger for WIFI
D/ConnectivityService( 1556): Got NetworkFactory Messenger for WIFI_UT
E/libprocessgroup( 2431): failed to make and chown /acct/uid_10008: Read-only file system
I/ActivityManager( 1556): Start proc 2431:com.android.managedprovisioning/u0a8 for broadcast com.android.managedprovisioning/.BootReminder
I/ActivityManager( 1556): Start proc 2454:com.android.mms/u0a9 for broadcast com.android.mms/.transaction.MmsSystemEventReceiver
E/libprocessgroup( 2454): failed to make and chown /acct/uid_10009: Read-only file system
D/CountryDetector( 1556): The first listener is added
E/libprocessgroup( 2487): failed to make and chown /acct/uid_1000: Read-only file system
I/ActivityManager( 1556): Start proc 2487:com.android.settings/1000 for broadcast com.android.settings/.sim.SimBootReceiver
E/ActivityThread( 1975): Failed to find provider info for com.google.android.partnersetup.rlzappprovider
I/ActivityManager( 1556): Start proc 2531:com.android.email/u0a26 for broadcast com.android.email/.service.EmailBroadcastReceiver
E/libprocessgroup( 2531): failed to make and chown /acct/uid_10026: Read-only file system
E/libprocessgroup( 2575): failed to make and chown /acct/uid_10028: Read-only file system
I/ActivityManager( 1556): Start proc 2575:com.android.exchange/u0a28 for service com.android.exchange/.service.EasService
I/ActivityManager( 1556): Start proc 2595:com.google.android.gms.ui/u0a7 for service com.google.android.gms/.chimera.UiIntentOperationService
E/libprocessgroup( 2595): failed to make and chown /acct/uid_10007: Read-only file system
D/ActivityThread( 2531): Loading provider com.android.email.provider;com.android.email.notifier: com.android.email.provider.EmailProvider
W/ResourcesManager( 2595): Asset path '/system/framework/com.android.media.remotedisplay.jar' does not exist or contains no resources.
W/ResourcesManager( 2595): Asset path '/system/framework/com.android.location.provider.jar' does not exist or contains no resources.
E/libprocessgroup( 2625): failed to make and chown /acct/uid_10060: Read-only file system
I/ActivityManager( 1556): Start proc 2625:com.wandoujia.phoenix2:channel/u0a60 for broadcast com.wandoujia.phoenix2/com.taobao.accs.EventReceiver
W/ActivityManager( 1556): Unable to start service Intent { cmp=com.android.email/.service.AttachmentService } U=0: not found
W/ActivityManager( 1556): Unable to start service Intent { cmp=com.android.email/.service.AttachmentService } U=0: not found
W/ActivityManager( 1556): getRunningAppProcesses: caller 10060 does not hold REAL_GET_TASKS; limiting output
W/ActivityManager( 1556): getRunningAppProcesses: caller 10060 does not hold REAL_GET_TASKS; limiting output
W/ActivityManager( 1556): getTasks: caller 10060 does not hold REAL_GET_TASKS; limiting output
W/ActivityManager( 1556): getRunningAppProcesses: caller 10060 does not hold REAL_GET_TASKS; limiting output
E/ActivityThread( 2531): Service com.android.email.service.EmailBroadcastProcessorService has leaked ServiceConnection com.android.emailcommon.service.ServiceProxy$ProxyConnection@2c2809fe that was originally bound here
E/ActivityThread( 2531): android.app.ServiceConnectionLeaked: Service com.android.email.service.EmailBroadcastProcessorService has leaked ServiceConnection com.android.emailcommon.service.ServiceProxy$ProxyConnection@2c2809fe that was originally bound here
E/ActivityThread( 2531): 	at android.app.LoadedApk$ServiceDispatcher.<init>(LoadedApk.java:1077)
E/ActivityThread( 2531): 	at android.app.LoadedApk.getServiceDispatcher(LoadedApk.java:971)
E/ActivityThread( 2531): 	at android.app.ContextImpl.bindServiceCommon(ContextImpl.java:1774)
E/ActivityThread( 2531): 	at android.app.ContextImpl.bindService(ContextImpl.java:1757)
E/ActivityThread( 2531): 	at android.content.ContextWrapper.bindService(ContextWrapper.java:539)
E/ActivityThread( 2531): 	at com.android.emailcommon.service.ServiceProxy.setTask(ServiceProxy.java:181)
E/ActivityThread( 2531): 	at com.android.emailcommon.service.ServiceProxy.test(ServiceProxy.java:224)
E/ActivityThread( 2531): 	at com.android.email.service.EmailServiceUtils.isServiceAvailable(EmailServiceUtils.java:160)
E/ActivityThread( 2531): 	at com.android.email.provider.AccountReconciler.reconcileAccountsInternal(AccountReconciler.java:171)
E/ActivityThread( 2531): 	at com.android.email.provider.AccountReconciler.reconcileAccounts(AccountReconciler.java:115)
E/ActivityThread( 2531): 	at com.android.email.service.EmailBroadcastProcessorService.reconcileAndStartServices(EmailBroadcastProcessorService.java:305)
E/ActivityThread( 2531): 	at com.android.email.service.EmailBroadcastProcessorService.onBootCompleted(EmailBroadcastProcessorService.java:295)
E/ActivityThread( 2531): 	at com.android.email.service.EmailBroadcastProcessorService.onHandleIntent(EmailBroadcastProcessorService.java:130)
E/ActivityThread( 2531): 	at android.app.IntentService$ServiceHandler.handleMessage(IntentService.java:65)
E/ActivityThread( 2531): 	at android.os.Handler.dispatchMessage(Handler.java:102)
E/ActivityThread( 2531): 	at android.os.Looper.loop(Looper.java:135)
E/ActivityThread( 2531): 	at android.os.HandlerThread.run(HandlerThread.java:61)
D/WifiService( 1556): New client listening to asynchronous messages
W/ActivityManager( 1556): getRunningAppProcesses: caller 10060 does not hold REAL_GET_TASKS; limiting output
E/ActivityThread( 2259): Failed to find provider info for com.google.android.wearable.settings
W/ActivityManager( 1556): getRunningAppProcesses: caller 10060 does not hold REAL_GET_TASKS; limiting output
W/ActivityManager( 1556): getRunningAppProcesses: caller 10060 does not hold REAL_GET_TASKS; limiting output
W/ActivityManager( 1556): getRunningAppProcesses: caller 10060 does not hold REAL_GET_TASKS; limiting output
E/libprocessgroup( 2719): failed to make and chown /acct/uid_10007: Read-only file system
W/ActivityManager( 1556): getRunningAppProcesses: caller 10060 does not hold REAL_GET_TASKS; limiting output
I/ActivityManager( 1556): Start proc 2719:com.google.android.gms.unstable/u0a7 for service com.google.android.gms/.droidguard.DroidGuardService
W/ActivityManager( 1556): Unable to start service Intent { act=com.google.android.gms.analytics.service.START cmp=com.google.android.gms/.analytics.service.AnalyticsService (has extras) } U=0: not found
I/ActivityManager( 1556): Start proc 2737:com.wandoujia.phoenix2/u0a60 for service com.wandoujia.phoenix2/.TaobaoIntentService
E/libprocessgroup( 2737): failed to make and chown /acct/uid_10060: Read-only file system
W/ResourcesManager( 2719): Asset path '/system/framework/com.android.media.remotedisplay.jar' does not exist or contains no resources.
W/ResourcesManager( 2719): Asset path '/system/framework/com.android.location.provider.jar' does not exist or contains no resources.
W/ActivityManager( 1556): Unable to start service Intent { act=org.rome.android.IPP_CALL pkg=com.eg.android.AlipayGphone cmp=com.eg.android.AlipayGphone/org.rome.android.ipp.binder.IppService (has extras) } U=0: not found
W/ActivityManager( 1556): Unable to start service Intent { pkg=com.wandoujia.phoenix2 cmp=com.wandoujia.phoenix2/com.taobao.accs.ChannelService$KernelService } U=0: not found
W/ActivityManager( 1556): getRunningAppProcesses: caller 10060 does not hold REAL_GET_TASKS; limiting output
W/ActivityManager( 1556): getRunningAppProcesses: caller 10060 does not hold REAL_GET_TASKS; limiting output
W/ActivityManager( 1556): getRunningAppProcesses: caller 10060 does not hold REAL_GET_TASKS; limiting output
W/ActivityManager( 1556): getTasks: caller 10060 does not hold REAL_GET_TASKS; limiting output
W/ActivityManager( 1556): getRunningAppProcesses: caller 10060 does not hold REAL_GET_TASKS; limiting output
W/ActivityManager( 1556): getRunningAppProcesses: caller 10060 does not hold REAL_GET_TASKS; limiting output
W/ActivityManager( 1556): getRunningAppProcesses: caller 10060 does not hold REAL_GET_TASKS; limiting output
I/ActivityManager( 1556): Start proc 2833:com.wandoujia.phoenix2.usbproxy/u0a59 for service com.wandoujia.phoenix2.usbproxy/com.wandoujia.phoenix2.services.ConnectionService
E/libprocessgroup( 2833): failed to make and chown /acct/uid_10059: Read-only file system
W/ActivityManager( 1556): getRunningAppProcesses: caller 10060 does not hold REAL_GET_TASKS; limiting output
W/ActivityManager( 1556): getRunningAppProcesses: caller 10060 does not hold REAL_GET_TASKS; limiting output
I/ActivityManager( 1556): Start proc 2888:com.wandoujia.phoenix2:update_service/u0a60 for service com.wandoujia.phoenix2/com.wandoujia.update.RemoteUpdateService
E/libprocessgroup( 2888): failed to make and chown /acct/uid_10060: Read-only file system
W/ActivityManager( 1556): getRunningAppProcesses: caller 10060 does not hold REAL_GET_TASKS; limiting output
I/ActivityManager( 1556): Delay finish: com.android.calendar/.alerts.AlertReceiver
W/ActivityManager( 1556): getRunningAppProcesses: caller 10060 does not hold REAL_GET_TASKS; limiting output
W/ActivityManager( 1556): getRunningAppProcesses: caller 10060 does not hold REAL_GET_TASKS; limiting output
W/ActivityManager( 1556): getTasks: caller 10060 does not hold REAL_GET_TASKS; limiting output
W/ActivityManager( 1556): getRunningAppProcesses: caller 10060 does not hold REAL_GET_TASKS; limiting output
I/ActivityManager( 1556): Resuming delayed broadcast
D/WifiService( 1556): New client listening to asynchronous messages
D/WifiService( 1556): New client listening to asynchronous messages
W/ActivityManager( 1556): getRunningAppProcesses: caller 10060 does not hold REAL_GET_TASKS; limiting output
W/ActivityManager( 1556): getRunningAppProcesses: caller 10060 does not hold REAL_GET_TASKS; limiting output
W/ActivityManager( 1556): getRunningAppProcesses: caller 10060 does not hold REAL_GET_TASKS; limiting output
W/ActivityManager( 1556): getRunningAppProcesses: caller 10060 does not hold REAL_GET_TASKS; limiting output
W/ActivityManager( 1556): getRunningAppProcesses: caller 10060 does not hold REAL_GET_TASKS; limiting output
W/ActivityManager( 1556): getRunningAppProcesses: caller 10060 does not hold REAL_GET_TASKS; limiting output
W/ActivityManager( 1556): getRunningAppProcesses: caller 10060 does not hold REAL_GET_TASKS; limiting output
I/ActivityManager( 1556): Delay finish: com.google.android.gms/.stats.service.DropBoxEntryAddedReceiver
I/ActivityManager( 1556): Resuming delayed broadcast
W/ActivityManager( 1556): Unable to start service Intent { act=com.google.android.gms.analytics.service.START cmp=com.google.android.gms/.analytics.service.AnalyticsService (has extras) } U=0: not found
W/ActivityManager( 1556): getRunningAppProcesses: caller 10060 does not hold REAL_GET_TASKS; limiting output
W/PackageParser( 2737): Provider exported request ignored due to singleUser: com.android.providers.telephony.TelephonyProvider at /system/priv-app/TelephonyProvider/TelephonyProvider.apk Binary XML file line #32
W/PackageParser( 2737): Provider exported request ignored due to singleUser: com.android.providers.telephony.SmsProvider at /system/priv-app/TelephonyProvider/TelephonyProvider.apk Binary XML file line #41
W/PackageParser( 2737): Provider exported request ignored due to singleUser: com.android.providers.telephony.MmsProvider at /system/priv-app/TelephonyProvider/TelephonyProvider.apk Binary XML file line #52
W/PackageParser( 2737): Provider exported request ignored due to singleUser: com.android.providers.telephony.MmsSmsProvider at /system/priv-app/TelephonyProvider/TelephonyProvider.apk Binary XML file line #66
W/PackageParser( 2737): Provider exported request ignored due to singleUser: com.android.providers.telephony.HbpcdLookupProvider at /system/priv-app/TelephonyProvider/TelephonyProvider.apk Binary XML file line #74
I/ActivityManager( 1556): Delay finish: com.android.providers.calendar/.CalendarProviderBroadcastReceiver
I/ActivityManager( 1556): Resuming delayed broadcast
W/PackageParser( 2737): No actions in intent filter at /system/priv-app/Contacts/Contacts.apk Binary XML file line #356
W/PackageParser( 2737): Provider exported request ignored due to singleUser: com.android.providers.settings.SettingsProvider at /system/priv-app/SettingsProvider/SettingsProvider.apk Binary XML file line #15
W/PackageParser( 2737): Unknown element under <intent-filter>: android at /system/priv-app/Telecom/Telecom.apk Binary XML file line #232
W/PackageParser( 2737): No actions in intent filter at /system/priv-app/Dialer/Dialer.apk Binary XML file line #166
W/PackageParser( 2737): No actions in intent filter at /data/app/com.android.gallery3d-1/base.apk Binary XML file line #61
W/PackageParser( 2737): Unknown element under <application>: permission at /data/app/com.android.gallery3d-1/base.apk Binary XML file line #303
W/PackageParser( 2737): Unknown element under <application>: permission at /data/app/com.android.gallery3d-1/base.apk Binary XML file line #306
W/PackageParser( 2737): No actions in intent filter at /data/app/ApiDemos/ApiDemos.apk Binary XML file line #3027
W/PackageParser( 2737): No actions in intent filter at /data/app/ApiDemos/ApiDemos.apk Binary XML file line #3033
W/PackageParser( 2737): Service exported request ignored due to singleUser: com.android.systemui.doze.DozeService at /system/priv-app/SystemUI/SystemUI.apk Binary XML file line #374
W/IntentResolver( 1556): resolveIntent: multiple matches, only some with CATEGORY_DEFAULT
D/BackupManagerService( 1556): Received broadcast Intent { act=android.intent.action.PACKAGE_CHANGED dat=package:com.google.android.gms flg=0x4000010 (has extras) }
I/BackupManagerService( 1556): Unbinding ComponentInfo{com.google.android.gms/com.google.android.gms.backup.BackupTransportService}
W/IntentResolver( 1556): resolveIntent: multiple matches, only some with CATEGORY_DEFAULT
W/IntentResolver( 1556): resolveIntent: multiple matches, only some with CATEGORY_DEFAULT
I/BackupManagerService( 1556): Binding to transport host ComponentInfo{com.google.android.gms/com.google.android.gms.backup.BackupTransportService}
W/IntentResolver( 1556): resolveIntent: multiple matches, only some with CATEGORY_DEFAULT
W/IntentResolver( 1556): resolveIntent: multiple matches, only some with CATEGORY_DEFAULT
W/IntentResolver( 1556): resolveIntent: multiple matches, only some with CATEGORY_DEFAULT
W/IntentResolver( 1556): resolveIntent: multiple matches, only some with CATEGORY_DEFAULT
W/IntentResolver( 1556): resolveIntent: multiple matches, only some with CATEGORY_DEFAULT
I/ActivityManager( 1556): Start proc 3003:com.wandoujia.phoenix2:accessibility/u0a60 for content provider com.wandoujia.phoenix2/com.wandoujia.accessibility.content_provider.AccessibilityContentProvider
E/libprocessgroup( 3003): failed to make and chown /acct/uid_10060: Read-only file system
W/ActivityManager( 1556): getRunningAppProcesses: caller 10060 does not hold REAL_GET_TASKS; limiting output
E/libprocessgroup( 3020): failed to make and chown /acct/uid_10063: Read-only file system
I/ActivityManager( 1556): Start proc 3020:com.android.gallery3d/u0a63 for broadcast com.android.gallery3d/.app.PackagesMonitor
V/BackupManagerService( 1556): Connected to transport ComponentInfo{com.google.android.gms/com.google.android.gms.backup.BackupTransportService}
V/BackupManagerService( 1556): Registering transport com.google.android.gms/.backup.BackupTransportService::com.google.android.gms/.backup.BackupTransportService = com.android.internal.backup.IBackupTransport$Stub$Proxy@1ebf7a50
W/ActivityManager( 1556): getRunningAppProcesses: caller 10060 does not hold REAL_GET_TASKS; limiting output
W/ActivityManager( 1556): getTasks: caller 10060 does not hold REAL_GET_TASKS; limiting output
V/BackupManagerService( 1556): Scheduling immediate backup pass
W/ActivityManager( 1556): getRunningAppProcesses: caller 10060 does not hold REAL_GET_TASKS; limiting output
V/BackupManagerService( 1556): Running a backup pass
V/BackupManagerService( 1556): clearing pending backups
V/PerformBackupTask( 1556): Beginning backup of 8 targets
I/PerformBackupTask( 1556): Initializing (wiping) backup state and transport storage
D/BackupManagerService( 1556): Now staging backup of com.android.providers.settings
D/BackupManagerService( 1556): Now staging backup of android
D/BackupManagerService( 1556): Now staging backup of com.android.providers.userdictionary
D/BackupManagerService( 1556): Now staging backup of com.android.dialer
D/BackupManagerService( 1556): Now staging backup of com.android.sharedstoragebackup
D/BackupManagerService( 1556): Now staging backup of com.google.android.googlequicksearchbox
D/BackupManagerService( 1556): Now staging backup of com.android.browser
D/BackupManagerService( 1556): Now staging backup of com.android.calendar
W/ActivityManager( 1556): getRunningAppProcesses: caller 10060 does not hold REAL_GET_TASKS; limiting output
W/ActivityManager( 1556): getRunningAppProcesses: caller 10060 does not hold REAL_GET_TASKS; limiting output
W/ActivityManager( 1556): getRunningAppProcesses: caller 10060 does not hold REAL_GET_TASKS; limiting output
D/PerformBackupTask( 1556): invokeAgentForBackup on @pm@
I/PMBA    ( 1556): Previous metadata null mismatch vs 3728910 - rewriting
I/BackupRestoreController( 1556): Getting widget state for user: 0
I/BackupManagerService( 1556): Backup pass finished.
W/ActivityManager( 1556): getRunningAppProcesses: caller 10060 does not hold REAL_GET_TASKS; limiting output
I/ActivityManager( 1556): Waited long enough for: ServiceRecord{270daea4 u0 com.android.music/.MediaPlaybackService}
I/ActivityManager( 1556): Waited long enough for: ServiceRecord{20f1e8f6 u0 com.android.calendar/.alerts.InitAlarmsService}
I/ActivityManager( 1556): Killing 1832:com.android.printspooler/u0a44 (adj 15): empty #17
W/libprocessgroup( 1556): failed to open /acct/uid_10044/pid_1832/cgroup.procs: No such file or directory
I/ActivityManager( 1556): Waited long enough for: ServiceRecord{2e34793b u0 com.wandoujia.phoenix2/com.wandoujia.jupiter.update.UpdateService}
I/ActivityManager( 1556): Killing 2233:com.android.externalstorage/u0a6 (adj 15): empty #17
W/libprocessgroup( 1556): failed to open /acct/uid_10006/pid_2233/cgroup.procs: No such file or directory
W/ActivityManager( 1556): getRunningAppProcesses: caller 10060 does not hold REAL_GET_TASKS; limiting output
I/ActivityManager( 1556): START u0 {act=android.intent.action.MAIN cat=[android.intent.category.LAUNCHER] flg=0x10200000 cmp=com.android.gallery3d/.app.GalleryActivity (has extras)} from uid 10013 on display 0
V/WindowManager( 1556): addAppToken: AppWindowToken{3fba88cc token=Token{200ee2ff ActivityRecord{28fe4a1e u0 com.android.gallery3d/.app.GalleryActivity t98}}} to stack=1 task=98 at 0
V/WindowManager( 1556): Adding window Window{17d5c7e7 u0 Starting com.android.gallery3d} at 2 of 7 (after Window{2ff5d09 u0 com.google.android.googlequicksearchbox/com.google.android.launcher.GEL})
V/ActivityManager( 1556): Display changed displayId=0
V/WindowManager( 1556): Adding window Window{f8a78d7 u0 com.android.gallery3d/com.android.gallery3d.app.GalleryActivity} at 2 of 8 (before Window{17d5c7e7 u0 Starting com.android.gallery3d})
V/WindowManager( 1556): Adding window Window{3ca3b6a9 u0 SurfaceView} at 2 of 9 (before Window{f8a78d7 u0 com.android.gallery3d/com.android.gallery3d.app.GalleryActivity})
D/TaskPersister( 1556): removeObsoleteFile: deleting file=95_task.xml
D/TaskPersister( 1556): removeObsoleteFile: deleting file=95_task_thumbnail.png
V/WindowManager( 1556): Adding window Window{14fad624 u0 PopupWindow:1b29cf23} at 4 of 9 (after Window{f8a78d7 u0 com.android.gallery3d/com.android.gallery3d.app.GalleryActivity})
I/ActivityManager( 1556): START u0 {dat=/storage/sdcard/image/timg3.jpg cmp=com.android.gallery3d/.faceditor.FaceListActivity} from uid 10063 on display 0
V/WindowManager( 1556): addAppToken: AppWindowToken{1bcfa18e token=Token{124dbd89 ActivityRecord{28213090 u0 com.android.gallery3d/.faceditor.FaceListActivity t98}}} to stack=1 task=98 at 1
V/WindowManager( 1556): Adding window Window{2dcba945 u0 com.android.gallery3d/com.android.gallery3d.faceditor.FaceListActivity} at 5 of 10 (after Window{14fad624 u0 PopupWindow:1b29cf23 EXITING})
V/WindowManager( 1556): not Base app: Adding window Window{198b6343 u0 Face Editor} at 5 of 10
D/ConnectivityService( 1556): setProvNotificationVisibleIntent: E visible=false networkType=0 extraInfo=null
W/ActivityManager( 1556): Unable to start service Intent { act=APP_CHANGE_ACTION flg=0x4 cmp=com.wandoujia.phoenix2/com.wandoujia.base.services.AlarmService (has extras) } U=0: not found
D/ConnectivityService( 1556): listenForNetwork for NetworkRequest [ id=3, legacyType=-1, [ Capabilities: INTERNET&NOT_RESTRICTED&TRUSTED&NOT_VPN] ]
D/ConnectivityService( 1556): handleRegisterNetworkRequest checking NetworkAgentInfo [MOBILE (LTE) - 100]
D/ConnectivityService( 1556): apparently satisfied.  currentScore=10
V/WindowManager( 1556): not Base app: Adding window Window{1163ea77 u0 Face Editor} at 5 of 10
W/ActivityManager( 1556): getRunningAppProcesses: caller 10060 does not hold REAL_GET_TASKS; limiting output
I/ActivityManager( 1556): Killing 2369:com.android.music/u0a37 (adj 15): empty #17
W/libprocessgroup( 1556): failed to open /acct/uid_10037/pid_2369/cgroup.procs: No such file or directory
W/IntentResolver( 1556): resolveIntent: multiple matches, only some with CATEGORY_DEFAULT
W/IntentResolver( 1556): resolveIntent: multiple matches, only some with CATEGORY_DEFAULT
W/IntentResolver( 1556): resolveIntent: multiple matches, only some with CATEGORY_DEFAULT
W/IntentResolver( 1556): resolveIntent: multiple matches, only some with CATEGORY_DEFAULT
W/IntentResolver( 1556): resolveIntent: multiple matches, only some with CATEGORY_DEFAULT
W/IntentResolver( 1556): resolveIntent: multiple matches, only some with CATEGORY_DEFAULT
W/IntentResolver( 1556): resolveIntent: multiple matches, only some with CATEGORY_DEFAULT
W/IntentResolver( 1556): resolveIntent: multiple matches, only some with CATEGORY_DEFAULT
D/BackupManagerService( 1556): Received broadcast Intent { act=android.intent.action.PACKAGE_CHANGED dat=package:com.google.android.gms flg=0x4000010 (has extras) }
I/BackupManagerService( 1556): Unbinding ComponentInfo{com.google.android.gms/com.google.android.gms.backup.BackupTransportService}
I/BackupManagerService( 1556): Binding to transport host ComponentInfo{com.google.android.gms/com.google.android.gms.backup.BackupTransportService}
V/BackupManagerService( 1556): Connected to transport ComponentInfo{com.google.android.gms/com.google.android.gms.backup.BackupTransportService}
V/BackupManagerService( 1556): Registering transport com.google.android.gms/.backup.BackupTransportService::com.google.android.gms/.backup.BackupTransportService = com.android.internal.backup.IBackupTransport$Stub$Proxy@13e78c5c
V/BackupManagerService( 1556): Scheduling immediate backup pass
V/BackupManagerService( 1556): Running a backup pass
V/BackupManagerService( 1556): clearing pending backups
V/PerformBackupTask( 1556): Beginning backup of 8 targets
I/PerformBackupTask( 1556): Initializing (wiping) backup state and transport storage
D/BackupManagerService( 1556): Now staging backup of com.android.providers.settings
D/BackupManagerService( 1556): Now staging backup of android
D/BackupManagerService( 1556): Now staging backup of com.android.providers.userdictionary
D/BackupManagerService( 1556): Now staging backup of com.android.dialer
D/BackupManagerService( 1556): Now staging backup of com.android.sharedstoragebackup
D/BackupManagerService( 1556): Now staging backup of com.google.android.googlequicksearchbox
D/BackupManagerService( 1556): Now staging backup of com.android.browser
D/BackupManagerService( 1556): Now staging backup of com.android.calendar
D/PerformBackupTask( 1556): invokeAgentForBackup on @pm@
I/PMBA    ( 1556): Previous metadata null mismatch vs 3728910 - rewriting
I/BackupRestoreController( 1556): Getting widget state for user: 0
I/BackupManagerService( 1556): Backup pass finished.
E/ActivityThread( 2259): Failed to find provider info for com.google.android.wearable.settings
W/IntentResolver( 1556): resolveIntent: multiple matches, only some with CATEGORY_DEFAULT
W/IntentResolver( 1556): resolveIntent: multiple matches, only some with CATEGORY_DEFAULT
W/IntentResolver( 1556): resolveIntent: multiple matches, only some with CATEGORY_DEFAULT
W/IntentResolver( 1556): resolveIntent: multiple matches, only some with CATEGORY_DEFAULT
D/BackupManagerService( 1556): Received broadcast Intent { act=android.intent.action.PACKAGE_CHANGED dat=package:com.google.android.gms flg=0x4000010 (has extras) }
I/BackupManagerService( 1556): Unbinding ComponentInfo{com.google.android.gms/com.google.android.gms.backup.BackupTransportService}
W/IntentResolver( 1556): resolveIntent: multiple matches, only some with CATEGORY_DEFAULT
W/IntentResolver( 1556): resolveIntent: multiple matches, only some with CATEGORY_DEFAULT
W/IntentResolver( 1556): resolveIntent: multiple matches, only some with CATEGORY_DEFAULT
I/BackupManagerService( 1556): Binding to transport host ComponentInfo{com.google.android.gms/com.google.android.gms.backup.BackupTransportService}
W/IntentResolver( 1556): resolveIntent: multiple matches, only some with CATEGORY_DEFAULT
V/BackupManagerService( 1556): Connected to transport ComponentInfo{com.google.android.gms/com.google.android.gms.backup.BackupTransportService}
V/BackupManagerService( 1556): Registering transport com.google.android.gms/.backup.BackupTransportService::com.google.android.gms/.backup.BackupTransportService = com.android.internal.backup.IBackupTransport$Stub$Proxy@1a705977
V/BackupManagerService( 1556): Scheduling immediate backup pass
V/BackupManagerService( 1556): Running a backup pass
V/BackupManagerService( 1556): clearing pending backups
V/PerformBackupTask( 1556): Beginning backup of 8 targets
I/PerformBackupTask( 1556): Initializing (wiping) backup state and transport storage
D/BackupManagerService( 1556): Now staging backup of com.android.providers.settings
D/BackupManagerService( 1556): Now staging backup of android
D/BackupManagerService( 1556): Now staging backup of com.android.providers.userdictionary
D/BackupManagerService( 1556): Now staging backup of com.android.dialer
D/BackupManagerService( 1556): Now staging backup of com.android.sharedstoragebackup
D/BackupManagerService( 1556): Now staging backup of com.google.android.googlequicksearchbox
D/BackupManagerService( 1556): Now staging backup of com.android.browser
D/BackupManagerService( 1556): Now staging backup of com.android.calendar
D/PerformBackupTask( 1556): invokeAgentForBackup on @pm@
I/PMBA    ( 1556): Previous metadata null mismatch vs 3728910 - rewriting
I/BackupRestoreController( 1556): Getting widget state for user: 0
I/BackupManagerService( 1556): Backup pass finished.
I/ActivityManager( 1556): Waited long enough for: ServiceRecord{219e606 u0 com.google.android.gms/.checkin.CheckinService}
W/ActivityManager( 1556): Unable to start service Intent { act=APP_CHANGE_ACTION flg=0x4 cmp=com.wandoujia.phoenix2/com.wandoujia.base.services.AlarmService (has extras) } U=0: not found
D/ConnectivityService( 1556): setProvNotificationVisibleIntent: E visible=false networkType=0 extraInfo=null
D/ConnectivityService( 1556): Validated NetworkAgentInfo [MOBILE (LTE) - 100]
D/ConnectivityService( 1556): rematching NetworkAgentInfo [MOBILE (LTE) - 100]
D/ConnectivityService( 1556): Network NetworkAgentInfo [MOBILE (LTE) - 100] was already satisfying request 1. No change.
D/ConnectivityService( 1556): notifyType AVAILABLE for NetworkAgentInfo [MOBILE (LTE) - 100]
D/ConnectivityService( 1556): sendStickyBroadcast: action=android.net.conn.INET_CONDITION_ACTION
--------- beginning of crash
E/AndroidRuntime( 1556): *** FATAL EXCEPTION IN SYSTEM PROCESS: Thread-48
E/AndroidRuntime( 1556): java.lang.OutOfMemoryError: Failed to allocate a 992551557 byte allocation with 4194304 free bytes and 375MB until OOM
E/AndroidRuntime( 1556): 	at com.android.server.clipboard.HostClipboardMonitor.run(ClipboardService.java:112)
E/AndroidRuntime( 1556): 	at java.lang.Thread.run(Thread.java:818)
I/InstallerConnection( 3674): disconnecting...
I/SystemServer( 3674): Entered the Android system server!
I/SystemServiceManager( 3674): Starting com.android.server.pm.Installer
I/Installer( 3674): Waiting for installd to be ready.
I/InstallerConnection( 3674): connecting...
I/SystemServiceManager( 3674): Starting com.android.server.am.ActivityManagerService$Lifecycle
I/ActivityManager( 3674): Memory class: 384
I/ServiceThread( 3674): Enabled StrictMode logging for ActivityManager looper.
W/BatteryStatsImpl( 3674): Couldn't get kernel wake lock stats
I/IntentFirewall( 3674): Read new rules (A:0 B:0 S:0)
I/ServiceThread( 3674): Enabled StrictMode logging for android.ui looper.
I/ServiceThread( 3674): Enabled StrictMode logging for android.display looper.
D/AppOps  ( 3674): AppOpsService published
I/SystemServiceManager( 3674): Starting com.android.server.power.PowerManagerService
I/ServiceThread( 3674): Enabled StrictMode logging for PowerManagerService looper.
I/SystemServiceManager( 3674): Starting com.android.server.display.DisplayManagerService
I/SystemServiceManager( 3674): Starting phase 100
I/DisplayManagerService( 3674): Display device added: DisplayDeviceInfo{"Built-in Screen": uniqueId="local:0", 1080 x 1920, 60.000004 fps, supportedRefreshRates [60.000004], density 480, 480.0 x 480.0 dpi, appVsyncOff 0, presDeadline 17666666, touch INTERNAL, rotation 0, type BUILT_IN, state UNKNOWN, FLAG_DEFAULT_DISPLAY, FLAG_ROTATES_WITH_CONTENT, FLAG_SECURE, FLAG_SUPPORTS_PROTECTED_BUFFERS}
I/SystemServer( 3674): Package Manager
W/SystemConfig( 3674): No directory /system/etc/sysconfig, skipping
D/SELinuxMMAC( 3674): Using policy file /system/etc/security/mac_permissions.xml
W/PackageManager( 3674): Failed to parse /system/framework/x86: Missing base APK in /system/framework/x86
W/PackageParser( 3674): No actions in intent filter at /system/priv-app/Contacts/Contacts.apk Binary XML file line #356
W/PackageParser( 3674): No actions in intent filter at /system/priv-app/Dialer/Dialer.apk Binary XML file line #166
W/PackageParser( 3674): Unknown element under <intent-filter>: android at /system/priv-app/Telecom/Telecom.apk Binary XML file line #232
W/PackageParser( 3674): No actions in intent filter at /data/app/ApiDemos/ApiDemos.apk Binary XML file line #3027
W/PackageParser( 3674): No actions in intent filter at /data/app/ApiDemos/ApiDemos.apk Binary XML file line #3033
W/PackageManager( 3674): Package com.example.android.apis desires unavailable shared library com.example.will.never.exist; ignoring!
W/PackageParser( 3674): No actions in intent filter at /data/app/com.android.gallery3d-1/base.apk Binary XML file line #61
W/PackageParser( 3674): Unknown element under <application>: permission at /data/app/com.android.gallery3d-1/base.apk Binary XML file line #303
W/PackageParser( 3674): Unknown element under <application>: permission at /data/app/com.android.gallery3d-1/base.apk Binary XML file line #306
W/PackageParser( 3674): Unknown element under <application>: uses-sdk at /data/app/com.wandoujia.phoenix2-1/base.apk Binary XML file line #1947
W/PackageManager( 3674): Package com.google.android.gms desires unavailable shared library com.google.android.ble; ignoring!
W/PackageManager( 3674): Package com.example.android.apis desires unavailable shared library com.example.will.never.exist; ignoring!
I/PackageManager( 3674): Adjusting ABI for : com.google.android.gsf to x86
I/PackageManager( 3674): Adjusting ABI for : com.google.android.gsf.login to x86
I/PackageManager( 3674): Adjusting ABI for : com.android.providers.settings to x86
I/PackageManager( 3674): Adjusting ABI for : com.android.inputdevices to x86
I/PackageManager( 3674): Adjusting ABI for : com.android.keychain to x86
I/PackageManager( 3674): Adjusting ABI for : com.android.settings to x86
I/PackageManager( 3674): Adjusting ABI for : com.android.location.fused to x86
I/PackageManager( 3674): Adjusting ABI for : com.android.server.telecom to x86
I/PackageManager( 3674): Time to scan packages: 0.913 seconds
W/PackageManager( 3674): Unknown permission com.google.android.voicesearch.SHORTCUTS_ACCESS in package com.google.android.googlequicksearchbox
W/PackageManager( 3674): Unknown permission com.google.android.voicesearch.ACCESS_SETTINGS in package com.google.android.googlequicksearchbox
W/PackageManager( 3674): Unknown permission com.google.android.ears.permission.WRITE in package com.google.android.googlequicksearchbox
W/PackageManager( 3674): Unknown permission com.google.android.apps.googlevoice.permission.AUTO_SEND in package com.google.android.googlequicksearchbox
W/PackageManager( 3674): Unknown permission com.google.android.gm.permission.AUTO_SEND in package com.google.android.googlequicksearchbox
W/PackageManager( 3674): Unknown permission com.google.android.hangouts.START_HANGOUT in package com.google.android.googlequicksearchbox
W/PackageManager( 3674): Unknown permission com.android.chrome.PRERENDER_URL in package com.google.android.googlequicksearchbox
W/PackageManager( 3674): Not granting permission android.permission.READ_LOGS to package com.wandoujia.phoenix2.usbproxy (protectionLevel=50 flags=0x8be44)
W/PackageManager( 3674): Not granting permission android.permission.MOUNT_UNMOUNT_FILESYSTEMS to package com.wandoujia.phoenix2.usbproxy (protectionLevel=18 flags=0x8be44)
W/PackageManager( 3674): Not granting permission android.permission.ACCESS_DOWNLOAD_MANAGER to package com.android.browser (protectionLevel=18 flags=0x9be45)
W/PackageManager( 3674): Not granting permission android.permission.SEND_DOWNLOAD_COMPLETED_INTENTS to package com.android.browser (protectionLevel=2 flags=0x9be45)
W/PackageManager( 3674): Unknown permission android.permission.INSTALL_DRM in package com.android.mms
W/PackageManager( 3674): Unknown permission com.android.launcher.permission.READ_SETTINGS in package com.google.android.launcher
W/PackageManager( 3674): Unknown permission com.android.launcher.permission.WRITE_SETTINGS in package com.google.android.launcher
W/PackageManager( 3674): Unknown permission android.permission.OBSERVE_GRANT_REVOKE_PERMISSIONS in package com.google.android.gms
W/PackageManager( 3674): Unknown permission android.permission.MANAGE_SOUND_TRIGGER in package com.google.android.gms
W/PackageManager( 3674): Unknown permission com.google.android.apps.enterprise.dmagent.permission.AutoSyncPermission in package com.google.android.gms
W/PackageManager( 3674): Unknown permission android.permission.CONNECTIVITY_USE_RESTRICTED_NETWORKS in package com.google.android.gms
W/PackageManager( 3674): Unknown permission android.permission.USE_FINGERPRINT in package com.google.android.gms
W/PackageManager( 3674): Unknown permission android.permission.SEND_SMS_NO_CONFIRMATION in package com.google.android.gms
W/PackageManager( 3674): Unknown permission android.permission.TETHER_PRIVILEGED in package com.google.android.gms
W/PackageManager( 3674): Unknown permission com.google.android.hangouts.START_HANGOUT in package com.google.android.gms
W/PackageManager( 3674): Unknown permission android.permission.READ_OEM_UNLOCK_STATE in package com.google.android.gms
W/PackageManager( 3674): Unknown permission android.permission.OVERRIDE_WIFI_CONFIG in package com.google.android.gms
W/PackageManager( 3674): Unknown permission com.google.android.wearable.READ_SETTINGS in package com.google.android.gms
