W/IntentResolver( 3674): resolveIntent: multiple matches, only some with CATEGORY_DEFAULT
E/libprocessgroup( 7837): failed to make and chown /acct/uid_1000: Read-only file system
I/ActivityManager( 3674): Start proc 7837:com.android.keychain/1000 for broadcast com.android.keychain/.KeyChainBroadcastReceiver
W/ContextImpl( 7837): Calling a method in the system process without a qualified user: android.app.ContextImpl.startService:1692 android.content.ContextWrapper.startService:516 android.content.ContextWrapper.startService:516 com.android.keychain.KeyChainBroadcastReceiver.onReceive:12 android.app.ActivityThread.handleReceiver:2609 
I/ActivityManager( 3674): Start proc 7857:com.android.gallery3d/u0a63 for broadcast com.android.gallery3d/.app.PackagesMonitor
E/libprocessgroup( 7857): failed to make and chown /acct/uid_10063: Read-only file system
I/ActivityManager( 3674): Killing 4582:com.android.email/u0a26 (adj 15): empty for 13953s
W/libprocessgroup( 3674): failed to open /acct/uid_10026/pid_4582/cgroup.procs: No such file or directory
I/ActivityManager( 3674): Start proc 7882:com.svox.pico/u0a42 for broadcast com.svox.pico/.VoiceDataInstallerReceiver
E/libprocessgroup( 7882): failed to make and chown /acct/uid_10042: Read-only file system
I/ActivityManager( 3674): Killing 4514:com.android.calendar/u0a18 (adj 15): empty for 13954s
W/libprocessgroup( 3674): failed to open /acct/uid_10018/pid_4514/cgroup.procs: No such file or directory
E/ActivityThread( 4272): Failed to find provider info for com.google.android.wearable.settings
I/ActivityManager( 3674): START u0 {act=android.intent.action.MAIN cat=[android.intent.category.LAUNCHER] flg=0x10200000 cmp=com.android.gallery3d/.app.GalleryActivity (has extras)} from uid 10013 on display 0
V/WindowManager( 3674): addAppToken: AppWindowToken{3f0abb0d token=Token{37cd61a4 ActivityRecord{10a4b837 u0 com.android.gallery3d/.app.GalleryActivity t100}}} to stack=1 task=100 at 0
I/UsageStatsDatabase( 3674): Moving file /data/system/usagestats/0/daily/1492473611729 to /data/system/usagestats/0/daily/1492473608158
I/UsageStatsDatabase( 3674): Moving file /data/system/usagestats/0/daily/1492560011729 to /data/system/usagestats/0/daily/1492560008158
I/UsageStatsDatabase( 3674): Moving file /data/system/usagestats/0/daily/1492646408932 to /data/system/usagestats/0/daily/1492646405361
I/UsageStatsDatabase( 3674): Moving file /data/system/usagestats/0/daily/1492905603389 to /data/system/usagestats/0/daily/1492905599818
I/UsageStatsDatabase( 3674): Moving file /data/system/usagestats/0/daily/1492992003389 to /data/system/usagestats/0/daily/1492991999818
I/UsageStatsDatabase( 3674): Moving file /data/system/usagestats/0/weekly/1491436814356 to /data/system/usagestats/0/weekly/1491436810785
I/UsageStatsDatabase( 3674): Moving file /data/system/usagestats/0/weekly/1492041614356 to /data/system/usagestats/0/weekly/1492041610785
I/UsageStatsDatabase( 3674): Moving file /data/system/usagestats/0/weekly/1492646408932 to /data/system/usagestats/0/weekly/1492646405361
I/UsageStatsDatabase( 3674): Moving file /data/system/usagestats/0/monthly/1490400014356 to /data/system/usagestats/0/monthly/1490400010785
V/WindowManager( 3674): Adding window Window{280a99be u0 Starting com.android.gallery3d} at 2 of 7 (after Window{1f30e838 u0 com.google.android.googlequicksearchbox/com.google.android.launcher.GEL})
I/UsageStatsDatabase( 3674): Moving file /data/system/usagestats/0/monthly/1492992003389 to /data/system/usagestats/0/monthly/1492991999818
I/UsageStatsDatabase( 3674): Moving file /data/system/usagestats/0/yearly/1482192014356 to /data/system/usagestats/0/yearly/1482192010785
I/UsageStatsService( 3674): User[0] Rollover scheduled @ 2017-04-25 00:00:00(1493078400000)
V/ActivityManager( 3674): Display changed displayId=0
E/libprocessgroup( 7926): failed to make and chown /acct/uid_10005: Read-only file system
I/ActivityManager( 3674): Start proc 7926:android.process.media/u0a5 for content provider com.android.providers.media/.MediaProvider
V/WindowManager( 3674): Adding window Window{274c7434 u0 com.android.gallery3d/com.android.gallery3d.app.GalleryActivity} at 2 of 8 (before Window{280a99be u0 Starting com.android.gallery3d})
V/WindowManager( 3674): Adding window Window{210707d2 u0 SurfaceView} at 2 of 9 (before Window{274c7434 u0 com.android.gallery3d/com.android.gallery3d.app.GalleryActivity})
W/IntentResolver( 3674): resolveIntent: multiple matches, only some with CATEGORY_DEFAULT
W/IntentResolver( 3674): resolveIntent: multiple matches, only some with CATEGORY_DEFAULT
W/IntentResolver( 3674): resolveIntent: multiple matches, only some with CATEGORY_DEFAULT
W/IntentResolver( 3674): resolveIntent: multiple matches, only some with CATEGORY_DEFAULT
W/IntentResolver( 3674): resolveIntent: multiple matches, only some with CATEGORY_DEFAULT
W/IntentResolver( 3674): resolveIntent: multiple matches, only some with CATEGORY_DEFAULT
W/IntentResolver( 3674): resolveIntent: multiple matches, only some with CATEGORY_DEFAULT
W/IntentResolver( 3674): resolveIntent: multiple matches, only some with CATEGORY_DEFAULT
D/BackupManagerService( 3674): Received broadcast Intent { act=android.intent.action.PACKAGE_CHANGED dat=package:com.google.android.gms flg=0x4000010 (has extras) }
I/BackupManagerService( 3674): Unbinding ComponentInfo{com.google.android.gms/com.google.android.gms.backup.BackupTransportService}
I/BackupManagerService( 3674): Binding to transport host ComponentInfo{com.google.android.gms/com.google.android.gms.backup.BackupTransportService}
V/BackupManagerService( 3674): Connected to transport ComponentInfo{com.google.android.gms/com.google.android.gms.backup.BackupTransportService}
V/BackupManagerService( 3674): Registering transport com.google.android.gms/.backup.BackupTransportService::com.google.android.gms/.backup.BackupTransportService = com.android.internal.backup.IBackupTransport$Stub$Proxy@30b0b65c
D/TaskPersister( 3674): removeObsoleteFile: deleting file=98_task.xml
V/WindowManager( 3674): Adding window Window{12534a7 u0 PopupWindow:13c61bed} at 4 of 9 (after Window{274c7434 u0 com.android.gallery3d/com.android.gallery3d.app.GalleryActivity})
I/ActivityManager( 3674): START u0 {dat=/storage/sdcard/image/timg3.jpg cmp=com.android.gallery3d/.faceditor.FaceListActivity} from uid 10063 on display 0
V/WindowManager( 3674): addAppToken: AppWindowToken{28b813f9 token=Token{345e1ac0 ActivityRecord{1ce67443 u0 com.android.gallery3d/.faceditor.FaceListActivity t100}}} to stack=1 task=100 at 1
V/WindowManager( 3674): Adding window Window{206a22ec u0 com.android.gallery3d/com.android.gallery3d.faceditor.FaceListActivity} at 5 of 10 (after Window{12534a7 u0 PopupWindow:13c61bed EXITING})
V/WindowManager( 3674): not Base app: Adding window Window{28ee9597 u0 Face Editor} at 5 of 10
V/WindowManager( 3674): not Base app: Adding window Window{3bc1ea50 u0 Face Editor} at 5 of 11
V/WindowManager( 3674): not Base app: Adding window Window{561f55f u0 Face Editor} at 5 of 11
V/WindowManager( 3674): not Base app: Adding window Window{1625e7ba u0 Face Editor} at 5 of 11
W/ActivityManager( 3674): Unable to start service Intent { act=APP_CHANGE_ACTION flg=0x4 cmp=com.wandoujia.phoenix2/com.wandoujia.base.services.AlarmService (has extras) } U=0: not found
V/WindowManager( 3674): not Base app: Adding window Window{25c02737 u0 com.android.gallery3d/com.android.gallery3d.faceditor.FaceListActivity} at 5 of 11
E/AndroidRuntime( 7857): FATAL EXCEPTION: AsyncTask #2
E/AndroidRuntime( 7857): Process: com.android.gallery3d, PID: 7857
E/AndroidRuntime( 7857): java.lang.RuntimeException: An error occured while executing doInBackground()
E/AndroidRuntime( 7857): 	at android.os.AsyncTask$3.done(AsyncTask.java:304)
E/AndroidRuntime( 7857): 	at java.util.concurrent.FutureTask.finishCompletion(FutureTask.java:355)
E/AndroidRuntime( 7857): 	at java.util.concurrent.FutureTask.setException(FutureTask.java:222)
E/AndroidRuntime( 7857): 	at java.util.concurrent.FutureTask.run(FutureTask.java:242)
E/AndroidRuntime( 7857): 	at android.os.AsyncTask$SerialExecutor$1.run(AsyncTask.java:231)
E/AndroidRuntime( 7857): 	at java.util.concurrent.ThreadPoolExecutor.runWorker(ThreadPoolExecutor.java:1112)
E/AndroidRuntime( 7857): 	at java.util.concurrent.ThreadPoolExecutor$Worker.run(ThreadPoolExecutor.java:587)
E/AndroidRuntime( 7857): 	at java.lang.Thread.run(Thread.java:818)
E/AndroidRuntime( 7857): Caused by: java.lang.NullPointerException: Attempt to invoke virtual method 'int java.lang.Integer.intValue()' on a null object reference
E/AndroidRuntime( 7857): 	at com.android.gallery3d.faceditor.FaceListActivity.getTrainLab(FaceListActivity.java:108)
E/AndroidRuntime( 7857): 	at com.android.gallery3d.faceditor.FaceListActivity$ClassficationTask.doInBackground(FaceListActivity.java:159)
E/AndroidRuntime( 7857): 	at com.android.gallery3d.faceditor.FaceListActivity$ClassficationTask.doInBackground(FaceListActivity.java:137)
E/AndroidRuntime( 7857): 	at android.os.AsyncTask$2.call(AsyncTask.java:292)
E/AndroidRuntime( 7857): 	at java.util.concurrent.FutureTask.run(FutureTask.java:237)
E/AndroidRuntime( 7857): 	... 4 more
W/ActivityManager( 3674):   Force finishing activity 1 com.android.gallery3d/.faceditor.FaceListActivity
W/WindowManager( 3674): Failed looking up window
W/WindowManager( 3674): java.lang.IllegalArgumentException: Requested window android.os.BinderProxy@3e059c36 does not exist
W/WindowManager( 3674): 	at com.android.server.wm.WindowManagerService.windowForClientLocked(WindowManagerService.java:8540)
W/WindowManager( 3674): 	at com.android.server.wm.WindowManagerService.windowForClientLocked(WindowManagerService.java:8531)
W/WindowManager( 3674): 	at com.android.server.wm.WindowManagerService.removeWindow(WindowManagerService.java:2593)
W/WindowManager( 3674): 	at com.android.server.wm.Session.remove(Session.java:187)
W/WindowManager( 3674): 	at android.view.IWindowSession$Stub.onTransact(IWindowSession.java:233)
W/WindowManager( 3674): 	at com.android.server.wm.Session.onTransact(Session.java:130)
W/WindowManager( 3674): 	at android.os.Binder.execTransact(Binder.java:446)
W/libprocessgroup( 3674): failed to open /acct/uid_10063/pid_7857/cgroup.procs: No such file or directory
I/ActivityManager( 3674): Process com.android.gallery3d (pid 7857) has died
I/WindowState( 3674): WIN DEATH: Window{274c7434 u0 com.android.gallery3d/com.android.gallery3d.app.GalleryActivity}
W/WindowManager( 3674): Force-removing child win Window{210707d2 u0 SurfaceView} from container Window{274c7434 u0 com.android.gallery3d/com.android.gallery3d.app.GalleryActivity}
W/ActivityManager( 3674): Force removing ActivityRecord{10a4b837 u0 com.android.gallery3d/.app.GalleryActivity t100}: app died, no saved state
W/WindowManager( 3674): Failed looking up window
W/WindowManager( 3674): java.lang.IllegalArgumentException: Requested window android.os.BinderProxy@1b2d825d does not exist
W/WindowManager( 3674): 	at com.android.server.wm.WindowManagerService.windowForClientLocked(WindowManagerService.java:8540)
W/WindowManager( 3674): 	at com.android.server.wm.WindowManagerService.windowForClientLocked(WindowManagerService.java:8531)
W/WindowManager( 3674): 	at com.android.server.wm.WindowState$DeathRecipient.binderDied(WindowState.java:1142)
W/WindowManager( 3674): 	at android.os.BinderProxy.sendDeathNotice(Binder.java:551)
I/WindowState( 3674): WIN DEATH: null
I/ActivityManager( 3674): Killing 5054:com.wandoujia.phoenix2:accessibility/u0a60 (adj 15): empty for 14326s
W/libprocessgroup( 3674): failed to open /acct/uid_10060/pid_5054/cgroup.procs: No such file or directory
W/InputMethodManagerService( 3674): Got RemoteException sending setActive(false) notification to pid 7857 uid 10063
D/ConnectivityService( 3674): setProvNotificationVisibleIntent: E visible=false networkType=0 extraInfo=null
D/DefContainer( 7800): Copying /data/local/tmp/app-debug.apk to base.apk
W/PackageParser( 3674): No actions in intent filter at /data/app/vmdl1647252035.tmp/base.apk Binary XML file line #61
W/PackageParser( 3674): Unknown element under <application>: permission at /data/app/vmdl1647252035.tmp/base.apk Binary XML file line #303
W/PackageParser( 3674): Unknown element under <application>: permission at /data/app/vmdl1647252035.tmp/base.apk Binary XML file line #306
D/PackageManager( 3674): Renaming /data/app/vmdl1647252035.tmp to /data/app/com.android.gallery3d-1
I/ActivityManager( 3674): Force stopping com.android.gallery3d appid=10063 user=-1: uninstall pkg
I/PackageManager( 3674): Package com.android.gallery3d codePath changed from /data/app/com.android.gallery3d-2 to /data/app/com.android.gallery3d-1; Retaining data and using new
W/PackageManager( 3674): Code path for pkg : com.android.gallery3d changing from /data/app/com.android.gallery3d-2 to /data/app/com.android.gallery3d-1
W/PackageManager( 3674): Resource path for pkg : com.android.gallery3d changing from /data/app/com.android.gallery3d-2 to /data/app/com.android.gallery3d-1
I/ActivityManager( 3674): Force stopping com.android.gallery3d appid=10063 user=-1: update pkg
I/ActivityManager( 3674): Force stopping com.android.gallery3d appid=10063 user=0: pkg removed
W/IntentResolver( 3674): resolveIntent: multiple matches, only some with CATEGORY_DEFAULT
W/IntentResolver( 3674): resolveIntent: multiple matches, only some with CATEGORY_DEFAULT
W/IntentResolver( 3674): resolveIntent: multiple matches, only some with CATEGORY_DEFAULT
W/IntentResolver( 3674): resolveIntent: multiple matches, only some with CATEGORY_DEFAULT
W/IntentResolver( 3674): resolveIntent: multiple matches, only some with CATEGORY_DEFAULT
W/IntentResolver( 3674): resolveIntent: multiple matches, only some with CATEGORY_DEFAULT
W/IntentResolver( 3674): resolveIntent: multiple matches, only some with CATEGORY_DEFAULT
W/IntentResolver( 3674): resolveIntent: multiple matches, only some with CATEGORY_DEFAULT
W/IntentResolver( 3674): resolveIntent: multiple matches, only some with CATEGORY_DEFAULT
W/IntentResolver( 3674): resolveIntent: multiple matches, only some with CATEGORY_DEFAULT
W/IntentResolver( 3674): resolveIntent: multiple matches, only some with CATEGORY_DEFAULT
W/IntentResolver( 3674): resolveIntent: multiple matches, only some with CATEGORY_DEFAULT
W/PackageParser( 4733): No actions in intent filter at /data/app/com.android.gallery3d-1/base.apk Binary XML file line #61
W/IntentResolver( 3674): resolveIntent: multiple matches, only some with CATEGORY_DEFAULT
W/PackageParser( 4733): Unknown element under <application>: permission at /data/app/com.android.gallery3d-1/base.apk Binary XML file line #303
W/PackageParser( 4733): Unknown element under <application>: permission at /data/app/com.android.gallery3d-1/base.apk Binary XML file line #306
W/IntentResolver( 3674): resolveIntent: multiple matches, only some with CATEGORY_DEFAULT
W/IntentResolver( 3674): resolveIntent: multiple matches, only some with CATEGORY_DEFAULT
W/IntentResolver( 3674): resolveIntent: multiple matches, only some with CATEGORY_DEFAULT
W/IntentResolver( 3674): resolveIntent: multiple matches, only some with CATEGORY_DEFAULT
W/ContextImpl( 7837): Calling a method in the system process without a qualified user: android.app.ContextImpl.startService:1692 android.content.ContextWrapper.startService:516 android.content.ContextWrapper.startService:516 com.android.keychain.KeyChainBroadcastReceiver.onReceive:12 android.app.ActivityThread.handleReceiver:2609 
W/IntentResolver( 3674): resolveIntent: multiple matches, only some with CATEGORY_DEFAULT
D/JobSchedulerService( 3674): Receieved: android.intent.action.PACKAGE_REMOVED
D/BackupManagerService( 3674): Received broadcast Intent { act=android.intent.action.PACKAGE_REMOVED dat=package:com.android.gallery3d flg=0x4000010 (has extras) }
W/IntentResolver( 3674): resolveIntent: multiple matches, only some with CATEGORY_DEFAULT
W/IntentResolver( 3674): resolveIntent: multiple matches, only some with CATEGORY_DEFAULT
W/IntentResolver( 3674): resolveIntent: multiple matches, only some with CATEGORY_DEFAULT
W/IntentResolver( 3674): resolveIntent: multiple matches, only some with CATEGORY_DEFAULT
W/IntentResolver( 3674): resolveIntent: multiple matches, only some with CATEGORY_DEFAULT
W/IntentResolver( 3674): resolveIntent: multiple matches, only some with CATEGORY_DEFAULT
D/BackupManagerService( 3674): Received broadcast Intent { act=android.intent.action.PACKAGE_ADDED dat=package:com.android.gallery3d flg=0x4000010 (has extras) }
W/BackupManagerService( 3674): Removing schedule queue dupe of com.android.gallery3d
E/libprocessgroup( 8122): failed to make and chown /acct/uid_10063: Read-only file system
I/ActivityManager( 3674): Start proc 8122:com.android.gallery3d/u0a63 for broadcast com.android.gallery3d/.app.PackagesMonitor
I/ActivityManager( 3674): Killing 4396:com.android.providers.calendar/u0a1 (adj 15): empty for 14395s
W/libprocessgroup( 3674): failed to open /acct/uid_10001/pid_4396/cgroup.procs: No such file or directory
I/ProcessStatsService( 3674): Prepared write state in 1ms
I/ProcessStatsService( 3674): Prepared write state in 1ms
I/ActivityManager( 3674): START u0 {act=android.intent.action.MAIN cat=[android.intent.category.LAUNCHER] flg=0x10200000 cmp=com.android.gallery3d/.app.GalleryActivity (has extras)} from uid 10013 on display 0
V/WindowManager( 3674): addAppToken: AppWindowToken{80b6e4 token=Token{39e71a77 ActivityRecord{3bef5476 u0 com.android.gallery3d/.app.GalleryActivity t101}}} to stack=1 task=101 at 0
V/WindowManager( 3674): Adding window Window{10d1ba80 u0 Starting com.android.gallery3d} at 2 of 8 (after Window{1f30e838 u0 com.google.android.googlequicksearchbox/com.google.android.launcher.GEL})
V/WindowManager( 3674): Adding window Window{3adbc34f u0 com.android.gallery3d/com.android.gallery3d.app.GalleryActivity} at 2 of 9 (before Window{10d1ba80 u0 Starting com.android.gallery3d})
V/WindowManager( 3674): Adding window Window{2623ed61 u0 SurfaceView} at 2 of 10 (before Window{3adbc34f u0 com.android.gallery3d/com.android.gallery3d.app.GalleryActivity})
D/TaskPersister( 3674): removeObsoleteFile: deleting file=100_task.xml
W/IntentResolver( 3674): resolveIntent: multiple matches, only some with CATEGORY_DEFAULT
W/IntentResolver( 3674): resolveIntent: multiple matches, only some with CATEGORY_DEFAULT
W/IntentResolver( 3674): resolveIntent: multiple matches, only some with CATEGORY_DEFAULT
W/IntentResolver( 3674): resolveIntent: multiple matches, only some with CATEGORY_DEFAULT
D/BackupManagerService( 3674): Received broadcast Intent { act=android.intent.action.PACKAGE_CHANGED dat=package:com.google.android.gms flg=0x4000010 (has extras) }
I/BackupManagerService( 3674): Unbinding ComponentInfo{com.google.android.gms/com.google.android.gms.backup.BackupTransportService}
I/BackupManagerService( 3674): Binding to transport host ComponentInfo{com.google.android.gms/com.google.android.gms.backup.BackupTransportService}
W/IntentResolver( 3674): resolveIntent: multiple matches, only some with CATEGORY_DEFAULT
W/IntentResolver( 3674): resolveIntent: multiple matches, only some with CATEGORY_DEFAULT
W/IntentResolver( 3674): resolveIntent: multiple matches, only some with CATEGORY_DEFAULT
W/IntentResolver( 3674): resolveIntent: multiple matches, only some with CATEGORY_DEFAULT
V/BackupManagerService( 3674): Connected to transport ComponentInfo{com.google.android.gms/com.google.android.gms.backup.BackupTransportService}
V/BackupManagerService( 3674): Registering transport com.google.android.gms/.backup.BackupTransportService::com.google.android.gms/.backup.BackupTransportService = com.android.internal.backup.IBackupTransport$Stub$Proxy@9627346
V/WindowManager( 3674): Adding window Window{33f67439 u0 PopupWindow:13c61bed} at 4 of 10 (after Window{3adbc34f u0 com.android.gallery3d/com.android.gallery3d.app.GalleryActivity})
I/ActivityManager( 3674): START u0 {dat=/storage/sdcard/image/timg3.jpg cmp=com.android.gallery3d/.faceditor.FaceListActivity} from uid 10063 on display 0
V/WindowManager( 3674): addAppToken: AppWindowToken{2a5186fb token=Token{2aed508a ActivityRecord{4c11af5 u0 com.android.gallery3d/.faceditor.FaceListActivity t101}}} to stack=1 task=101 at 1
V/WindowManager( 3674): Adding window Window{1a57eb56 u0 com.android.gallery3d/com.android.gallery3d.faceditor.FaceListActivity} at 5 of 11 (after Window{33f67439 u0 PopupWindow:13c61bed EXITING})
V/WindowManager( 3674): not Base app: Adding window Window{bcfab65 u0 Face Editor} at 5 of 11
V/WindowManager( 3674): not Base app: Adding window Window{7496489 u0 Face Editor} at 5 of 11
V/WindowManager( 3674): not Base app: Adding window Window{16ae8ec u0 com.android.gallery3d/com.android.gallery3d.faceditor.FaceListActivity} at 5 of 11
E/AndroidRuntime( 8122): FATAL EXCEPTION: AsyncTask #1
E/AndroidRuntime( 8122): Process: com.android.gallery3d, PID: 8122
E/AndroidRuntime( 8122): java.lang.RuntimeException: An error occured while executing doInBackground()
E/AndroidRuntime( 8122): 	at android.os.AsyncTask$3.done(AsyncTask.java:304)
E/AndroidRuntime( 8122): 	at java.util.concurrent.FutureTask.finishCompletion(FutureTask.java:355)
E/AndroidRuntime( 8122): 	at java.util.concurrent.FutureTask.setException(FutureTask.java:222)
E/AndroidRuntime( 8122): 	at java.util.concurrent.FutureTask.run(FutureTask.java:242)
E/AndroidRuntime( 8122): 	at android.os.AsyncTask$SerialExecutor$1.run(AsyncTask.java:231)
E/AndroidRuntime( 8122): 	at java.util.concurrent.ThreadPoolExecutor.runWorker(ThreadPoolExecutor.java:1112)
E/AndroidRuntime( 8122): 	at java.util.concurrent.ThreadPoolExecutor$Worker.run(ThreadPoolExecutor.java:587)
E/AndroidRuntime( 8122): 	at java.lang.Thread.run(Thread.java:818)
E/AndroidRuntime( 8122): Caused by: java.lang.NullPointerException: Attempt to invoke virtual method 'int java.lang.Integer.intValue()' on a null object reference
E/AndroidRuntime( 8122): 	at com.android.gallery3d.faceditor.FaceListActivity.getTrainLab(FaceListActivity.java:108)
E/AndroidRuntime( 8122): 	at com.android.gallery3d.faceditor.FaceListActivity$ClassficationTask.doInBackground(FaceListActivity.java:159)
E/AndroidRuntime( 8122): 	at com.android.gallery3d.faceditor.FaceListActivity$ClassficationTask.doInBackground(FaceListActivity.java:137)
E/AndroidRuntime( 8122): 	at android.os.AsyncTask$2.call(AsyncTask.java:292)
E/AndroidRuntime( 8122): 	at java.util.concurrent.FutureTask.run(FutureTask.java:237)
E/AndroidRuntime( 8122): 	... 4 more
W/ActivityManager( 3674):   Force finishing activity 1 com.android.gallery3d/.faceditor.FaceListActivity
W/WindowManager( 3674): Failed looking up window
W/WindowManager( 3674): java.lang.IllegalArgumentException: Requested window android.os.BinderProxy@2a022f9f does not exist
W/WindowManager( 3674): 	at com.android.server.wm.WindowManagerService.windowForClientLocked(WindowManagerService.java:8540)
W/WindowManager( 3674): 	at com.android.server.wm.WindowManagerService.windowForClientLocked(WindowManagerService.java:8531)
W/WindowManager( 3674): 	at com.android.server.wm.WindowManagerService.removeWindow(WindowManagerService.java:2593)
W/WindowManager( 3674): 	at com.android.server.wm.Session.remove(Session.java:187)
W/WindowManager( 3674): 	at android.view.IWindowSession$Stub.onTransact(IWindowSession.java:233)
W/WindowManager( 3674): 	at com.android.server.wm.Session.onTransact(Session.java:130)
W/WindowManager( 3674): 	at android.os.Binder.execTransact(Binder.java:446)
W/ActivityManager( 3674): Unable to start service Intent { act=APP_CHANGE_ACTION flg=0x4 cmp=com.wandoujia.phoenix2/com.wandoujia.base.services.AlarmService (has extras) } U=0: not found
W/libprocessgroup( 3674): failed to open /acct/uid_10063/pid_8122/cgroup.procs: No such file or directory
I/ActivityManager( 3674): Process com.android.gallery3d (pid 8122) has died
I/WindowState( 3674): WIN DEATH: Window{3adbc34f u0 com.android.gallery3d/com.android.gallery3d.app.GalleryActivity}
W/ActivityManager( 3674): Force removing ActivityRecord{3bef5476 u0 com.android.gallery3d/.app.GalleryActivity t101}: app died, no saved state
W/WindowManager( 3674): Force-removing child win Window{2623ed61 u0 SurfaceView} from container Window{3adbc34f u0 com.android.gallery3d/com.android.gallery3d.app.GalleryActivity}
W/WindowManager( 3674): Failed looking up window
W/WindowManager( 3674): java.lang.IllegalArgumentException: Requested window android.os.BinderProxy@3ca558c8 does not exist
W/WindowManager( 3674): 	at com.android.server.wm.WindowManagerService.windowForClientLocked(WindowManagerService.java:8540)
W/WindowManager( 3674): 	at com.android.server.wm.WindowManagerService.windowForClientLocked(WindowManagerService.java:8531)
W/WindowManager( 3674): 	at com.android.server.wm.WindowState$DeathRecipient.binderDied(WindowState.java:1142)
W/WindowManager( 3674): 	at android.os.BinderProxy.sendDeathNotice(Binder.java:551)
I/WindowState( 3674): WIN DEATH: null
W/InputMethodManagerService( 3674): Got RemoteException sending setActive(false) notification to pid 8122 uid 10063
V/BackupManagerService( 3674): Running a backup pass
V/BackupManagerService( 3674): clearing pending backups
V/PerformBackupTask( 3674): Beginning backup of 8 targets
I/PerformBackupTask( 3674): Initializing (wiping) backup state and transport storage
D/BackupManagerService( 3674): Now staging backup of com.android.providers.settings
D/BackupManagerService( 3674): Now staging backup of android
D/BackupManagerService( 3674): Now staging backup of com.android.providers.userdictionary
D/BackupManagerService( 3674): Now staging backup of com.android.dialer
D/BackupManagerService( 3674): Now staging backup of com.android.sharedstoragebackup
D/BackupManagerService( 3674): Now staging backup of com.google.android.googlequicksearchbox
D/BackupManagerService( 3674): Now staging backup of com.android.browser
D/BackupManagerService( 3674): Now staging backup of com.android.calendar
D/PerformBackupTask( 3674): invokeAgentForBackup on @pm@
I/PMBA    ( 3674): Previous metadata null mismatch vs 3728910 - rewriting
I/BackupRestoreController( 3674): Getting widget state for user: 0
I/BackupManagerService( 3674): Backup pass finished.
D/ConnectivityService( 3674): setProvNotificationVisibleIntent: E visible=false networkType=0 extraInfo=null
W/ActivityManager( 3674): Unable to start service Intent { act=com.wandoujia.phoenix2.intent.action.COCKROACH flg=0x4 (has extras) } U=0: not found
I/UsageStatsService( 3674): User[0] Flushing usage stats to disk
D/DefContainer( 7800): Copying /data/local/tmp/app-debug.apk to base.apk
W/PackageParser( 3674): No actions in intent filter at /data/app/vmdl2458414.tmp/base.apk Binary XML file line #61
W/PackageParser( 3674): Unknown element under <application>: permission at /data/app/vmdl2458414.tmp/base.apk Binary XML file line #303
W/PackageParser( 3674): Unknown element under <application>: permission at /data/app/vmdl2458414.tmp/base.apk Binary XML file line #306
D/PackageManager( 3674): Renaming /data/app/vmdl2458414.tmp to /data/app/com.android.gallery3d-2
I/ActivityManager( 3674): Force stopping com.android.gallery3d appid=10063 user=-1: uninstall pkg
I/PackageManager( 3674): Package com.android.gallery3d codePath changed from /data/app/com.android.gallery3d-1 to /data/app/com.android.gallery3d-2; Retaining data and using new
I/ActivityManager( 3674): Force stopping com.android.gallery3d appid=10063 user=-1: update pkg
W/PackageManager( 3674): Code path for pkg : com.android.gallery3d changing from /data/app/com.android.gallery3d-1 to /data/app/com.android.gallery3d-2
W/PackageManager( 3674): Resource path for pkg : com.android.gallery3d changing from /data/app/com.android.gallery3d-1 to /data/app/com.android.gallery3d-2
I/ActivityManager( 3674): Force stopping com.android.gallery3d appid=10063 user=0: pkg removed
W/IntentResolver( 3674): resolveIntent: multiple matches, only some with CATEGORY_DEFAULT
W/IntentResolver( 3674): resolveIntent: multiple matches, only some with CATEGORY_DEFAULT
W/IntentResolver( 3674): resolveIntent: multiple matches, only some with CATEGORY_DEFAULT
W/IntentResolver( 3674): resolveIntent: multiple matches, only some with CATEGORY_DEFAULT
W/IntentResolver( 3674): resolveIntent: multiple matches, only some with CATEGORY_DEFAULT
W/IntentResolver( 3674): resolveIntent: multiple matches, only some with CATEGORY_DEFAULT
W/PackageParser( 4733): No actions in intent filter at /data/app/com.android.gallery3d-2/base.apk Binary XML file line #61
W/PackageParser( 4733): Unknown element under <application>: permission at /data/app/com.android.gallery3d-2/base.apk Binary XML file line #303
W/PackageParser( 4733): Unknown element under <application>: permission at /data/app/com.android.gallery3d-2/base.apk Binary XML file line #306
W/IntentResolver( 3674): resolveIntent: multiple matches, only some with CATEGORY_DEFAULT
W/IntentResolver( 3674): resolveIntent: multiple matches, only some with CATEGORY_DEFAULT
W/IntentResolver( 3674): resolveIntent: multiple matches, only some with CATEGORY_DEFAULT
W/IntentResolver( 3674): resolveIntent: multiple matches, only some with CATEGORY_DEFAULT
W/IntentResolver( 3674): resolveIntent: multiple matches, only some with CATEGORY_DEFAULT
W/IntentResolver( 3674): resolveIntent: multiple matches, only some with CATEGORY_DEFAULT
W/IntentResolver( 3674): resolveIntent: multiple matches, only some with CATEGORY_DEFAULT
W/IntentResolver( 3674): resolveIntent: multiple matches, only some with CATEGORY_DEFAULT
W/IntentResolver( 3674): resolveIntent: multiple matches, only some with CATEGORY_DEFAULT
W/IntentResolver( 3674): resolveIntent: multiple matches, only some with CATEGORY_DEFAULT
W/IntentResolver( 3674): resolveIntent: multiple matches, only some with CATEGORY_DEFAULT
D/JobSchedulerService( 3674): Receieved: android.intent.action.PACKAGE_REMOVED
D/BackupManagerService( 3674): Received broadcast Intent { act=android.intent.action.PACKAGE_REMOVED dat=package:com.android.gallery3d flg=0x4000010 (has extras) }
W/IntentResolver( 3674): resolveIntent: multiple matches, only some with CATEGORY_DEFAULT
W/IntentResolver( 3674): resolveIntent: multiple matches, only some with CATEGORY_DEFAULT
W/IntentResolver( 3674): resolveIntent: multiple matches, only some with CATEGORY_DEFAULT
W/IntentResolver( 3674): resolveIntent: multiple matches, only some with CATEGORY_DEFAULT
W/ContextImpl( 7837): Calling a method in the system process without a qualified user: android.app.ContextImpl.startService:1692 android.content.ContextWrapper.startService:516 android.content.ContextWrapper.startService:516 com.android.keychain.KeyChainBroadcastReceiver.onReceive:12 android.app.ActivityThread.handleReceiver:2609 
W/IntentResolver( 3674): resolveIntent: multiple matches, only some with CATEGORY_DEFAULT
W/IntentResolver( 3674): resolveIntent: multiple matches, only some with CATEGORY_DEFAULT
W/IntentResolver( 3674): resolveIntent: multiple matches, only some with CATEGORY_DEFAULT
D/BackupManagerService( 3674): Received broadcast Intent { act=android.intent.action.PACKAGE_ADDED dat=package:com.android.gallery3d flg=0x4000010 (has extras) }
W/BackupManagerService( 3674): Removing schedule queue dupe of com.android.gallery3d
E/libprocessgroup( 8385): failed to make and chown /acct/uid_10063: Read-only file system
I/ActivityManager( 3674): Start proc 8385:com.android.gallery3d/u0a63 for broadcast com.android.gallery3d/.app.PackagesMonitor
D/DefContainer( 7800): Copying /data/local/tmp/app-debug.apk to base.apk
W/PackageParser( 3674): No actions in intent filter at /data/app/vmdl978468060.tmp/base.apk Binary XML file line #61
W/PackageParser( 3674): Unknown element under <application>: permission at /data/app/vmdl978468060.tmp/base.apk Binary XML file line #303
W/PackageParser( 3674): Unknown element under <application>: permission at /data/app/vmdl978468060.tmp/base.apk Binary XML file line #306
D/PackageManager( 3674): Renaming /data/app/vmdl978468060.tmp to /data/app/com.android.gallery3d-1
I/ActivityManager( 3674): Force stopping com.android.gallery3d appid=10063 user=-1: uninstall pkg
I/ActivityManager( 3674): Killing 8385:com.android.gallery3d/u0a63 (adj 11): stop com.android.gallery3d
W/libprocessgroup( 3674): failed to open /acct/uid_10063/pid_8385/cgroup.procs: No such file or directory
I/PackageManager( 3674): Package com.android.gallery3d codePath changed from /data/app/com.android.gallery3d-2 to /data/app/com.android.gallery3d-1; Retaining data and using new
W/PackageManager( 3674): Code path for pkg : com.android.gallery3d changing from /data/app/com.android.gallery3d-2 to /data/app/com.android.gallery3d-1
W/PackageManager( 3674): Resource path for pkg : com.android.gallery3d changing from /data/app/com.android.gallery3d-2 to /data/app/com.android.gallery3d-1
I/ActivityManager( 3674): Force stopping com.android.gallery3d appid=10063 user=-1: update pkg
I/ActivityManager( 3674): Force stopping com.android.gallery3d appid=10063 user=0: pkg removed
W/IntentResolver( 3674): resolveIntent: multiple matches, only some with CATEGORY_DEFAULT
W/PackageParser( 4733): No actions in intent filter at /data/app/com.android.gallery3d-1/base.apk Binary XML file line #61
W/PackageParser( 4733): Unknown element under <application>: permission at /data/app/com.android.gallery3d-1/base.apk Binary XML file line #303
W/PackageParser( 4733): Unknown element under <application>: permission at /data/app/com.android.gallery3d-1/base.apk Binary XML file line #306
D/JobSchedulerService( 3674): Receieved: android.intent.action.PACKAGE_REMOVED
D/BackupManagerService( 3674): Received broadcast Intent { act=android.intent.action.PACKAGE_REMOVED dat=package:com.android.gallery3d flg=0x4000010 (has extras) }
W/IntentResolver( 3674): resolveIntent: multiple matches, only some with CATEGORY_DEFAULT
W/IntentResolver( 3674): resolveIntent: multiple matches, only some with CATEGORY_DEFAULT
W/IntentResolver( 3674): resolveIntent: multiple matches, only some with CATEGORY_DEFAULT
W/IntentResolver( 3674): resolveIntent: multiple matches, only some with CATEGORY_DEFAULT
W/IntentResolver( 3674): resolveIntent: multiple matches, only some with CATEGORY_DEFAULT
W/IntentResolver( 3674): resolveIntent: multiple matches, only some with CATEGORY_DEFAULT
W/IntentResolver( 3674): resolveIntent: multiple matches, only some with CATEGORY_DEFAULT
W/IntentResolver( 3674): resolveIntent: multiple matches, only some with CATEGORY_DEFAULT
W/IntentResolver( 3674): resolveIntent: multiple matches, only some with CATEGORY_DEFAULT
W/IntentResolver( 3674): resolveIntent: multiple matches, only some with CATEGORY_DEFAULT
W/IntentResolver( 3674): resolveIntent: multiple matches, only some with CATEGORY_DEFAULT
W/ContextImpl( 7837): Calling a method in the system process without a qualified user: android.app.ContextImpl.startService:1692 android.content.ContextWrapper.startService:516 android.content.ContextWrapper.startService:516 com.android.keychain.KeyChainBroadcastReceiver.onReceive:12 android.app.ActivityThread.handleReceiver:2609 
D/BackupManagerService( 3674): Received broadcast Intent { act=android.intent.action.PACKAGE_ADDED dat=package:com.android.gallery3d flg=0x4000010 (has extras) }
W/BackupManagerService( 3674): Removing schedule queue dupe of com.android.gallery3d
W/IntentResolver( 3674): resolveIntent: multiple matches, only some with CATEGORY_DEFAULT
W/IntentResolver( 3674): resolveIntent: multiple matches, only some with CATEGORY_DEFAULT
W/IntentResolver( 3674): resolveIntent: multiple matches, only some with CATEGORY_DEFAULT
W/IntentResolver( 3674): resolveIntent: multiple matches, only some with CATEGORY_DEFAULT
W/IntentResolver( 3674): resolveIntent: multiple matches, only some with CATEGORY_DEFAULT
W/IntentResolver( 3674): resolveIntent: multiple matches, only some with CATEGORY_DEFAULT
W/IntentResolver( 3674): resolveIntent: multiple matches, only some with CATEGORY_DEFAULT
W/IntentResolver( 3674): resolveIntent: multiple matches, only some with CATEGORY_DEFAULT
W/IntentResolver( 3674): resolveIntent: multiple matches, only some with CATEGORY_DEFAULT
W/IntentResolver( 3674): resolveIntent: multiple matches, only some with CATEGORY_DEFAULT
W/IntentResolver( 3674): resolveIntent: multiple matches, only some with CATEGORY_DEFAULT
W/IntentResolver( 3674): resolveIntent: multiple matches, only some with CATEGORY_DEFAULT
E/libprocessgroup( 8458): failed to make and chown /acct/uid_10063: Read-only file system
I/ActivityManager( 3674): Start proc 8458:com.android.gallery3d/u0a63 for broadcast com.android.gallery3d/.app.PackagesMonitor
I/ActivityManager( 3674): START u0 {act=android.intent.action.MAIN cat=[android.intent.category.LAUNCHER] flg=0x10200000 cmp=com.android.gallery3d/.app.GalleryActivity (has extras)} from uid 10013 on display 0
V/WindowManager( 3674): addAppToken: AppWindowToken{3298c881 token=Token{6062c68 ActivityRecord{ed2a38b u0 com.android.gallery3d/.app.GalleryActivity t102}}} to stack=1 task=102 at 0
V/WindowManager( 3674): Adding window Window{860df62 u0 Starting com.android.gallery3d} at 2 of 8 (after Window{1f30e838 u0 com.google.android.googlequicksearchbox/com.google.android.launcher.GEL})
V/WindowManager( 3674): Adding window Window{34d73c3f u0 com.android.gallery3d/com.android.gallery3d.app.GalleryActivity} at 2 of 9 (before Window{860df62 u0 Starting com.android.gallery3d})
V/WindowManager( 3674): Adding window Window{161ed1 u0 SurfaceView} at 2 of 10 (before Window{34d73c3f u0 com.android.gallery3d/com.android.gallery3d.app.GalleryActivity})
D/TaskPersister( 3674): removeObsoleteFile: deleting file=101_task.xml
W/ActivityManager( 3674): Unable to start service Intent { act=APP_CHANGE_ACTION flg=0x4 cmp=com.wandoujia.phoenix2/com.wandoujia.base.services.AlarmService (has extras) } U=0: not found
V/WindowManager( 3674): Adding window Window{2c0b5e41 u0 PopupWindow:115c3617} at 4 of 10 (after Window{34d73c3f u0 com.android.gallery3d/com.android.gallery3d.app.GalleryActivity})
I/ActivityManager( 3674): START u0 {dat=/storage/sdcard/image/timg4.jpg cmp=com.android.gallery3d/.faceditor.FaceListActivity} from uid 10063 on display 0
V/WindowManager( 3674): addAppToken: AppWindowToken{911e0c3 token=Token{30c35472 ActivityRecord{a6e9d7d u0 com.android.gallery3d/.faceditor.FaceListActivity t102}}} to stack=1 task=102 at 1
V/WindowManager( 3674): Adding window Window{30ee45be u0 com.android.gallery3d/com.android.gallery3d.faceditor.FaceListActivity} at 5 of 11 (after Window{2c0b5e41 u0 PopupWindow:115c3617 EXITING})
V/WindowManager( 3674): not Base app: Adding window Window{2e4759b1 u0 Face Editor} at 5 of 11
V/WindowManager( 3674): not Base app: Adding window Window{3eebf707 u0 Face Editor} at 5 of 11
V/WindowManager( 3674): not Base app: Adding window Window{1b36f582 u0 com.android.gallery3d/com.android.gallery3d.faceditor.FaceListActivity} at 5 of 11
E/AndroidRuntime( 8458): FATAL EXCEPTION: AsyncTask #1
E/AndroidRuntime( 8458): Process: com.android.gallery3d, PID: 8458
E/AndroidRuntime( 8458): java.lang.RuntimeException: An error occured while executing doInBackground()
E/AndroidRuntime( 8458): 	at android.os.AsyncTask$3.done(AsyncTask.java:304)
E/AndroidRuntime( 8458): 	at java.util.concurrent.FutureTask.finishCompletion(FutureTask.java:355)
E/AndroidRuntime( 8458): 	at java.util.concurrent.FutureTask.setException(FutureTask.java:222)
E/AndroidRuntime( 8458): 	at java.util.concurrent.FutureTask.run(FutureTask.java:242)
E/AndroidRuntime( 8458): 	at android.os.AsyncTask$SerialExecutor$1.run(AsyncTask.java:231)
E/AndroidRuntime( 8458): 	at java.util.concurrent.ThreadPoolExecutor.runWorker(ThreadPoolExecutor.java:1112)
E/AndroidRuntime( 8458): 	at java.util.concurrent.ThreadPoolExecutor$Worker.run(ThreadPoolExecutor.java:587)
E/AndroidRuntime( 8458): 	at java.lang.Thread.run(Thread.java:818)
E/AndroidRuntime( 8458): Caused by: java.lang.ClassCastException: java.lang.Object[] cannot be cast to java.lang.String[]
E/AndroidRuntime( 8458): 	at com.android.gallery3d.faceditor.FaceListActivity.getTrainList(FaceListActivity.java:98)
E/AndroidRuntime( 8458): 	at com.android.gallery3d.faceditor.FaceListActivity$ClassficationTask.doInBackground(FaceListActivity.java:163)
E/AndroidRuntime( 8458): 	at com.android.gallery3d.faceditor.FaceListActivity$ClassficationTask.doInBackground(FaceListActivity.java:142)
E/AndroidRuntime( 8458): 	at android.os.AsyncTask$2.call(AsyncTask.java:292)
E/AndroidRuntime( 8458): 	at java.util.concurrent.FutureTask.run(FutureTask.java:237)
E/AndroidRuntime( 8458): 	... 4 more
W/ActivityManager( 3674):   Force finishing activity 1 com.android.gallery3d/.faceditor.FaceListActivity
W/WindowManager( 3674): Failed looking up window
W/WindowManager( 3674): java.lang.IllegalArgumentException: Requested window android.os.BinderProxy@3376d8cd does not exist
W/WindowManager( 3674): 	at com.android.server.wm.WindowManagerService.windowForClientLocked(WindowManagerService.java:8540)
W/WindowManager( 3674): 	at com.android.server.wm.WindowManagerService.windowForClientLocked(WindowManagerService.java:8531)
W/WindowManager( 3674): 	at com.android.server.wm.WindowManagerService.removeWindow(WindowManagerService.java:2593)
W/WindowManager( 3674): 	at com.android.server.wm.Session.remove(Session.java:187)
W/WindowManager( 3674): 	at android.view.IWindowSession$Stub.onTransact(IWindowSession.java:233)
W/WindowManager( 3674): 	at com.android.server.wm.Session.onTransact(Session.java:130)
W/WindowManager( 3674): 	at android.os.Binder.execTransact(Binder.java:446)
W/BatteryStatsImpl( 3674): Couldn't get kernel wake lock stats
W/libprocessgroup( 3674): failed to open /acct/uid_10063/pid_8458/cgroup.procs: No such file or directory
I/ActivityManager( 3674): Process com.android.gallery3d (pid 8458) has died
I/WindowState( 3674): WIN DEATH: Window{34d73c3f u0 com.android.gallery3d/com.android.gallery3d.app.GalleryActivity}
W/WindowManager( 3674): Force-removing child win Window{161ed1 u0 SurfaceView} from container Window{34d73c3f u0 com.android.gallery3d/com.android.gallery3d.app.GalleryActivity}
W/ActivityManager( 3674): Force removing ActivityRecord{ed2a38b u0 com.android.gallery3d/.app.GalleryActivity t102}: app died, no saved state
W/WindowManager( 3674): Failed looking up window
W/WindowManager( 3674): java.lang.IllegalArgumentException: Requested window android.os.BinderProxy@2684a9f8 does not exist
W/WindowManager( 3674): 	at com.android.server.wm.WindowManagerService.windowForClientLocked(WindowManagerService.java:8540)
W/WindowManager( 3674): 	at com.android.server.wm.WindowManagerService.windowForClientLocked(WindowManagerService.java:8531)
W/WindowManager( 3674): 	at com.android.server.wm.WindowState$DeathRecipient.binderDied(WindowState.java:1142)
W/WindowManager( 3674): 	at android.os.BinderProxy.sendDeathNotice(Binder.java:551)
I/WindowState( 3674): WIN DEATH: null
W/InputMethodManagerService( 3674): Got RemoteException sending setActive(false) notification to pid 8458 uid 10063
D/ConnectivityService( 3674): setProvNotificationVisibleIntent: E visible=false networkType=0 extraInfo=null
D/DefContainer( 7800): Copying /data/local/tmp/app-debug.apk to base.apk
W/PackageParser( 3674): No actions in intent filter at /data/app/vmdl1230277074.tmp/base.apk Binary XML file line #61
W/PackageParser( 3674): Unknown element under <application>: permission at /data/app/vmdl1230277074.tmp/base.apk Binary XML file line #303
W/PackageParser( 3674): Unknown element under <application>: permission at /data/app/vmdl1230277074.tmp/base.apk Binary XML file line #306
D/PackageManager( 3674): Renaming /data/app/vmdl1230277074.tmp to /data/app/com.android.gallery3d-2
I/ActivityManager( 3674): Force stopping com.android.gallery3d appid=10063 user=-1: uninstall pkg
I/PackageManager( 3674): Package com.android.gallery3d codePath changed from /data/app/com.android.gallery3d-1 to /data/app/com.android.gallery3d-2; Retaining data and using new
I/ActivityManager( 3674): Force stopping com.android.gallery3d appid=10063 user=-1: update pkg
W/PackageManager( 3674): Code path for pkg : com.android.gallery3d changing from /data/app/com.android.gallery3d-1 to /data/app/com.android.gallery3d-2
W/PackageManager( 3674): Resource path for pkg : com.android.gallery3d changing from /data/app/com.android.gallery3d-1 to /data/app/com.android.gallery3d-2
I/ActivityManager( 3674): Force stopping com.android.gallery3d appid=10063 user=0: pkg removed
W/IntentResolver( 3674): resolveIntent: multiple matches, only some with CATEGORY_DEFAULT
W/IntentResolver( 3674): resolveIntent: multiple matches, only some with CATEGORY_DEFAULT
W/IntentResolver( 3674): resolveIntent: multiple matches, only some with CATEGORY_DEFAULT
W/IntentResolver( 3674): resolveIntent: multiple matches, only some with CATEGORY_DEFAULT
W/IntentResolver( 3674): resolveIntent: multiple matches, only some with CATEGORY_DEFAULT
W/IntentResolver( 3674): resolveIntent: multiple matches, only some with CATEGORY_DEFAULT
W/IntentResolver( 3674): resolveIntent: multiple matches, only some with CATEGORY_DEFAULT
W/IntentResolver( 3674): resolveIntent: multiple matches, only some with CATEGORY_DEFAULT
W/IntentResolver( 3674): resolveIntent: multiple matches, only some with CATEGORY_DEFAULT
W/IntentResolver( 3674): resolveIntent: multiple matches, only some with CATEGORY_DEFAULT
W/IntentResolver( 3674): resolveIntent: multiple matches, only some with CATEGORY_DEFAULT
W/IntentResolver( 3674): resolveIntent: multiple matches, only some with CATEGORY_DEFAULT
W/IntentResolver( 3674): resolveIntent: multiple matches, only some with CATEGORY_DEFAULT
W/IntentResolver( 3674): resolveIntent: multiple matches, only some with CATEGORY_DEFAULT
W/IntentResolver( 3674): resolveIntent: multiple matches, only some with CATEGORY_DEFAULT
W/IntentResolver( 3674): resolveIntent: multiple matches, only some with CATEGORY_DEFAULT
W/IntentResolver( 3674): resolveIntent: multiple matches, only some with CATEGORY_DEFAULT
W/IntentResolver( 3674): resolveIntent: multiple matches, only some with CATEGORY_DEFAULT
W/IntentResolver( 3674): resolveIntent: multiple matches, only some with CATEGORY_DEFAULT
W/IntentResolver( 3674): resolveIntent: multiple matches, only some with CATEGORY_DEFAULT
W/PackageParser( 4733): No actions in intent filter at /data/app/com.android.gallery3d-2/base.apk Binary XML file line #61
W/PackageParser( 4733): Unknown element under <application>: permission at /data/app/com.android.gallery3d-2/base.apk Binary XML file line #303
W/PackageParser( 4733): Unknown element under <application>: permission at /data/app/com.android.gallery3d-2/base.apk Binary XML file line #306
W/IntentResolver( 3674): resolveIntent: multiple matches, only some with CATEGORY_DEFAULT
W/IntentResolver( 3674): resolveIntent: multiple matches, only some with CATEGORY_DEFAULT
W/IntentResolver( 3674): resolveIntent: multiple matches, only some with CATEGORY_DEFAULT
W/IntentResolver( 3674): resolveIntent: multiple matches, only some with CATEGORY_DEFAULT
D/JobSchedulerService( 3674): Receieved: android.intent.action.PACKAGE_REMOVED
D/BackupManagerService( 3674): Received broadcast Intent { act=android.intent.action.PACKAGE_REMOVED dat=package:com.android.gallery3d flg=0x4000010 (has extras) }
W/ContextImpl( 7837): Calling a method in the system process without a qualified user: android.app.ContextImpl.startService:1692 android.content.ContextWrapper.startService:516 android.content.ContextWrapper.startService:516 com.android.keychain.KeyChainBroadcastReceiver.onReceive:12 android.app.ActivityThread.handleReceiver:2609 
D/BackupManagerService( 3674): Received broadcast Intent { act=android.intent.action.PACKAGE_ADDED dat=package:com.android.gallery3d flg=0x4000010 (has extras) }
W/BackupManagerService( 3674): Removing schedule queue dupe of com.android.gallery3d
E/libprocessgroup( 8634): failed to make and chown /acct/uid_10063: Read-only file system
I/ActivityManager( 3674): Start proc 8634:com.android.gallery3d/u0a63 for broadcast com.android.gallery3d/.app.PackagesMonitor
--------- beginning of main
I/Icing   ( 4272): Usage reports 0 indexed 0 rejected 0 imm upload false
I/Icing   ( 4272): Indexing 3AC3DC94B06A43A82576752CEF704AA481380717 from com.google.android.gms
I/Icing   ( 4272): Indexing done 3AC3DC94B06A43A82576752CEF704AA481380717
I/Icing   ( 4272): Indexing A5EB39B7B9466DF5D30054A375306521E20F55DE from com.google.android.googlequicksearchbox
I/Icing   ( 4272): Indexing done A5EB39B7B9466DF5D30054A375306521E20F55DE
I/Icing   ( 4272): Indexing 3AC3DC94B06A43A82576752CEF704AA481380717 from com.google.android.gms
I/Icing   ( 4272): Indexing done 3AC3DC94B06A43A82576752CEF704AA481380717
I/ActivityManager( 3674): START u0 {act=android.intent.action.MAIN cat=[android.intent.category.LAUNCHER] flg=0x10200000 cmp=com.android.gallery3d/.app.GalleryActivity (has extras)} from uid 10013 on display 0
W/AudioTrack( 3674): AUDIO_OUTPUT_FLAG_FAST denied by client
V/WindowManager( 3674): addAppToken: AppWindowToken{310dd3e3 token=Token{3178a012 ActivityRecord{2501539d u0 com.android.gallery3d/.app.GalleryActivity t103}}} to stack=1 task=103 at 0
V/WindowManager( 3674): Adding window Window{3eed703c u0 Starting com.android.gallery3d} at 2 of 8 (after Window{1f30e838 u0 com.google.android.googlequicksearchbox/com.google.android.launcher.GEL})
I/InputDispatcher( 3674): Dropping event because there is no touchable window at (425, 1206).
W/Icing   ( 3902): isOptedInForAppHistory: empty Account Name encountered
